Archive member included to satisfy reference by file (symbol)

/home/user/qorc-sdk/qf_apps/qf_ssi_ai_app/knowledgepack/sensiml/libsensiml.a(kb.o)
                              /home/user/qorc-sdk/qf_apps/qf_ssi_ai_app/GCC_Project/output/main.o (kb_model_init)
/home/user/qorc-sdk/qf_apps/qf_ssi_ai_app/knowledgepack/sensiml/libsensiml.a(tree_ensemble.o)
                              /home/user/qorc-sdk/qf_apps/qf_ssi_ai_app/knowledgepack/sensiml/libsensiml.a(kb.o) (tree_ensemble_init)
/home/user/qorc-sdk/qf_apps/qf_ssi_ai_app/knowledgepack/sensiml/libsensiml.a(tree_ensemble_trained_models.o)
                              /home/user/qorc-sdk/qf_apps/qf_ssi_ai_app/knowledgepack/sensiml/libsensiml.a(kb.o) (tree_ensemble_classifier_rows)
/home/user/qorc-sdk/qf_apps/qf_ssi_ai_app/knowledgepack/sensiml/libsensiml.a(sorted_copy.o)
                              /home/user/qorc-sdk/qf_apps/qf_ssi_ai_app/knowledgepack/sensiml/libsensiml.a(kb.o) (sorted_copy)
/home/user/qorc-sdk/qf_apps/qf_ssi_ai_app/knowledgepack/sensiml/libsensiml.a(kb_pipeline.o)
                              /home/user/qorc-sdk/qf_apps/qf_ssi_ai_app/knowledgepack/sensiml/libsensiml.a(kb.o) (KB_data_streaming_slide_rank_0)
/home/user/qorc-sdk/qf_apps/qf_ssi_ai_app/knowledgepack/sensiml/libsensiml.a(sg_windowing.o)
                              /home/user/qorc-sdk/qf_apps/qf_ssi_ai_app/knowledgepack/sensiml/libsensiml.a(kb_pipeline.o) (tr_windowing)
/home/user/qorc-sdk/qf_apps/qf_ssi_ai_app/knowledgepack/sensiml/libsensiml.a(save_sensor_data.o)
                              /home/user/qorc-sdk/qf_apps/qf_ssi_ai_app/knowledgepack/sensiml/libsensiml.a(kb_pipeline.o) (saveSensorData)
/home/user/qorc-sdk/qf_apps/qf_ssi_ai_app/knowledgepack/sensiml/libsensiml.a(sortarray.o)
                              /home/user/qorc-sdk/qf_apps/qf_ssi_ai_app/knowledgepack/sensiml/libsensiml.a(sorted_copy.o) (sortarray)
/home/user/qorc-sdk/qf_apps/qf_ssi_ai_app/knowledgepack/sensiml/libsensiml.a(rb.o)
                              /home/user/qorc-sdk/qf_apps/qf_ssi_ai_app/knowledgepack/sensiml/libsensiml.a(kb.o) (next_pow_2)
/home/user/qorc-sdk/qf_apps/qf_ssi_ai_app/knowledgepack/sensiml/libsensiml.a(fg_roc_mean_crossing_rate.o)
                              /home/user/qorc-sdk/qf_apps/qf_ssi_ai_app/knowledgepack/sensiml/libsensiml.a(kb_pipeline.o) (mean_crossing_rate)
/home/user/qorc-sdk/qf_apps/qf_ssi_ai_app/knowledgepack/sensiml/libsensiml.a(fg_amplitude_global_p2p_low_frequency.o)
                              /home/user/qorc-sdk/qf_apps/qf_ssi_ai_app/knowledgepack/sensiml/libsensiml.a(kb_pipeline.o) (global_p2p_low_frequency)
/home/user/qorc-sdk/qf_apps/qf_ssi_ai_app/knowledgepack/sensiml/libsensiml.a(fg_stats_minimum.o)
                              /home/user/qorc-sdk/qf_apps/qf_ssi_ai_app/knowledgepack/sensiml/libsensiml.a(kb_pipeline.o) (stats_minimum)
/home/user/qorc-sdk/qf_apps/qf_ssi_ai_app/knowledgepack/sensiml/libsensiml.a(fg_stats_stdev.o)
                              /home/user/qorc-sdk/qf_apps/qf_ssi_ai_app/knowledgepack/sensiml/libsensiml.a(kb_pipeline.o) (stats_stdev)
/home/user/qorc-sdk/qf_apps/qf_ssi_ai_app/knowledgepack/sensiml/libsensiml.a(fg_amplitude_peak_to_peak.o)
                              /home/user/qorc-sdk/qf_apps/qf_ssi_ai_app/knowledgepack/sensiml/libsensiml.a(kb_pipeline.o) (peak_to_peak)
/home/user/qorc-sdk/qf_apps/qf_ssi_ai_app/knowledgepack/sensiml/libsensiml.a(fg_stats_maximum.o)
                              /home/user/qorc-sdk/qf_apps/qf_ssi_ai_app/knowledgepack/sensiml/libsensiml.a(kb_pipeline.o) (stats_maximum)
/home/user/qorc-sdk/qf_apps/qf_ssi_ai_app/knowledgepack/sensiml/libsensiml.a(fg_amplitude_max_p2p_half_high_frequency.o)
                              /home/user/qorc-sdk/qf_apps/qf_ssi_ai_app/knowledgepack/sensiml/libsensiml.a(kb_pipeline.o) (max_p2p_half_high_frequency)
/home/user/qorc-sdk/qf_apps/qf_ssi_ai_app/knowledgepack/sensiml/libsensiml.a(fg_stats_pct100.o)
                              /home/user/qorc-sdk/qf_apps/qf_ssi_ai_app/knowledgepack/sensiml/libsensiml.a(kb_pipeline.o) (stats_pct100)
/home/user/qorc-sdk/qf_apps/qf_ssi_ai_app/knowledgepack/sensiml/libsensiml.a(utils_tr_sensor.o)
                              /home/user/qorc-sdk/qf_apps/qf_ssi_ai_app/knowledgepack/sensiml/libsensiml.a(kb_pipeline.o) (tr_sensor_sensors)
/home/user/qorc-sdk/qf_apps/qf_ssi_ai_app/knowledgepack/sensiml/libsensiml.a(fg_stats_sum.o)
                              /home/user/qorc-sdk/qf_apps/qf_ssi_ai_app/knowledgepack/sensiml/libsensiml.a(kb_pipeline.o) (stats_sum)
/home/user/qorc-sdk/qf_apps/qf_ssi_ai_app/knowledgepack/sensiml/libsensiml.a(ma_symmetric.o)
                              /home/user/qorc-sdk/qf_apps/qf_ssi_ai_app/knowledgepack/sensiml/libsensiml.a(fg_amplitude_global_p2p_low_frequency.o) (MA_Symmetric)
/home/user/qorc-sdk/qf_apps/qf_ssi_ai_app/knowledgepack/sensiml/libsensiml.a(fg_stats_mean.o)
[...]
Memory Configuration

Name             Origin             Length             Attributes
rom              0x0000000000000000 0x000000000002c000 xr
ram              0x000000002002c000 0x000000000003c800 xrw
spiram           0x0000000020063800 0x0000000000000800 rw
HWA              0x0000000020064000 0x0000000000018000 rw
shm              0x000000002007c000 0x0000000000004000
*default*        0x0000000000000000 0xffffffffffffffff

Linker script and memory map

LOAD /usr/share/gcc-arm-none-eabi-9-2020-q2-update/bin/../lib/gcc/arm-none-eabi/9.3.1/thumb/v7e-m+fp/hard/crti.o
LOAD /usr/share/gcc-arm-none-eabi-9-2020-q2-update/bin/../lib/gcc/arm-none-eabi/9.3.1/thumb/v7e-m+fp/hard/crtbegin.o
LOAD /usr/share/gcc-arm-none-eabi-9-2020-q2-update/bin/../lib/gcc/arm-none-eabi/9.3.1/../../../../arm-none-eabi/lib/thumb/v7e-m+fp/hard/crt0.o
LOAD /home/user/qorc-sdk/qf_apps/qf_ssi_ai_app/GCC_Project/output/MQTTSNConnectClient.o
LOAD /home/user/qorc-sdk/qf_apps/qf_ssi_ai_app/GCC_Project/output/MQTTSNConnectServer.o
LOAD /home/user/qorc-sdk/qf_apps/qf_ssi_ai_app/GCC_Project/output/MQTTSNDeserializePublish.o
LOAD /home/user/qorc-sdk/qf_apps/qf_ssi_ai_app/GCC_Project/output/MQTTSNPacket.o
LOAD /home/user/qorc-sdk/qf_apps/qf_ssi_ai_app/GCC_Project/output/MQTTSNSearchClient.o
LOAD /home/user/qorc-sdk/qf_apps/qf_ssi_ai_app/GCC_Project/output/MQTTSNSerializePublish.o
LOAD /home/user/qorc-sdk/qf_apps/qf_ssi_ai_app/GCC_Project/output/MQTTSNSubscribeClient.o
LOAD /home/user/qorc-sdk/qf_apps/qf_ssi_ai_app/GCC_Project/output/MQTTSNUnsubscribeClient.o
LOAD /home/user/qorc-sdk/qf_apps/qf_ssi_ai_app/GCC_Project/output/MajorTopicDispatch.o
LOAD /home/user/qorc-sdk/qf_apps/qf_ssi_ai_app/GCC_Project/output/MinorTopicDispatch_Collect.o
LOAD /home/user/qorc-sdk/qf_apps/qf_ssi_ai_app/GCC_Project/output/MinorTopicDispatch_Live.o
LOAD /home/user/qorc-sdk/qf_apps/qf_ssi_ai_app/GCC_Project/output/MinorTopicDispatch_Recog.o
LOAD /home/user/qorc-sdk/qf_apps/qf_ssi_ai_app/GCC_Project/output/MinorTopicDispatch_Sensor.o
LOAD /home/user/qorc-sdk/qf_apps/qf_ssi_ai_app/GCC_Project/output/MinorTopicDispatch_Storage.o
LOAD /home/user/qorc-sdk/qf_apps/qf_ssi_ai_app/GCC_Project/output/MinorTopicDispatch_System.o
LOAD /home/user/qorc-sdk/qf_apps/qf_ssi_ai_app/GCC_Project/output/Mqttsn_App.o
LOAD /home/user/qorc-sdk/qf_apps/qf_ssi_ai_app/GCC_Project/output/Mqttsn_CliCmds.o
LOAD /home/user/qorc-sdk/qf_apps/qf_ssi_ai_app/GCC_Project/output/Mqttsn_MsgHandler.o
LOAD /home/user/qorc-sdk/qf_apps/qf_ssi_ai_app/GCC_Project/output/Mqttsn_Topics.o
LOAD /home/user/qorc-sdk/qf_apps/qf_ssi_ai_app/GCC_Project/output/Wire.o
LOAD /home/user/qorc-sdk/qf_apps/qf_ssi_ai_app/GCC_Project/output/c_lib_retarget.o
LOAD /home/user/qorc-sdk/qf_apps/qf_ssi_ai_app/GCC_Project/output/circularBuffQueue.o
LOAD /home/user/qorc-sdk/qf_apps/qf_ssi_ai_app/GCC_Project/output/cli_args.o
LOAD /home/user/qorc-sdk/qf_apps/qf_ssi_ai_app/GCC_Project/output/cli_hexdump.o
LOAD /home/user/qorc-sdk/qf_apps/qf_ssi_ai_app/GCC_Project/output/cli_io.o
LOAD /home/user/qorc-sdk/qf_apps/qf_ssi_ai_app/GCC_Project/output/cli_loop.o
LOAD /home/user/qorc-sdk/qf_apps/qf_ssi_ai_app/GCC_Project/output/cli_misc.o
LOAD /home/user/qorc-sdk/qf_apps/qf_ssi_ai_app/GCC_Project/output/cli_platform.o
LOAD /home/user/qorc-sdk/qf_apps/qf_ssi_ai_app/GCC_Project/output/cli_stdcmds.o
LOAD /home/user/qorc-sdk/qf_apps/qf_ssi_ai_app/GCC_Project/output/crc16.o
LOAD /home/user/qorc-sdk/qf_apps/qf_ssi_ai_app/GCC_Project/output/crc32.o
LOAD /home/user/qorc-sdk/qf_apps/qf_ssi_ai_app/GCC_Project/output/croutine.o
LOAD /home/user/qorc-sdk/qf_apps/qf_ssi_ai_app/GCC_Project/output/datablk_mgr.o
LOAD /home/user/qorc-sdk/qf_apps/qf_ssi_ai_app/GCC_Project/output/datablk_processor.o
LOAD /home/user/qorc-sdk/qf_apps/qf_ssi_ai_app/GCC_Project/output/datasave.o
LOAD /home/user/qorc-sdk/qf_apps/qf_ssi_ai_app/GCC_Project/output/dbg_bufferedprinttask.o
LOAD /home/user/qorc-sdk/qf_apps/qf_ssi_ai_app/GCC_Project/output/dbg_queue_monitor.o
LOAD /home/user/qorc-sdk/qf_apps/qf_ssi_ai_app/GCC_Project/output/dbg_uart.o
LOAD /home/user/qorc-sdk/qf_apps/qf_ssi_ai_app/GCC_Project/output/dbgtrace.o
LOAD /home/user/qorc-sdk/qf_apps/qf_ssi_ai_app/GCC_Project/output/eoss3_hal_adc.o
LOAD /home/user/qorc-sdk/qf_apps/qf_ssi_ai_app/GCC_Project/output/eoss3_hal_audio.o
LOAD /home/user/qorc-sdk/qf_apps/qf_ssi_ai_app/GCC_Project/output/eoss3_hal_fpga_usbserial.o
LOAD /home/user/qorc-sdk/qf_apps/qf_ssi_ai_app/GCC_Project/output/eoss3_hal_gpio.o
LOAD /home/user/qorc-sdk/qf_apps/qf_ssi_ai_app/GCC_Project/output/eoss3_hal_i2c.o
LOAD /home/user/qorc-sdk/qf_apps/qf_ssi_ai_app/GCC_Project/output/eoss3_hal_i2s.o
LOAD /home/user/qorc-sdk/qf_apps/qf_ssi_ai_app/GCC_Project/output/eoss3_hal_i2s_slave_assp.o
LOAD /home/user/qorc-sdk/qf_apps/qf_ssi_ai_app/GCC_Project/output/eoss3_hal_pad_config.o
LOAD /home/user/qorc-sdk/qf_apps/qf_ssi_ai_app/GCC_Project/output/eoss3_hal_pkfb.o
LOAD /home/user/qorc-sdk/qf_apps/qf_ssi_ai_app/GCC_Project/output/eoss3_hal_rtc.o
LOAD /home/user/qorc-sdk/qf_apps/qf_ssi_ai_app/GCC_Project/output/eoss3_hal_sdma.o
LOAD /home/user/qorc-sdk/qf_apps/qf_ssi_ai_app/GCC_Project/output/eoss3_hal_spi.o
LOAD /home/user/qorc-sdk/qf_apps/qf_ssi_ai_app/GCC_Project/output/eoss3_hal_timer.o
LOAD /home/user/qorc-sdk/qf_apps/qf_ssi_ai_app/GCC_Project/output/eoss3_hal_uart.o
LOAD /home/user/qorc-sdk/qf_apps/qf_ssi_ai_app/GCC_Project/output/eoss3_hal_wb.o
LOAD /home/user/qorc-sdk/qf_apps/qf_ssi_ai_app/GCC_Project/output/eoss3_hal_wdt.o
LOAD /home/user/qorc-sdk/qf_apps/qf_ssi_ai_app/GCC_Project/output/event_groups.o
LOAD /home/user/qorc-sdk/qf_apps/qf_ssi_ai_app/GCC_Project/output/exceptions.o
LOAD /home/user/qorc-sdk/qf_apps/qf_ssi_ai_app/GCC_Project/output/ff.o
LOAD /home/user/qorc-sdk/qf_apps/qf_ssi_ai_app/GCC_Project/output/ffunicode.o
LOAD /home/user/qorc-sdk/qf_apps/qf_ssi_ai_app/GCC_Project/output/fpga_loader.o
LOAD /home/user/qorc-sdk/qf_apps/qf_ssi_ai_app/GCC_Project/output/freertos_static_memory.o
LOAD /home/user/qorc-sdk/qf_apps/qf_ssi_ai_app/GCC_Project/output/heap_4.o
LOAD /home/user/qorc-sdk/qf_apps/qf_ssi_ai_app/GCC_Project/output/hearable_pwrcfg.o
LOAD /home/user/qorc-sdk/qf_apps/qf_ssi_ai_app/GCC_Project/output/leds.o
LOAD /home/user/qorc-sdk/qf_apps/qf_ssi_ai_app/GCC_Project/output/list.o
LOAD /home/user/qorc-sdk/qf_apps/qf_ssi_ai_app/GCC_Project/output/main.o
LOAD /home/user/qorc-sdk/qf_apps/qf_ssi_ai_app/GCC_Project/output/main_dbg_cli_menu.o
LOAD /home/user/qorc-sdk/qf_apps/qf_ssi_ai_app/GCC_Project/output/mc3635.o
LOAD /home/user/qorc-sdk/qf_apps/qf_ssi_ai_app/GCC_Project/output/mc3635_wire.o
LOAD /home/user/qorc-sdk/qf_apps/qf_ssi_ai_app/GCC_Project/output/micro_tick64.o
LOAD /home/user/qorc-sdk/qf_apps/qf_ssi_ai_app/GCC_Project/output/mmc_s3.o
LOAD /home/user/qorc-sdk/qf_apps/qf_ssi_ai_app/GCC_Project/output/pincfg_table.o
LOAD /home/user/qorc-sdk/qf_apps/qf_ssi_ai_app/GCC_Project/output/port.o
LOAD /home/user/qorc-sdk/qf_apps/qf_ssi_ai_app/GCC_Project/output/qf_baremetalsetup.o
LOAD /home/user/qorc-sdk/qf_apps/qf_ssi_ai_app/GCC_Project/output/qf_hardwaresetup.o
LOAD /home/user/qorc-sdk/qf_apps/qf_ssi_ai_app/GCC_Project/output/ql_base64.o
LOAD /home/user/qorc-sdk/qf_apps/qf_ssi_ai_app/GCC_Project/output/ql_stackwatermark.o
LOAD /home/user/qorc-sdk/qf_apps/qf_ssi_ai_app/GCC_Project/output/ql_test_signals.o
LOAD /home/user/qorc-sdk/qf_apps/qf_ssi_ai_app/GCC_Project/output/ql_time.o
LOAD /home/user/qorc-sdk/qf_apps/qf_ssi_ai_app/GCC_Project/output/queue.o
LOAD /home/user/qorc-sdk/qf_apps/qf_ssi_ai_app/GCC_Project/output/riff_block_pool.o
LOAD /home/user/qorc-sdk/qf_apps/qf_ssi_ai_app/GCC_Project/output/riff_file.o
LOAD /home/user/qorc-sdk/qf_apps/qf_ssi_ai_app/GCC_Project/output/riff_file_fatfs.o
LOAD /home/user/qorc-sdk/qf_apps/qf_ssi_ai_app/GCC_Project/output/riff_file_freertos_fat.o
LOAD /home/user/qorc-sdk/qf_apps/qf_ssi_ai_app/GCC_Project/output/riff_misc.o
LOAD /home/user/qorc-sdk/qf_apps/qf_ssi_ai_app/GCC_Project/output/riff_writer.o
LOAD /home/user/qorc-sdk/qf_apps/qf_ssi_ai_app/GCC_Project/output/s3x_clock.o
LOAD /home/user/qorc-sdk/qf_apps/qf_ssi_ai_app/GCC_Project/output/s3x_clock_hal.o
LOAD /home/user/qorc-sdk/qf_apps/qf_ssi_ai_app/GCC_Project/output/s3x_cpuload.o
LOAD /home/user/qorc-sdk/qf_apps/qf_ssi_ai_app/GCC_Project/output/s3x_dfs.o
LOAD /home/user/qorc-sdk/qf_apps/qf_ssi_ai_app/GCC_Project/output/s3x_lpm.o
LOAD /home/user/qorc-sdk/qf_apps/qf_ssi_ai_app/GCC_Project/output/s3x_pi.o
LOAD /home/user/qorc-sdk/qf_apps/qf_ssi_ai_app/GCC_Project/output/s3x_pwrcfg.o
LOAD /home/user/qorc-sdk/qf_apps/qf_ssi_ai_app/GCC_Project/output/s3x_qos.o
LOAD /home/user/qorc-sdk/qf_apps/qf_ssi_ai_app/GCC_Project/output/sec_debug.o
LOAD /home/user/qorc-sdk/qf_apps/qf_ssi_ai_app/GCC_Project/output/sensor_audio_acquisition.o
LOAD /home/user/qorc-sdk/qf_apps/qf_ssi_ai_app/GCC_Project/output/sensor_audio_acquisition_test.o
LOAD /home/user/qorc-sdk/qf_apps/qf_ssi_ai_app/GCC_Project/output/sensor_audio_config.o
LOAD /home/user/qorc-sdk/qf_apps/qf_ssi_ai_app/GCC_Project/output/sensor_audio_process.o
LOAD /home/user/qorc-sdk/qf_apps/qf_ssi_ai_app/GCC_Project/output/sensor_ssss.o
LOAD /home/user/qorc-sdk/qf_apps/qf_ssi_ai_app/GCC_Project/output/sml_output.o
LOAD /home/user/qorc-sdk/qf_apps/qf_ssi_ai_app/GCC_Project/output/sml_recognition_run.o
LOAD /home/user/qorc-sdk/qf_apps/qf_ssi_ai_app/GCC_Project/output/spi_flash.o
LOAD /home/user/qorc-sdk/qf_apps/qf_ssi_ai_app/GCC_Project/output/ssi_comms.o
LOAD /home/user/qorc-sdk/qf_apps/qf_ssi_ai_app/GCC_Project/output/startup_EOSS3B_GCC.o
LOAD /home/user/qorc-sdk/qf_apps/qf_ssi_ai_app/GCC_Project/output/stream_buffer.o
LOAD /home/user/qorc-sdk/qf_apps/qf_ssi_ai_app/GCC_Project/output/tasks.o
LOAD /home/user/qorc-sdk/qf_apps/qf_ssi_ai_app/GCC_Project/output/timers.o
LOAD /home/user/qorc-sdk/qf_apps/qf_ssi_ai_app/GCC_Project/output/usb2serial.o
LOAD /home/user/qorc-sdk/qf_apps/qf_ssi_ai_app/GCC_Project/output/vectors_CM4F_gcc.o
LOAD /home/user/qorc-sdk/qf_apps/qf_ssi_ai_app/GCC_Project/output/watchdog.o
LOAD /home/user/qorc-sdk/qf_apps/qf_ssi_ai_app/knowledgepack/sensiml/libsensiml.a
LOAD /home/user/qorc-sdk/qf_apps/qf_ssi_ai_app/GCC_Project/../../../Libraries/CMSIS/lib/GCC/libarm_cortexM4lf_math.a
LOAD /usr/share/gcc-arm-none-eabi-9-2020-q2-update/bin/../lib/gcc/arm-none-eabi/9.3.1/../../../../arm-none-eabi/lib/thumb/v7e-m+fp/hard/libstdc++_nano.a
LOAD /usr/share/gcc-arm-none-eabi-9-2020-q2-update/bin/../lib/gcc/arm-none-eabi/9.3.1/../../../../arm-none-eabi/lib/thumb/v7e-m+fp/hard/libm.a
START GROUP
LOAD /usr/share/gcc-arm-none-eabi-9-2020-q2-update/bin/../lib/gcc/arm-none-eabi/9.3.1/thumb/v7e-m+fp/hard/libgcc.a
LOAD /usr/share/gcc-arm-none-eabi-9-2020-q2-update/bin/../lib/gcc/arm-none-eabi/9.3.1/../../../../arm-none-eabi/lib/thumb/v7e-m+fp/hard/libg_nano.a
LOAD /usr/share/gcc-arm-none-eabi-9-2020-q2-update/bin/../lib/gcc/arm-none-eabi/9.3.1/../../../../arm-none-eabi/lib/thumb/v7e-m+fp/hard/libc_nano.a
END GROUP
START GROUP
LOAD /usr/share/gcc-arm-none-eabi-9-2020-q2-update/bin/../lib/gcc/arm-none-eabi/9.3.1/thumb/v7e-m+fp/hard/libgcc.a
LOAD /usr/share/gcc-arm-none-eabi-9-2020-q2-update/bin/../lib/gcc/arm-none-eabi/9.3.1/../../../../arm-none-eabi/lib/thumb/v7e-m+fp/hard/libc_nano.a
LOAD /usr/share/gcc-arm-none-eabi-9-2020-q2-update/bin/../lib/gcc/arm-none-eabi/9.3.1/../../../../arm-none-eabi/lib/thumb/v7e-m+fp/hard/libnosys.a
END GROUP
START GROUP
LOAD /usr/share/gcc-arm-none-eabi-9-2020-q2-update/bin/../lib/gcc/arm-none-eabi/9.3.1/thumb/v7e-m+fp/hard/libgcc.a
LOAD /usr/share/gcc-arm-none-eabi-9-2020-q2-update/bin/../lib/gcc/arm-none-eabi/9.3.1/../../../../arm-none-eabi/lib/thumb/v7e-m+fp/hard/libc_nano.a
LOAD /usr/share/gcc-arm-none-eabi-9-2020-q2-update/bin/../lib/gcc/arm-none-eabi/9.3.1/../../../../arm-none-eabi/lib/thumb/v7e-m+fp/hard/libnosys.a
END GROUP
LOAD /usr/share/gcc-arm-none-eabi-9-2020-q2-update/bin/../lib/gcc/arm-none-eabi/9.3.1/thumb/v7e-m+fp/hard/crtend.o
LOAD /usr/share/gcc-arm-none-eabi-9-2020-q2-update/bin/../lib/gcc/arm-none-eabi/9.3.1/thumb/v7e-m+fp/hard/crtn.o

.text           0x0000000000000000    0x21ee3
 *(.isr_vector)
 .isr_vector    0x0000000000000000      0x124 /home/user/qorc-sdk/qf_apps/qf_ssi_ai_app/GCC_Project/output/vectors_CM4F_gcc.o
                0x0000000000000000                __Vectors
 *(.text*)
 .text          0x0000000000000124       0x40 /usr/share/gcc-arm-none-eabi-9-2020-q2-update/bin/../lib/gcc/arm-none-eabi/9.3.1/thumb/v7e-m+fp/hard/crtbegin.o
 .text          0x0000000000000164       0x7c /usr/share/gcc-arm-none-eabi-9-2020-q2-update/bin/../lib/gcc/arm-none-eabi/9.3.1/../../../../arm-none-eabi/lib/thumb/v7e-m+fp/hard/crt0.o
                0x0000000000000164                _stack_init
                0x000000000000016c                _mainCRTStartup
                0x000000000000016c                _start
 .text.set_sys_error
                0x00000000000001e0       0x38 /home/user/qorc-sdk/qf_apps/qf_ssi_ai_app/GCC_Project/output/MajorTopicDispatch.o
                0x00000000000001e0                set_sys_error
 .text._write   0x0000000000000218        0xe /home/user/qorc-sdk/qf_apps/qf_ssi_ai_app/GCC_Project/output/c_lib_retarget.o
                0x0000000000000218                _write
 .text._close   0x0000000000000226        0x6 /home/user/qorc-sdk/qf_apps/qf_ssi_ai_app/GCC_Project/output/c_lib_retarget.o
                0x0000000000000226                _close
 .text._lseek   0x000000000000022c        0x4 /home/user/qorc-sdk/qf_apps/qf_ssi_ai_app/GCC_Project/output/c_lib_retarget.o
                0x000000000000022c                _lseek
 .text._read    0x0000000000000230        0x4 /home/user/qorc-sdk/qf_apps/qf_ssi_ai_app/GCC_Project/output/c_lib_retarget.o
                0x0000000000000230                _read
 .text.datablk_mgr_acquire_common
                0x0000000000000234       0x84 /home/user/qorc-sdk/qf_apps/qf_ssi_ai_app/GCC_Project/output/datablk_mgr.o
 .text.datablk_mgr_init
                0x00000000000002b8       0xd8 /home/user/qorc-sdk/qf_apps/qf_ssi_ai_app/GCC_Project/output/datablk_mgr.o
                0x00000000000002b8                datablk_mgr_init
 .text.datablk_mgr_acquire
                0x0000000000000390        0x6 /home/user/qorc-sdk/qf_apps/qf_ssi_ai_app/GCC_Project/output/datablk_mgr.o
                0x0000000000000390                datablk_mgr_acquire
 .text.datablk_mgr_acquireFromISR
                0x0000000000000396        0x8 /home/user/qorc-sdk/qf_apps/qf_ssi_ai_app/GCC_Project/output/datablk_mgr.o
                0x0000000000000396                datablk_mgr_acquireFromISR
 .text.datablk_mgr_usecount_increment
                0x000000000000039e       0x18 /home/user/qorc-sdk/qf_apps/qf_ssi_ai_app/GCC_Project/output/datablk_mgr.o
                0x000000000000039e                datablk_mgr_usecount_increment
 .text.datablk_mgr_validity_check
                0x00000000000003b6       0x1a /home/user/qorc-sdk/qf_apps/qf_ssi_ai_app/GCC_Project/output/datablk_mgr.o
                0x00000000000003b6                datablk_mgr_validity_check
 .text.datablk_mgr_release_common
                0x00000000000003d0       0x8c /home/user/qorc-sdk/qf_apps/qf_ssi_ai_app/GCC_Project/output/datablk_mgr.o
                0x00000000000003d0                datablk_mgr_release_common
 .text.datablk_mgr_release
                0x000000000000045c        0x6 /home/user/qorc-sdk/qf_apps/qf_ssi_ai_app/GCC_Project/output/datablk_mgr.o
                0x000000000000045c                datablk_mgr_release
 *fill*         0x0000000000000462        0x2 
 .text.datablk_mgr_WriteDataBufferToQueues
                0x0000000000000464       0x70 /home/user/qorc-sdk/qf_apps/qf_ssi_ai_app/GCC_Project/output/datablk_mgr.o
                0x0000000000000464                datablk_mgr_WriteDataBufferToQueues
 .text.datablk_mgr_WriteDataBufferToQueuesFromISR
                0x00000000000004d4       0x60 /home/user/qorc-sdk/qf_apps/qf_ssi_ai_app/GCC_Project/output/datablk_mgr.o
                0x00000000000004d4                datablk_mgr_WriteDataBufferToQueuesFromISR
 .text.datablk_processor_task
                0x0000000000000534      0x118 /home/user/qorc-sdk/qf_apps/qf_ssi_ai_app/GCC_Project/output/datablk_processor.o
 .text.datablk_pe_process_bypass_func
                0x000000000000064c       0x18 /home/user/qorc-sdk/qf_apps/qf_ssi_ai_app/GCC_Project/output/datablk_processor.o
 .text.datablk_processor_task_setup
                0x0000000000000664       0x48 /home/user/qorc-sdk/qf_apps/qf_ssi_ai_app/GCC_Project/output/datablk_processor.o
                0x0000000000000664                datablk_processor_task_setup
 .text.wake_storage_task
                0x00000000000006ac       0x14 /home/user/qorc-sdk/qf_apps/qf_ssi_ai_app/GCC_Project/output/datasave.o
 .text.close_riff_block
                0x00000000000006c0       0x28 /home/user/qorc-sdk/qf_apps/qf_ssi_ai_app/GCC_Project/output/datasave.o
 .text.open_riff_file
                0x00000000000006e8      0x2d8 /home/user/qorc-sdk/qf_apps/qf_ssi_ai_app/GCC_Project/output/datasave.o
                0x00000000000006e8                open_riff_file
 .text.drain_blocks
                0x00000000000009c0       0xbc /home/user/qorc-sdk/qf_apps/qf_ssi_ai_app/GCC_Project/output/datasave.o
 .text.close_riff_file
                0x0000000000000a7c       0x88 /home/user/qorc-sdk/qf_apps/qf_ssi_ai_app/GCC_Project/output/datasave.o
                0x0000000000000a7c                close_riff_file
 .text.DataSaveTaskHandler
                0x0000000000000b04      0x108 /home/user/qorc-sdk/qf_apps/qf_ssi_ai_app/GCC_Project/output/datasave.o
                0x0000000000000b04                DataSaveTaskHandler
 .text.create_datasave_task
                0x0000000000000c0c       0x78 /home/user/qorc-sdk/qf_apps/qf_ssi_ai_app/GCC_Project/output/datasave.o
                0x0000000000000c0c                create_datasave_task
 .text.__debug_lockup
                0x0000000000000c84       0x14 /home/user/qorc-sdk/qf_apps/qf_ssi_ai_app/GCC_Project/output/dbg_uart.o
 .text._semihost_write
                0x0000000000000c98       0x54 /home/user/qorc-sdk/qf_apps/qf_ssi_ai_app/GCC_Project/output/dbg_uart.o
                0x0000000000000c98                _semihost_write
 .text.dbg_ch_raw
                0x0000000000000cec       0x74 /home/user/qorc-sdk/qf_apps/qf_ssi_ai_app/GCC_Project/output/dbg_uart.o
                0x0000000000000cec                dbg_ch_raw
 .text.dbg_nl   0x0000000000000d60       0x12 /home/user/qorc-sdk/qf_apps/qf_ssi_ai_app/GCC_Project/output/dbg_uart.o
                0x0000000000000d60                dbg_nl
 .text.dbg_ch   0x0000000000000d72        0xc /home/user/qorc-sdk/qf_apps/qf_ssi_ai_app/GCC_Project/output/dbg_uart.o
                0x0000000000000d72                dbg_ch
 .text.dbg_hex4
                0x0000000000000d7e       0x14 /home/user/qorc-sdk/qf_apps/qf_ssi_ai_app/GCC_Project/output/dbg_uart.o
 .text.dbg_hex8
                0x0000000000000d92       0x14 /home/user/qorc-sdk/qf_apps/qf_ssi_ai_app/GCC_Project/output/dbg_uart.o
                0x0000000000000d92                dbg_hex8
 .text.dbg_hex16
                0x0000000000000da6       0x14 /home/user/qorc-sdk/qf_apps/qf_ssi_ai_app/GCC_Project/output/dbg_uart.o
                0x0000000000000da6                dbg_hex16
 .text.dbg_hex32
                0x0000000000000dba       0x14 /home/user/qorc-sdk/qf_apps/qf_ssi_ai_app/GCC_Project/output/dbg_uart.o
                0x0000000000000dba                dbg_hex32
 .text._dbg_int
                0x0000000000000dce       0x20 /home/user/qorc-sdk/qf_apps/qf_ssi_ai_app/GCC_Project/output/dbg_uart.o
 .text.dbg_memdumpx
                0x0000000000000dee       0xea /home/user/qorc-sdk/qf_apps/qf_ssi_ai_app/GCC_Project/output/dbg_uart.o
 .text.dbg_str  0x0000000000000ed8       0x84 /home/user/qorc-sdk/qf_apps/qf_ssi_ai_app/GCC_Project/output/dbg_uart.o
                0x0000000000000ed8                dbg_str
 .text._dbg_str_xxx
                0x0000000000000f5c       0x16 /home/user/qorc-sdk/qf_apps/qf_ssi_ai_app/GCC_Project/output/dbg_uart.o
 .text.dbg_str_hexXX
                0x0000000000000f72       0x22 /home/user/qorc-sdk/qf_apps/qf_ssi_ai_app/GCC_Project/output/dbg_uart.o
 .text.dbg_int  0x0000000000000f94       0x24 /home/user/qorc-sdk/qf_apps/qf_ssi_ai_app/GCC_Project/output/dbg_uart.o
                0x0000000000000f94                dbg_int
 .text.dbg_str_str
                0x0000000000000fb8       0x16 /home/user/qorc-sdk/qf_apps/qf_ssi_ai_app/GCC_Project/output/dbg_uart.o
                0x0000000000000fb8                dbg_str_str
 .text.dbg_str_int
                0x0000000000000fce       0x16 /home/user/qorc-sdk/qf_apps/qf_ssi_ai_app/GCC_Project/output/dbg_uart.o
                0x0000000000000fce                dbg_str_int
 .text.dbg_str_int_noln
                0x0000000000000fe4       0x12 /home/user/qorc-sdk/qf_apps/qf_ssi_ai_app/GCC_Project/output/dbg_uart.o
                0x0000000000000fe4                dbg_str_int_noln
 *fill*         0x0000000000000ff6        0x2 
 .text.dbg_str_hex32
                0x0000000000000ff8        0xc /home/user/qorc-sdk/qf_apps/qf_ssi_ai_app/GCC_Project/output/dbg_uart.o
                0x0000000000000ff8                dbg_str_hex32
 .text.dbg_str_ptr
                0x0000000000001004        0x4 /home/user/qorc-sdk/qf_apps/qf_ssi_ai_app/GCC_Project/output/dbg_uart.o
                0x0000000000001004                dbg_str_ptr
 .text.dbg_fatal_error
                0x0000000000001008       0x12 /home/user/qorc-sdk/qf_apps/qf_ssi_ai_app/GCC_Project/output/dbg_uart.o
                0x0000000000001008                dbg_fatal_error
 .text.dbg_fatal_error_int
                0x000000000000101a        0xe /home/user/qorc-sdk/qf_apps/qf_ssi_ai_app/GCC_Project/output/dbg_uart.o
                0x000000000000101a                dbg_fatal_error_int
 .text.dbg_memdump32
                0x0000000000001028       0x1e /home/user/qorc-sdk/qf_apps/qf_ssi_ai_app/GCC_Project/output/dbg_uart.o
                0x0000000000001028                dbg_memdump32
 *fill*         0x0000000000001046        0x2 
 .text.dbg_assert
                0x0000000000001048       0x48 /home/user/qorc-sdk/qf_apps/qf_ssi_ai_app/GCC_Project/output/dbg_uart.o
                0x0000000000001048                dbg_assert
 .text.config_voice_interrupts
                0x0000000000001090       0x28 /home/user/qorc-sdk/qf_apps/qf_ssi_ai_app/GCC_Project/output/eoss3_hal_audio.o
 .text.disableAudioNvicInterrupts
                0x00000000000010b8       0x48 /home/user/qorc-sdk/qf_apps/qf_ssi_ai_app/GCC_Project/output/eoss3_hal_audio.o
 .text.pdmConnectorInit
                0x0000000000001100        0x4 /home/user/qorc-sdk/qf_apps/qf_ssi_ai_app/GCC_Project/output/eoss3_hal_audio.o
 .text.enableAudioClocks
                0x0000000000001104       0x18 /home/user/qorc-sdk/qf_apps/qf_ssi_ai_app/GCC_Project/output/eoss3_hal_audio.o
                0x0000000000001104                enableAudioClocks
 .text.disableAudioClocks
                0x000000000000111c       0x18 /home/user/qorc-sdk/qf_apps/qf_ssi_ai_app/GCC_Project/output/eoss3_hal_audio.o
                0x000000000000111c                disableAudioClocks
 .text.post_first_pdm_dma_after_lpsd
                0x0000000000001134       0x5c /home/user/qorc-sdk/qf_apps/qf_ssi_ai_app/GCC_Project/output/eoss3_hal_audio.o
                0x0000000000001134                post_first_pdm_dma_after_lpsd
 .text.pdmConnectorStart
                0x0000000000001190      0x100 /home/user/qorc-sdk/qf_apps/qf_ssi_ai_app/GCC_Project/output/eoss3_hal_audio.o
 .text.HAL_Audio_StartDMA
                0x0000000000001290       0x38 /home/user/qorc-sdk/qf_apps/qf_ssi_ai_app/GCC_Project/output/eoss3_hal_audio.o
                0x0000000000001290                HAL_Audio_StartDMA
 .text.HAL_Audio_StopDMA
                0x00000000000012c8       0x54 /home/user/qorc-sdk/qf_apps/qf_ssi_ai_app/GCC_Project/output/eoss3_hal_audio.o
                0x00000000000012c8                HAL_Audio_StopDMA
 .text.pdmConnectorStop
                0x000000000000131c        0x4 /home/user/qorc-sdk/qf_apps/qf_ssi_ai_app/GCC_Project/output/eoss3_hal_audio.o
 .text.HAL_Audio_Start
                0x0000000000001320       0xa8 /home/user/qorc-sdk/qf_apps/qf_ssi_ai_app/GCC_Project/output/eoss3_hal_audio.o
                0x0000000000001320                HAL_Audio_Start
 .text.HAL_Audio_Stop
                0x00000000000013c8       0x32 /home/user/qorc-sdk/qf_apps/qf_ssi_ai_app/GCC_Project/output/eoss3_hal_audio.o
                0x00000000000013c8                HAL_Audio_Stop
 *fill*         0x00000000000013fa        0x2 
 .text.onDmac0BlockDone
                0x00000000000013fc       0x20 /home/user/qorc-sdk/qf_apps/qf_ssi_ai_app/GCC_Project/output/eoss3_hal_audio.o
                0x00000000000013fc                onDmac0BlockDone
 .text.onDmac0BufferDone
                0x000000000000141c       0x20 /home/user/qorc-sdk/qf_apps/qf_ssi_ai_app/GCC_Project/output/eoss3_hal_audio.o
                0x000000000000141c                onDmac0BufferDone
 .text.audio_isr_onDmac0BufferDone
                0x000000000000143c       0xc8 /home/user/qorc-sdk/qf_apps/qf_ssi_ai_app/GCC_Project/output/eoss3_hal_audio.o
                0x000000000000143c                audio_isr_onDmac0BufferDone
 .text.QL_Audio_StartUp
                0x0000000000001504       0x28 /home/user/qorc-sdk/qf_apps/qf_ssi_ai_app/GCC_Project/output/eoss3_hal_audio.o
                0x0000000000001504                QL_Audio_StartUp
 .text.HAL_usbserial_init_common
                0x000000000000152c      0x108 /home/user/qorc-sdk/qf_apps/qf_ssi_ai_app/GCC_Project/output/eoss3_hal_fpga_usbserial.o
 .text.HAL_usbserial_isrfunc
                0x0000000000001634       0x4c /home/user/qorc-sdk/qf_apps/qf_ssi_ai_app/GCC_Project/output/eoss3_hal_fpga_usbserial.o
 .text.HAL_usbserial_init2
                0x0000000000001680        0x8 /home/user/qorc-sdk/qf_apps/qf_ssi_ai_app/GCC_Project/output/eoss3_hal_fpga_usbserial.o
                0x0000000000001680                HAL_usbserial_init2
 .text.HAL_usbserial_init
                0x0000000000001688        0xa /home/user/qorc-sdk/qf_apps/qf_ssi_ai_app/GCC_Project/output/eoss3_hal_fpga_usbserial.o
                0x0000000000001688                HAL_usbserial_init
 *fill*         0x0000000000001692        0x2 
 .text.HAL_usbserial_getc
                0x0000000000001694       0x18 /home/user/qorc-sdk/qf_apps/qf_ssi_ai_app/GCC_Project/output/eoss3_hal_fpga_usbserial.o
                0x0000000000001694                HAL_usbserial_getc
 .text.HAL_usbserial_putc
                0x00000000000016ac       0x20 /home/user/qorc-sdk/qf_apps/qf_ssi_ai_app/GCC_Project/output/eoss3_hal_fpga_usbserial.o
                0x00000000000016ac                HAL_usbserial_putc
 .text.HAL_usbserial_dataavailable
                0x00000000000016cc       0x10 /home/user/qorc-sdk/qf_apps/qf_ssi_ai_app/GCC_Project/output/eoss3_hal_fpga_usbserial.o
                0x00000000000016cc                HAL_usbserial_dataavailable
 .text.HAL_GPIO_Write
                0x00000000000016dc       0x28 /home/user/qorc-sdk/qf_apps/qf_ssi_ai_app/GCC_Project/output/eoss3_hal_gpio.o
                0x00000000000016dc                HAL_GPIO_Write
 .text.HAL_I2C_SetClockFreq
                0x0000000000001704       0x80 /home/user/qorc-sdk/qf_apps/qf_ssi_ai_app/GCC_Project/output/eoss3_hal_i2c.o
                0x0000000000001704                HAL_I2C_SetClockFreq
 .text.HAL_I2C_Init
                0x0000000000001784       0x68 /home/user/qorc-sdk/qf_apps/qf_ssi_ai_app/GCC_Project/output/eoss3_hal_i2c.o
                0x0000000000001784                HAL_I2C_Init
 .text.HAL_PAD_Config
                0x00000000000017ec      0x190 /home/user/qorc-sdk/qf_apps/qf_ssi_ai_app/GCC_Project/output/eoss3_hal_pad_config.o
                0x00000000000017ec                HAL_PAD_Config
 .text.configure_s3_pads
                0x000000000000197c       0x1a /home/user/qorc-sdk/qf_apps/qf_ssi_ai_app/GCC_Project/output/eoss3_hal_pad_config.o
                0x000000000000197c                configure_s3_pads
 *fill*         0x0000000000001996        0x2 
 .text.eoss3_rtc_enable_irq
                0x0000000000001998       0x28 /home/user/qorc-sdk/qf_apps/qf_ssi_ai_app/GCC_Project/output/eoss3_hal_rtc.o
 .text.write_rtc_reg
                0x00000000000019c0       0x18 /home/user/qorc-sdk/qf_apps/qf_ssi_ai_app/GCC_Project/output/eoss3_hal_rtc.o
 .text.__rtc_setup_alarm.isra.0
                0x00000000000019d8       0x44 /home/user/qorc-sdk/qf_apps/qf_ssi_ai_app/GCC_Project/output/eoss3_hal_rtc.o
 .text.HAL_RTC_ISR
                0x0000000000001a1c       0x24 /home/user/qorc-sdk/qf_apps/qf_ssi_ai_app/GCC_Project/output/eoss3_hal_rtc.o
                0x0000000000001a1c                HAL_RTC_ISR
 .text.HAL_RTC_Init
                0x0000000000001a40       0x38 /home/user/qorc-sdk/qf_apps/qf_ssi_ai_app/GCC_Project/output/eoss3_hal_rtc.o
                0x0000000000001a40                HAL_RTC_Init
 .text.HAL_RTC_GetTime
                0x0000000000001a78       0x44 /home/user/qorc-sdk/qf_apps/qf_ssi_ai_app/GCC_Project/output/eoss3_hal_rtc.o
                0x0000000000001a78                HAL_RTC_GetTime
 .text.SPI_PollTxFifoEmptyFlag
                0x0000000000001abc       0x20 /home/user/qorc-sdk/qf_apps/qf_ssi_ai_app/GCC_Project/output/eoss3_hal_spi.o
 .text.SPI_FiFoWrite
                0x0000000000001adc       0x9c /home/user/qorc-sdk/qf_apps/qf_ssi_ai_app/GCC_Project/output/eoss3_hal_spi.o
 .text.assert_failed
                0x0000000000001b78       0x2c /home/user/qorc-sdk/qf_apps/qf_ssi_ai_app/GCC_Project/output/eoss3_hal_spi.o
                0x0000000000001b78                assert_failed
 .text.unlock_spi1_bus
                0x0000000000001ba4       0x58 /home/user/qorc-sdk/qf_apps/qf_ssi_ai_app/GCC_Project/output/eoss3_hal_spi.o
                0x0000000000001ba4                unlock_spi1_bus
 .text.lock_spi1_bus
                0x0000000000001bfc       0x28 /home/user/qorc-sdk/qf_apps/qf_ssi_ai_app/GCC_Project/output/eoss3_hal_spi.o
                0x0000000000001bfc                lock_spi1_bus
 .text.HAL_SPI_Transmit
                0x0000000000001c24      0x190 /home/user/qorc-sdk/qf_apps/qf_ssi_ai_app/GCC_Project/output/eoss3_hal_spi.o
                0x0000000000001c24                HAL_SPI_Transmit
 .text.HAL_SPI_Receive
                0x0000000000001db4      0x1b4 /home/user/qorc-sdk/qf_apps/qf_ssi_ai_app/GCC_Project/output/eoss3_hal_spi.o
                0x0000000000001db4                HAL_SPI_Receive
 .text.SPI_DMA_Complete
                0x0000000000001f68       0x88 /home/user/qorc-sdk/qf_apps/qf_ssi_ai_app/GCC_Project/output/eoss3_hal_spi.o
                0x0000000000001f68                SPI_DMA_Complete
 .text.HAL_SPI_IRQHandler
                0x0000000000001ff0       0x6c /home/user/qorc-sdk/qf_apps/qf_ssi_ai_app/GCC_Project/output/eoss3_hal_spi.o
                0x0000000000001ff0                HAL_SPI_IRQHandler
 .text.HAL_SPI_Init
                0x000000000000205c      0x160 /home/user/qorc-sdk/qf_apps/qf_ssi_ai_app/GCC_Project/output/eoss3_hal_spi.o
                0x000000000000205c                HAL_SPI_Init
 .text.HAL_SPI_TransmitReceive2
                0x00000000000021bc      0x1ec /home/user/qorc-sdk/qf_apps/qf_ssi_ai_app/GCC_Project/output/eoss3_hal_spi.o
                0x00000000000021bc                HAL_SPI_TransmitReceive2
 .text.HAL_Delay_Init
                0x00000000000023a8       0x54 /home/user/qorc-sdk/qf_apps/qf_ssi_ai_app/GCC_Project/output/eoss3_hal_timer.o
                0x00000000000023a8                HAL_Delay_Init
 .text.HAL_Timer_ISR
                0x00000000000023fc       0x88 /home/user/qorc-sdk/qf_apps/qf_ssi_ai_app/GCC_Project/output/eoss3_hal_timer.o
                0x00000000000023fc                HAL_Timer_ISR
 .text.uart_baud_rate
                0x0000000000002484       0x60 /home/user/qorc-sdk/qf_apps/qf_ssi_ai_app/GCC_Project/output/eoss3_hal_uart.o
 .text.is_hw_uart_enabled
                0x00000000000024e4       0x20 /home/user/qorc-sdk/qf_apps/qf_ssi_ai_app/GCC_Project/output/eoss3_hal_uart.o
 .text.uart_disable
                0x0000000000002504       0x1c /home/user/qorc-sdk/qf_apps/qf_ssi_ai_app/GCC_Project/output/eoss3_hal_uart.o
 .text.uart_lpm_callback
                0x0000000000002520       0x70 /home/user/qorc-sdk/qf_apps/qf_ssi_ai_app/GCC_Project/output/eoss3_hal_uart.o
 .text.uart_init
                0x0000000000002590      0x17c /home/user/qorc-sdk/qf_apps/qf_ssi_ai_app/GCC_Project/output/eoss3_hal_uart.o
                0x0000000000002590                uart_init
 .text.uart_isr_handler
                0x000000000000270c       0x84 /home/user/qorc-sdk/qf_apps/qf_ssi_ai_app/GCC_Project/output/eoss3_hal_uart.o
                0x000000000000270c                uart_isr_handler
 .text.uart_tx_raw
                0x0000000000002790       0x48 /home/user/qorc-sdk/qf_apps/qf_ssi_ai_app/GCC_Project/output/eoss3_hal_uart.o
                0x0000000000002790                uart_tx_raw
 .text.uart_tx  0x00000000000027d8       0x1c /home/user/qorc-sdk/qf_apps/qf_ssi_ai_app/GCC_Project/output/eoss3_hal_uart.o
                0x00000000000027d8                uart_tx
 .text.uart_tx_buf
                0x00000000000027f4       0x1a /home/user/qorc-sdk/qf_apps/qf_ssi_ai_app/GCC_Project/output/eoss3_hal_uart.o
                0x00000000000027f4                uart_tx_buf
 .text.uart_tx_raw_buf
                0x000000000000280e       0x1a /home/user/qorc-sdk/qf_apps/qf_ssi_ai_app/GCC_Project/output/eoss3_hal_uart.o
                0x000000000000280e                uart_tx_raw_buf
 .text.uart_rx_available
                0x0000000000002828       0x40 /home/user/qorc-sdk/qf_apps/qf_ssi_ai_app/GCC_Project/output/eoss3_hal_uart.o
                0x0000000000002828                uart_rx_available
 .text.uart_rx  0x0000000000002868       0x6c /home/user/qorc-sdk/qf_apps/qf_ssi_ai_app/GCC_Project/output/eoss3_hal_uart.o
                0x0000000000002868                uart_rx
 .text.uart_rx_raw_buf
                0x00000000000028d4       0x1e /home/user/qorc-sdk/qf_apps/qf_ssi_ai_app/GCC_Project/output/eoss3_hal_uart.o
                0x00000000000028d4                uart_rx_raw_buf
 *fill*         0x00000000000028f2        0x2 
 .text.HAL_WB_Transmit
                0x00000000000028f4       0x3c /home/user/qorc-sdk/qf_apps/qf_ssi_ai_app/GCC_Project/output/eoss3_hal_wb.o
                0x00000000000028f4                HAL_WB_Transmit
 .text.HAL_WB_Receive
                0x0000000000002930       0x44 /home/user/qorc-sdk/qf_apps/qf_ssi_ai_app/GCC_Project/output/eoss3_hal_wb.o
                0x0000000000002930                HAL_WB_Receive
 .text.HAL_WB_Init
                0x0000000000002974      0x10c /home/user/qorc-sdk/qf_apps/qf_ssi_ai_app/GCC_Project/output/eoss3_hal_wb.o
                0x0000000000002974                HAL_WB_Init
 .text.WDT_ISR  0x0000000000002a80       0x8c /home/user/qorc-sdk/qf_apps/qf_ssi_ai_app/GCC_Project/output/eoss3_hal_wdt.o
                0x0000000000002a80                WDT_ISR
 .text.spurious_interrupt
                0x0000000000002b0c        0xc /home/user/qorc-sdk/qf_apps/qf_ssi_ai_app/GCC_Project/output/exceptions.o
 .text.prvGetRegistersFromStack
                0x0000000000002b18       0xf0 /home/user/qorc-sdk/qf_apps/qf_ssi_ai_app/GCC_Project/output/exceptions.o
                0x0000000000002b18                prvGetRegistersFromStack
 .text.HardFault_Handler
                0x0000000000002c08       0x16 /home/user/qorc-sdk/qf_apps/qf_ssi_ai_app/GCC_Project/output/exceptions.o
                0x0000000000002c08                HardFault_Handler
 .text.NMI_Handler
                0x0000000000002c1e        0x6 /home/user/qorc-sdk/qf_apps/qf_ssi_ai_app/GCC_Project/output/exceptions.o
                0x0000000000002c1e                NMI_Handler
 .text.MemManage_Handler
                0x0000000000002c24        0x6 /home/user/qorc-sdk/qf_apps/qf_ssi_ai_app/GCC_Project/output/exceptions.o
                0x0000000000002c24                MemManage_Handler
 .text.BusFault_Handler
                0x0000000000002c2a        0x6 /home/user/qorc-sdk/qf_apps/qf_ssi_ai_app/GCC_Project/output/exceptions.o
                0x0000000000002c2a                BusFault_Handler
 .text.UsageFault_Handler
                0x0000000000002c30        0x6 /home/user/qorc-sdk/qf_apps/qf_ssi_ai_app/GCC_Project/output/exceptions.o
                0x0000000000002c30                UsageFault_Handler
 .text.DebugMon_Handler
                0x0000000000002c36        0x6 /home/user/qorc-sdk/qf_apps/qf_ssi_ai_app/GCC_Project/output/exceptions.o
                0x0000000000002c36                DebugMon_Handler
 .text.Uart_Handler
                0x0000000000002c3c       0x50 /home/user/qorc-sdk/qf_apps/qf_ssi_ai_app/GCC_Project/output/exceptions.o
                0x0000000000002c3c                Uart_Handler
 .text.Timer_Handler
                0x0000000000002c8c       0x24 /home/user/qorc-sdk/qf_apps/qf_ssi_ai_app/GCC_Project/output/exceptions.o
                0x0000000000002c8c                Timer_Handler
 .text.CpuWdtInt_Handler
                0x0000000000002cb0       0x24 /home/user/qorc-sdk/qf_apps/qf_ssi_ai_app/GCC_Project/output/exceptions.o
                0x0000000000002cb0                CpuWdtInt_Handler
 .text.CpuWdtRst_Handler
                0x0000000000002cd4        0x6 /home/user/qorc-sdk/qf_apps/qf_ssi_ai_app/GCC_Project/output/exceptions.o
                0x0000000000002cd4                CpuWdtRst_Handler
 .text.BusTimeout_Handler
                0x0000000000002cda        0x6 /home/user/qorc-sdk/qf_apps/qf_ssi_ai_app/GCC_Project/output/exceptions.o
                0x0000000000002cda                BusTimeout_Handler
 .text.Fpu_Handler
                0x0000000000002ce0        0x6 /home/user/qorc-sdk/qf_apps/qf_ssi_ai_app/GCC_Project/output/exceptions.o
                0x0000000000002ce0                Fpu_Handler
 *fill*         0x0000000000002ce6        0x2 
 .text.Pkfb_Handler
                0x0000000000002ce8       0x10 /home/user/qorc-sdk/qf_apps/qf_ssi_ai_app/GCC_Project/output/exceptions.o
                0x0000000000002ce8                Pkfb_Handler
 .text.I2s_Handler
                0x0000000000002cf8        0x6 /home/user/qorc-sdk/qf_apps/qf_ssi_ai_app/GCC_Project/output/exceptions.o
                0x0000000000002cf8                I2s_Handler
 .text.Audio_Handler
                0x0000000000002cfe        0x6 /home/user/qorc-sdk/qf_apps/qf_ssi_ai_app/GCC_Project/output/exceptions.o
                0x0000000000002cfe                Audio_Handler
 .text.SpiMs_Handler
                0x0000000000002d04       0x5c /home/user/qorc-sdk/qf_apps/qf_ssi_ai_app/GCC_Project/output/exceptions.o
                0x0000000000002d04                SpiMs_Handler
 .text.CfgDma_Handler
                0x0000000000002d60       0x28 /home/user/qorc-sdk/qf_apps/qf_ssi_ai_app/GCC_Project/output/exceptions.o
                0x0000000000002d60                CfgDma_Handler
 .text.PmuTimer_Handler
                0x0000000000002d88        0x2 /home/user/qorc-sdk/qf_apps/qf_ssi_ai_app/GCC_Project/output/exceptions.o
                0x0000000000002d88                PmuTimer_Handler
 .text.AdcDone_Handler
                0x0000000000002d8a        0x8 /home/user/qorc-sdk/qf_apps/qf_ssi_ai_app/GCC_Project/output/exceptions.o
                0x0000000000002d8a                AdcDone_Handler
 *fill*         0x0000000000002d92        0x2 
 .text.RtcAlarm_Handler
                0x0000000000002d94       0x1c /home/user/qorc-sdk/qf_apps/qf_ssi_ai_app/GCC_Project/output/exceptions.o
                0x0000000000002d94                RtcAlarm_Handler
 .text.ResetInt_Handler
                0x0000000000002db0        0x8 /home/user/qorc-sdk/qf_apps/qf_ssi_ai_app/GCC_Project/output/exceptions.o
                0x0000000000002db0                ResetInt_Handler
 .text.Ffe0_Handler
                0x0000000000002db8       0x18 /home/user/qorc-sdk/qf_apps/qf_ssi_ai_app/GCC_Project/output/exceptions.o
                0x0000000000002db8                Ffe0_Handler
 .text.FbMsg_Handler
                0x0000000000002dd0       0x6c /home/user/qorc-sdk/qf_apps/qf_ssi_ai_app/GCC_Project/output/exceptions.o
                0x0000000000002dd0                FbMsg_Handler
 .text.FB_RegisterISR
                0x0000000000002e3c       0x10 /home/user/qorc-sdk/qf_apps/qf_ssi_ai_app/GCC_Project/output/exceptions.o
                0x0000000000002e3c                FB_RegisterISR
 .text.FB_ConfigureInterrupt
                0x0000000000002e4c       0x78 /home/user/qorc-sdk/qf_apps/qf_ssi_ai_app/GCC_Project/output/exceptions.o
                0x0000000000002e4c                FB_ConfigureInterrupt
 .text.SensorGpio_Handler
                0x0000000000002ec4        0x8 /home/user/qorc-sdk/qf_apps/qf_ssi_ai_app/GCC_Project/output/exceptions.o
                0x0000000000002ec4                SensorGpio_Handler
 .text.M4SramSleep_Handler
                0x0000000000002ecc        0x8 /home/user/qorc-sdk/qf_apps/qf_ssi_ai_app/GCC_Project/output/exceptions.o
                0x0000000000002ecc                M4SramSleep_Handler
 .text.LDO30_PG_Handler
                0x0000000000002ed4        0x8 /home/user/qorc-sdk/qf_apps/qf_ssi_ai_app/GCC_Project/output/exceptions.o
                0x0000000000002ed4                LDO30_PG_Handler
 .text.LDO50_PG_Handler
                0x0000000000002edc        0x8 /home/user/qorc-sdk/qf_apps/qf_ssi_ai_app/GCC_Project/output/exceptions.o
                0x0000000000002edc                LDO50_PG_Handler
 .text.DMIC_Voice_Det_Handler
                0x0000000000002ee4        0x8 /home/user/qorc-sdk/qf_apps/qf_ssi_ai_app/GCC_Project/output/exceptions.o
                0x0000000000002ee4                DMIC_Voice_Det_Handler
 .text.ApPDMClkOn_Handler
                0x0000000000002eec        0x8 /home/user/qorc-sdk/qf_apps/qf_ssi_ai_app/GCC_Project/output/exceptions.o
                0x0000000000002eec                ApPDMClkOn_Handler
 .text.ApPDMClkOff_Handler
                0x0000000000002ef4        0x8 /home/user/qorc-sdk/qf_apps/qf_ssi_ai_app/GCC_Project/output/exceptions.o
                0x0000000000002ef4                ApPDMClkOff_Handler
 .text.Dmac0BlkDone_Handler
                0x0000000000002efc        0x4 /home/user/qorc-sdk/qf_apps/qf_ssi_ai_app/GCC_Project/output/exceptions.o
                0x0000000000002efc                Dmac0BlkDone_Handler
 .text.Dmac0BufDone_Handler
                0x0000000000002f00       0x10 /home/user/qorc-sdk/qf_apps/qf_ssi_ai_app/GCC_Project/output/exceptions.o
                0x0000000000002f00                Dmac0BufDone_Handler
 .text.Dmac1BlkDone_Handler
                0x0000000000002f10        0x8 /home/user/qorc-sdk/qf_apps/qf_ssi_ai_app/GCC_Project/output/exceptions.o
                0x0000000000002f10                Dmac1BlkDone_Handler
 .text.Dmac1BufDone_Handler
                0x0000000000002f18        0x8 /home/user/qorc-sdk/qf_apps/qf_ssi_ai_app/GCC_Project/output/exceptions.o
                0x0000000000002f18                Dmac1BufDone_Handler
 .text.Sdma0Done_Handler
                0x0000000000002f20        0x8 /home/user/qorc-sdk/qf_apps/qf_ssi_ai_app/GCC_Project/output/exceptions.o
                0x0000000000002f20                Sdma0Done_Handler
 .text.Sdma1Done_Handler
                0x0000000000002f28        0x8 /home/user/qorc-sdk/qf_apps/qf_ssi_ai_app/GCC_Project/output/exceptions.o
                0x0000000000002f28                Sdma1Done_Handler
 .text.Sdma2Done_Handler
                0x0000000000002f30        0x8 /home/user/qorc-sdk/qf_apps/qf_ssi_ai_app/GCC_Project/output/exceptions.o
                0x0000000000002f30                Sdma2Done_Handler
 .text.Sdma3Done_Handler
                0x0000000000002f38        0x8 /home/user/qorc-sdk/qf_apps/qf_ssi_ai_app/GCC_Project/output/exceptions.o
                0x0000000000002f38                Sdma3Done_Handler
 .text.Sdma4Done_Handler
                0x0000000000002f40        0x8 /home/user/qorc-sdk/qf_apps/qf_ssi_ai_app/GCC_Project/output/exceptions.o
                0x0000000000002f40                Sdma4Done_Handler
 .text.Sdma5Done_Handler
                0x0000000000002f48        0x8 /home/user/qorc-sdk/qf_apps/qf_ssi_ai_app/GCC_Project/output/exceptions.o
                0x0000000000002f48                Sdma5Done_Handler
 .text.Sdma6Done_Handler
                0x0000000000002f50        0x8 /home/user/qorc-sdk/qf_apps/qf_ssi_ai_app/GCC_Project/output/exceptions.o
                0x0000000000002f50                Sdma6Done_Handler
 .text.Sdma7Done_Handler
                0x0000000000002f58        0x8 /home/user/qorc-sdk/qf_apps/qf_ssi_ai_app/GCC_Project/output/exceptions.o
                0x0000000000002f58                Sdma7Done_Handler
 .text.Sdma8Done_Handler
                0x0000000000002f60        0x8 /home/user/qorc-sdk/qf_apps/qf_ssi_ai_app/GCC_Project/output/exceptions.o
                0x0000000000002f60                Sdma8Done_Handler
 .text.Sdma9Done_Handler
                0x0000000000002f68        0x8 /home/user/qorc-sdk/qf_apps/qf_ssi_ai_app/GCC_Project/output/exceptions.o
                0x0000000000002f68                Sdma9Done_Handler
 .text.Sdma10Done_Handler
                0x0000000000002f70        0x8 /home/user/qorc-sdk/qf_apps/qf_ssi_ai_app/GCC_Project/output/exceptions.o
                0x0000000000002f70                Sdma10Done_Handler
 .text.Sdma11Done_Handler
                0x0000000000002f78        0x8 /home/user/qorc-sdk/qf_apps/qf_ssi_ai_app/GCC_Project/output/exceptions.o
                0x0000000000002f78                Sdma11Done_Handler
 .text.SdmaErr_Handler
                0x0000000000002f80        0x8 /home/user/qorc-sdk/qf_apps/qf_ssi_ai_app/GCC_Project/output/exceptions.o
                0x0000000000002f80                SdmaErr_Handler
 .text.I2S_SlvM4TxOr_Handler
                0x0000000000002f88        0x8 /home/user/qorc-sdk/qf_apps/qf_ssi_ai_app/GCC_Project/output/exceptions.o
                0x0000000000002f88                I2S_SlvM4TxOr_Handler
 .text.SRAM_128KB_Handler
                0x0000000000002f90        0x8 /home/user/qorc-sdk/qf_apps/qf_ssi_ai_app/GCC_Project/output/exceptions.o
                0x0000000000002f90                SRAM_128KB_Handler
 .text.LPSD_Voice_Det_Handler
                0x0000000000002f98        0x8 /home/user/qorc-sdk/qf_apps/qf_ssi_ai_app/GCC_Project/output/exceptions.o
                0x0000000000002f98                LPSD_Voice_Det_Handler
 .text.FfeWdt_Handler
                0x0000000000002fa0        0x8 /home/user/qorc-sdk/qf_apps/qf_ssi_ai_app/GCC_Project/output/exceptions.o
                0x0000000000002fa0                FfeWdt_Handler
 .text.ApBoot_Handler
                0x0000000000002fa8        0x8 /home/user/qorc-sdk/qf_apps/qf_ssi_ai_app/GCC_Project/output/exceptions.o
                0x0000000000002fa8                ApBoot_Handler
 .text.SwInt2_Handler
                0x0000000000002fb0        0x8 /home/user/qorc-sdk/qf_apps/qf_ssi_ai_app/GCC_Project/output/exceptions.o
                0x0000000000002fb0                SwInt2_Handler
 .text.SwInt1_Handler
                0x0000000000002fb8       0x24 /home/user/qorc-sdk/qf_apps/qf_ssi_ai_app/GCC_Project/output/exceptions.o
                0x0000000000002fb8                SwInt1_Handler
 .text.Ffe0Msg_Handler
                0x0000000000002fdc        0x8 /home/user/qorc-sdk/qf_apps/qf_ssi_ai_app/GCC_Project/output/exceptions.o
                0x0000000000002fdc                Ffe0Msg_Handler
 .text.lpsdVoiceOffHandler
                0x0000000000002fe4        0x8 /home/user/qorc-sdk/qf_apps/qf_ssi_ai_app/GCC_Project/output/exceptions.o
                0x0000000000002fe4                lpsdVoiceOffHandler
 .text.dmicVoiceOffHandler
                0x0000000000002fec        0x8 /home/user/qorc-sdk/qf_apps/qf_ssi_ai_app/GCC_Project/output/exceptions.o
                0x0000000000002fec                dmicVoiceOffHandler
 .text.vApplicationMallocFailedHook
                0x0000000000002ff4       0x24 /home/user/qorc-sdk/qf_apps/qf_ssi_ai_app/GCC_Project/output/exceptions.o
                0x0000000000002ff4                vApplicationMallocFailedHook
 .text.vApplicationStackOverflowHook
                0x0000000000003018       0x24 /home/user/qorc-sdk/qf_apps/qf_ssi_ai_app/GCC_Project/output/exceptions.o
                0x0000000000003018                vApplicationStackOverflowHook
 .text.vApplicationTickHook
                0x000000000000303c        0x2 /home/user/qorc-sdk/qf_apps/qf_ssi_ai_app/GCC_Project/output/exceptions.o
                0x000000000000303c                vApplicationTickHook
 .text.vApplicationIdleHook
                0x000000000000303e        0x2 /home/user/qorc-sdk/qf_apps/qf_ssi_ai_app/GCC_Project/output/exceptions.o
                0x000000000000303e                vApplicationIdleHook
 .text.ld_dword
                0x0000000000003040       0x10 /home/user/qorc-sdk/qf_apps/qf_ssi_ai_app/GCC_Project/output/ff.o
 .text.st_dword
                0x0000000000003050       0x10 /home/user/qorc-sdk/qf_apps/qf_ssi_ai_app/GCC_Project/output/ff.o
 .text.mem_cmp  0x0000000000003060       0x1c /home/user/qorc-sdk/qf_apps/qf_ssi_ai_app/GCC_Project/output/ff.o
 .text.clst2sect
                0x000000000000307c       0x16 /home/user/qorc-sdk/qf_apps/qf_ssi_ai_app/GCC_Project/output/ff.o
 .text.sum_sfn  0x0000000000003092       0x1e /home/user/qorc-sdk/qf_apps/qf_ssi_ai_app/GCC_Project/output/ff.o
 .text.get_ldnumber
                0x00000000000030b0       0x74 /home/user/qorc-sdk/qf_apps/qf_ssi_ai_app/GCC_Project/output/ff.o
 .text.validate
                0x0000000000003124       0x34 /home/user/qorc-sdk/qf_apps/qf_ssi_ai_app/GCC_Project/output/ff.o
 .text.mem_cpy.part.0
                0x0000000000003158       0x12 /home/user/qorc-sdk/qf_apps/qf_ssi_ai_app/GCC_Project/output/ff.o
 .text.ld_clust.isra.0
                0x000000000000316a       0x1c /home/user/qorc-sdk/qf_apps/qf_ssi_ai_app/GCC_Project/output/ff.o
 .text.st_clust.isra.0
                0x0000000000003186       0x18 /home/user/qorc-sdk/qf_apps/qf_ssi_ai_app/GCC_Project/output/ff.o
 .text.sync_window
                0x000000000000319e       0x4a /home/user/qorc-sdk/qf_apps/qf_ssi_ai_app/GCC_Project/output/ff.o
 .text.move_window
                0x00000000000031e8       0x32 /home/user/qorc-sdk/qf_apps/qf_ssi_ai_app/GCC_Project/output/ff.o
 *fill*         0x000000000000321a        0x2 
 .text.check_fs
                0x000000000000321c       0x74 /home/user/qorc-sdk/qf_apps/qf_ssi_ai_app/GCC_Project/output/ff.o
 .text.find_volume
                0x0000000000003290      0x2c8 /home/user/qorc-sdk/qf_apps/qf_ssi_ai_app/GCC_Project/output/ff.o
 .text.put_fat  0x0000000000003558       0xfa /home/user/qorc-sdk/qf_apps/qf_ssi_ai_app/GCC_Project/output/ff.o
 .text.get_fat.isra.0
                0x0000000000003652       0xb4 /home/user/qorc-sdk/qf_apps/qf_ssi_ai_app/GCC_Project/output/ff.o
 .text.dir_sdi  0x0000000000003706       0x82 /home/user/qorc-sdk/qf_apps/qf_ssi_ai_app/GCC_Project/output/ff.o
 .text.create_chain
                0x0000000000003788       0xe8 /home/user/qorc-sdk/qf_apps/qf_ssi_ai_app/GCC_Project/output/ff.o
 .text.remove_chain
                0x0000000000003870       0x70 /home/user/qorc-sdk/qf_apps/qf_ssi_ai_app/GCC_Project/output/ff.o
 .text.dir_clear
                0x00000000000038e0       0x58 /home/user/qorc-sdk/qf_apps/qf_ssi_ai_app/GCC_Project/output/ff.o
 .text.dir_next
                0x0000000000003938       0xa6 /home/user/qorc-sdk/qf_apps/qf_ssi_ai_app/GCC_Project/output/ff.o
 .text.dir_remove
                0x00000000000039de       0x4e /home/user/qorc-sdk/qf_apps/qf_ssi_ai_app/GCC_Project/output/ff.o
 .text.dir_find
                0x0000000000003a2c      0x154 /home/user/qorc-sdk/qf_apps/qf_ssi_ai_app/GCC_Project/output/ff.o
 .text.dir_read.constprop.0
                0x0000000000003b80      0x10c /home/user/qorc-sdk/qf_apps/qf_ssi_ai_app/GCC_Project/output/ff.o
 .text.follow_path
                0x0000000000003c8c      0x294 /home/user/qorc-sdk/qf_apps/qf_ssi_ai_app/GCC_Project/output/ff.o
 .text.sync_fs  0x0000000000003f20       0x98 /home/user/qorc-sdk/qf_apps/qf_ssi_ai_app/GCC_Project/output/ff.o
 .text.dir_register
                0x0000000000003fb8      0x288 /home/user/qorc-sdk/qf_apps/qf_ssi_ai_app/GCC_Project/output/ff.o
 .text.f_mount  0x0000000000004240       0x48 /home/user/qorc-sdk/qf_apps/qf_ssi_ai_app/GCC_Project/output/ff.o
                0x0000000000004240                f_mount
 .text.f_open   0x0000000000004288      0x1be /home/user/qorc-sdk/qf_apps/qf_ssi_ai_app/GCC_Project/output/ff.o
                0x0000000000004288                f_open
 .text.f_write  0x0000000000004446      0x182 /home/user/qorc-sdk/qf_apps/qf_ssi_ai_app/GCC_Project/output/ff.o
                0x0000000000004446                f_write
 .text.f_sync   0x00000000000045c8       0x92 /home/user/qorc-sdk/qf_apps/qf_ssi_ai_app/GCC_Project/output/ff.o
                0x00000000000045c8                f_sync
 .text.f_close  0x000000000000465a       0x1a /home/user/qorc-sdk/qf_apps/qf_ssi_ai_app/GCC_Project/output/ff.o
                0x000000000000465a                f_close
 .text.f_unlink
                0x0000000000004674       0x9e /home/user/qorc-sdk/qf_apps/qf_ssi_ai_app/GCC_Project/output/ff.o
                0x0000000000004674                f_unlink
 *fill*         0x0000000000004712        0x2 
 .text.ff_uni2oem
                0x0000000000004714       0x40 /home/user/qorc-sdk/qf_apps/qf_ssi_ai_app/GCC_Project/output/ffunicode.o
                0x0000000000004714                ff_uni2oem
 .text.ff_oem2uni
                0x0000000000004754       0x28 /home/user/qorc-sdk/qf_apps/qf_ssi_ai_app/GCC_Project/output/ffunicode.o
                0x0000000000004754                ff_oem2uni
 .text.ff_wtoupper
                0x000000000000477c       0x90 /home/user/qorc-sdk/qf_apps/qf_ssi_ai_app/GCC_Project/output/ffunicode.o
                0x000000000000477c                ff_wtoupper
 .text.load_fpga
                0x000000000000480c      0x118 /home/user/qorc-sdk/qf_apps/qf_ssi_ai_app/GCC_Project/output/fpga_loader.o
                0x000000000000480c                load_fpga
 .text.prvInsertBlockIntoFreeList
                0x0000000000004924       0x74 /home/user/qorc-sdk/qf_apps/qf_ssi_ai_app/GCC_Project/output/heap_4.o
 .text.pvPortMalloc
                0x0000000000004998      0x198 /home/user/qorc-sdk/qf_apps/qf_ssi_ai_app/GCC_Project/output/heap_4.o
                0x0000000000004998                pvPortMalloc
 .text.vPortFree
                0x0000000000004b30       0xa0 /home/user/qorc-sdk/qf_apps/qf_ssi_ai_app/GCC_Project/output/heap_4.o
                0x0000000000004b30                vPortFree
 .text.vListInitialise
                0x0000000000004bd0       0x16 /home/user/qorc-sdk/qf_apps/qf_ssi_ai_app/GCC_Project/output/list.o
                0x0000000000004bd0                vListInitialise
 .text.vListInitialiseItem
                0x0000000000004be6        0x6 /home/user/qorc-sdk/qf_apps/qf_ssi_ai_app/GCC_Project/output/list.o
                0x0000000000004be6                vListInitialiseItem
 .text.vListInsertEnd
                0x0000000000004bec       0x18 /home/user/qorc-sdk/qf_apps/qf_ssi_ai_app/GCC_Project/output/list.o
                0x0000000000004bec                vListInsertEnd
 .text.vListInsert
                0x0000000000004c04       0x2e /home/user/qorc-sdk/qf_apps/qf_ssi_ai_app/GCC_Project/output/list.o
                0x0000000000004c04                vListInsert
 .text.uxListRemove
                0x0000000000004c32       0x20 /home/user/qorc-sdk/qf_apps/qf_ssi_ai_app/GCC_Project/output/list.o
                0x0000000000004c32                uxListRemove
 *fill*         0x0000000000004c52        0x6 
 .text.startup.main
                0x0000000000004c58      0x114 /home/user/qorc-sdk/qf_apps/qf_ssi_ai_app/GCC_Project/output/main.o
                0x0000000000004c58                main
 .text.SystemInit
                0x0000000000004d6c        0x2 /home/user/qorc-sdk/qf_apps/qf_ssi_ai_app/GCC_Project/output/main.o
                0x0000000000004d6c                SystemInit
 .text.wait_ffe_fpga_load
                0x0000000000004d6e        0x2 /home/user/qorc-sdk/qf_apps/qf_ssi_ai_app/GCC_Project/output/main.o
                0x0000000000004d6e                wait_ffe_fpga_load
 .text._ZN6MC3635C2Ev
                0x0000000000004d70        0x6 /home/user/qorc-sdk/qf_apps/qf_ssi_ai_app/GCC_Project/output/mc3635_wire.o
                0x0000000000004d70                MC3635::MC3635()
                0x0000000000004d70                MC3635::MC3635()
 *fill*         0x0000000000004d76        0x2 
 .text.xTaskSet_uSecCount
                0x0000000000004d78       0x2c /home/user/qorc-sdk/qf_apps/qf_ssi_ai_app/GCC_Project/output/micro_tick64.o
                0x0000000000004d78                xTaskSet_uSecCount
 .text.xchg_spi.constprop.0
                0x0000000000004da4       0x44 /home/user/qorc-sdk/qf_apps/qf_ssi_ai_app/GCC_Project/output/mmc_s3.o
 .text.deselect_card
                0x0000000000004de8        0x4 /home/user/qorc-sdk/qf_apps/qf_ssi_ai_app/GCC_Project/output/mmc_s3.o
 .text.wait_ready
                0x0000000000004dec       0x2c /home/user/qorc-sdk/qf_apps/qf_ssi_ai_app/GCC_Project/output/mmc_s3.o
 .text.xmit_datablock.constprop.0
                0x0000000000004e18       0x70 /home/user/qorc-sdk/qf_apps/qf_ssi_ai_app/GCC_Project/output/mmc_s3.o
 .text.send_cmd
                0x0000000000004e88       0xc8 /home/user/qorc-sdk/qf_apps/qf_ssi_ai_app/GCC_Project/output/mmc_s3.o
 .text.rcvr_spi_multi
                0x0000000000004f50       0x10 /home/user/qorc-sdk/qf_apps/qf_ssi_ai_app/GCC_Project/output/mmc_s3.o
                0x0000000000004f50                rcvr_spi_multi
 .text.rcvr_datablock
                0x0000000000004f60       0x40 /home/user/qorc-sdk/qf_apps/qf_ssi_ai_app/GCC_Project/output/mmc_s3.o
 .text.disk_status
                0x0000000000004fa0       0x14 /home/user/qorc-sdk/qf_apps/qf_ssi_ai_app/GCC_Project/output/mmc_s3.o
                0x0000000000004fa0                disk_status
 .text.disk_initialize
                0x0000000000004fb4      0x1f0 /home/user/qorc-sdk/qf_apps/qf_ssi_ai_app/GCC_Project/output/mmc_s3.o
                0x0000000000004fb4                disk_initialize
 .text.disk_read
                0x00000000000051a4       0x80 /home/user/qorc-sdk/qf_apps/qf_ssi_ai_app/GCC_Project/output/mmc_s3.o
                0x00000000000051a4                disk_read
 .text.disk_write
                0x0000000000005224       0x8c /home/user/qorc-sdk/qf_apps/qf_ssi_ai_app/GCC_Project/output/mmc_s3.o
                0x0000000000005224                disk_write
 .text.disk_ioctl
                0x00000000000052b0      0x1ec /home/user/qorc-sdk/qf_apps/qf_ssi_ai_app/GCC_Project/output/mmc_s3.o
                0x00000000000052b0                disk_ioctl
 .text.get_fattime
                0x000000000000549c       0x42 /home/user/qorc-sdk/qf_apps/qf_ssi_ai_app/GCC_Project/output/mmc_s3.o
                0x000000000000549c                get_fattime
 *fill*         0x00000000000054de        0x2 
 .text.prvPortStartFirstTask
                0x00000000000054e0       0x28 /home/user/qorc-sdk/qf_apps/qf_ssi_ai_app/GCC_Project/output/port.o
 .text.vPortEnableVFP
                0x0000000000005508       0x14 /home/user/qorc-sdk/qf_apps/qf_ssi_ai_app/GCC_Project/output/port.o
 .text.prvTaskExitError
                0x000000000000551c       0x50 /home/user/qorc-sdk/qf_apps/qf_ssi_ai_app/GCC_Project/output/port.o
 .text.pxPortInitialiseStack
                0x000000000000556c       0x2c /home/user/qorc-sdk/qf_apps/qf_ssi_ai_app/GCC_Project/output/port.o
                0x000000000000556c                pxPortInitialiseStack
 *fill*         0x0000000000005598        0x8 
 .text.SVC_Handler
                0x00000000000055a0       0x24 /home/user/qorc-sdk/qf_apps/qf_ssi_ai_app/GCC_Project/output/port.o
                0x00000000000055a0                SVC_Handler
 .text.vPortEnterCritical
                0x00000000000055c4       0x58 /home/user/qorc-sdk/qf_apps/qf_ssi_ai_app/GCC_Project/output/port.o
                0x00000000000055c4                vPortEnterCritical
 .text.vPortExitCritical
                0x000000000000561c       0x3c /home/user/qorc-sdk/qf_apps/qf_ssi_ai_app/GCC_Project/output/port.o
                0x000000000000561c                vPortExitCritical
 *fill*         0x0000000000005658        0x8 
 .text.PendSV_Handler
                0x0000000000005660       0x64 /home/user/qorc-sdk/qf_apps/qf_ssi_ai_app/GCC_Project/output/port.o
                0x0000000000005660                PendSV_Handler
 .text.xPortSysTickHandler
                0x00000000000056c4       0x2c /home/user/qorc-sdk/qf_apps/qf_ssi_ai_app/GCC_Project/output/port.o
                0x00000000000056c4                xPortSysTickHandler
 .text.xPortStartScheduler
                0x00000000000056f0      0x158 /home/user/qorc-sdk/qf_apps/qf_ssi_ai_app/GCC_Project/output/port.o
                0x00000000000056f0                xPortStartScheduler
 .text.vPortValidateInterruptPriority
                0x0000000000005848       0x7c /home/user/qorc-sdk/qf_apps/qf_ssi_ai_app/GCC_Project/output/port.o
                0x0000000000005848                vPortValidateInterruptPriority
 .text.system_init
                0x00000000000058c4       0x6c /home/user/qorc-sdk/qf_apps/qf_ssi_ai_app/GCC_Project/output/qf_hardwaresetup.o
                0x00000000000058c4                system_init
 .text.qf_hardwareSetup
                0x0000000000005930       0x78 /home/user/qorc-sdk/qf_apps/qf_ssi_ai_app/GCC_Project/output/qf_hardwaresetup.o
                0x0000000000005930                qf_hardwareSetup
 .text.ql_gmtime_r
                0x00000000000059a8      0x104 /home/user/qorc-sdk/qf_apps/qf_ssi_ai_app/GCC_Project/output/ql_time.o
                0x00000000000059a8                ql_gmtime_r
 .text.ql_localtime_r
                0x0000000000005aac       0x16 /home/user/qorc-sdk/qf_apps/qf_ssi_ai_app/GCC_Project/output/ql_time.o
                0x0000000000005aac                ql_localtime_r
 .text.ql_time  0x0000000000005ac2       0x2a /home/user/qorc-sdk/qf_apps/qf_ssi_ai_app/GCC_Project/output/ql_time.o
                0x0000000000005ac2                ql_time
 .text.prvIsQueueEmpty
                0x0000000000005aec       0x16 /home/user/qorc-sdk/qf_apps/qf_ssi_ai_app/GCC_Project/output/queue.o
 .text.prvCopyDataToQueue
                0x0000000000005b02       0x78 /home/user/qorc-sdk/qf_apps/qf_ssi_ai_app/GCC_Project/output/queue.o
 .text.prvCopyDataFromQueue
                0x0000000000005b7a       0x2c /home/user/qorc-sdk/qf_apps/qf_ssi_ai_app/GCC_Project/output/queue.o
 .text.prvUnlockQueue
                0x0000000000005ba6       0x70 /home/user/qorc-sdk/qf_apps/qf_ssi_ai_app/GCC_Project/output/queue.o
 *fill*         0x0000000000005c16        0x2 
 .text.xQueueGenericReset
                0x0000000000005c18       0x90 /home/user/qorc-sdk/qf_apps/qf_ssi_ai_app/GCC_Project/output/queue.o
                0x0000000000005c18                xQueueGenericReset
 .text.xQueueGenericCreate
                0x0000000000005ca8       0x74 /home/user/qorc-sdk/qf_apps/qf_ssi_ai_app/GCC_Project/output/queue.o
                0x0000000000005ca8                xQueueGenericCreate
 .text.xQueueCreateCountingSemaphore
                0x0000000000005d1c       0x5c /home/user/qorc-sdk/qf_apps/qf_ssi_ai_app/GCC_Project/output/queue.o
                0x0000000000005d1c                xQueueCreateCountingSemaphore
 .text.xQueueGenericSend
                0x0000000000005d78      0x19c /home/user/qorc-sdk/qf_apps/qf_ssi_ai_app/GCC_Project/output/queue.o
                0x0000000000005d78                xQueueGenericSend
 .text.xQueueGenericSendDebug
                0x0000000000005f14       0x30 /home/user/qorc-sdk/qf_apps/qf_ssi_ai_app/GCC_Project/output/queue.o
                0x0000000000005f14                xQueueGenericSendDebug
 .text.xQueueGenericSendFromISR
                0x0000000000005f44       0xf0 /home/user/qorc-sdk/qf_apps/qf_ssi_ai_app/GCC_Project/output/queue.o
                0x0000000000005f44                xQueueGenericSendFromISR
 .text.xQueueGenericSendFromISRDebug
                0x0000000000006034       0x30 /home/user/qorc-sdk/qf_apps/qf_ssi_ai_app/GCC_Project/output/queue.o
                0x0000000000006034                xQueueGenericSendFromISRDebug
 .text.xQueueGiveFromISR
                0x0000000000006064       0xdc /home/user/qorc-sdk/qf_apps/qf_ssi_ai_app/GCC_Project/output/queue.o
                0x0000000000006064                xQueueGiveFromISR
 .text.xQueueReceive
                0x0000000000006140      0x160 /home/user/qorc-sdk/qf_apps/qf_ssi_ai_app/GCC_Project/output/queue.o
                0x0000000000006140                xQueueReceive
 .text.xQueueSemaphoreTake
                0x00000000000062a0      0x1b0 /home/user/qorc-sdk/qf_apps/qf_ssi_ai_app/GCC_Project/output/queue.o
                0x00000000000062a0                xQueueSemaphoreTake
 .text.xQueueReceiveFromISR
                0x0000000000006450       0xc0 /home/user/qorc-sdk/qf_apps/qf_ssi_ai_app/GCC_Project/output/queue.o
                0x0000000000006450                xQueueReceiveFromISR
 .text.uxQueueMessagesWaiting
                0x0000000000006510       0x3c /home/user/qorc-sdk/qf_apps/qf_ssi_ai_app/GCC_Project/output/queue.o
                0x0000000000006510                uxQueueMessagesWaiting
 .text.vQueueAddToRegistry
                0x000000000000654c       0x24 /home/user/qorc-sdk/qf_apps/qf_ssi_ai_app/GCC_Project/output/queue.o
                0x000000000000654c                vQueueAddToRegistry
 .text.vQueueUnregisterQueue
                0x0000000000006570       0x30 /home/user/qorc-sdk/qf_apps/qf_ssi_ai_app/GCC_Project/output/queue.o
                0x0000000000006570                vQueueUnregisterQueue
 .text.vQueueDelete
                0x00000000000065a0       0x38 /home/user/qorc-sdk/qf_apps/qf_ssi_ai_app/GCC_Project/output/queue.o
                0x00000000000065a0                vQueueDelete
 .text.vQueueWaitForMessageRestricted
                0x00000000000065d8       0x46 /home/user/qorc-sdk/qf_apps/qf_ssi_ai_app/GCC_Project/output/queue.o
                0x00000000000065d8                vQueueWaitForMessageRestricted
 *fill*         0x000000000000661e        0x2 
 .text.riff_valid_block_pool
                0x0000000000006620       0x18 /home/user/qorc-sdk/qf_apps/qf_ssi_ai_app/GCC_Project/output/riff_block_pool.o
                0x0000000000006620                riff_valid_block_pool
 .text.riff_valid_busy_object
                0x0000000000006638       0x18 /home/user/qorc-sdk/qf_apps/qf_ssi_ai_app/GCC_Project/output/riff_block_pool.o
                0x0000000000006638                riff_valid_busy_object
 .text.RIFF_block_pool_common
                0x0000000000006650        0x8 /home/user/qorc-sdk/qf_apps/qf_ssi_ai_app/GCC_Project/output/riff_block_pool.o
                0x0000000000006650                RIFF_block_pool_common
 .text.RIFF_block_pool_discard
                0x0000000000006658       0x34 /home/user/qorc-sdk/qf_apps/qf_ssi_ai_app/GCC_Project/output/riff_block_pool.o
                0x0000000000006658                RIFF_block_pool_discard
 .text.RIFF_block_pool_init
                0x000000000000668c       0xb8 /home/user/qorc-sdk/qf_apps/qf_ssi_ai_app/GCC_Project/output/riff_block_pool.o
                0x000000000000668c                RIFF_block_pool_init
 .text.RIFF_blockpool_allocate
                0x0000000000006744       0x58 /home/user/qorc-sdk/qf_apps/qf_ssi_ai_app/GCC_Project/output/riff_block_pool.o
                0x0000000000006744                RIFF_blockpool_allocate
 .text.RIFF_busy_queue_service
                0x000000000000679c       0x54 /home/user/qorc-sdk/qf_apps/qf_ssi_ai_app/GCC_Project/output/riff_block_pool.o
                0x000000000000679c                RIFF_busy_queue_service
 .text.riff_valid_file
                0x00000000000067f0       0x18 /home/user/qorc-sdk/qf_apps/qf_ssi_ai_app/GCC_Project/output/riff_file_fatfs.o
                0x00000000000067f0                riff_valid_file
 .text.RIFF_file_close
                0x0000000000006808       0x16 /home/user/qorc-sdk/qf_apps/qf_ssi_ai_app/GCC_Project/output/riff_file_fatfs.o
                0x0000000000006808                RIFF_file_close
 *fill*         0x000000000000681e        0x2 
 .text.RIFF_file_open
                0x0000000000006820       0x8c /home/user/qorc-sdk/qf_apps/qf_ssi_ai_app/GCC_Project/output/riff_file_fatfs.o
                0x0000000000006820                RIFF_file_open
 .text.RIFF_file_enqueue_object
                0x00000000000068ac       0x38 /home/user/qorc-sdk/qf_apps/qf_ssi_ai_app/GCC_Project/output/riff_file_fatfs.o
                0x00000000000068ac                RIFF_file_enqueue_object
 .text.RIFF_file_write_object
                0x00000000000068e4       0x64 /home/user/qorc-sdk/qf_apps/qf_ssi_ai_app/GCC_Project/output/riff_file_fatfs.o
                0x00000000000068e4                RIFF_file_write_object
 .text.RIFF_override_size
                0x0000000000006948        0xe /home/user/qorc-sdk/qf_apps/qf_ssi_ai_app/GCC_Project/output/riff_misc.o
                0x0000000000006948                RIFF_override_size
 .text.RIFF_dma_wr_get
                0x0000000000006956       0x1c /home/user/qorc-sdk/qf_apps/qf_ssi_ai_app/GCC_Project/output/riff_misc.o
                0x0000000000006956                RIFF_dma_wr_get
 .text.RIFF_dma_wr_complete
                0x0000000000006972       0x1c /home/user/qorc-sdk/qf_apps/qf_ssi_ai_app/GCC_Project/output/riff_misc.o
                0x0000000000006972                RIFF_dma_wr_complete
 *fill*         0x000000000000698e        0x2 
 .text.RIFF_write_vp
                0x0000000000006990       0x4c /home/user/qorc-sdk/qf_apps/qf_ssi_ai_app/GCC_Project/output/riff_writer.o
                0x0000000000006990                RIFF_write_vp
 .text.RIFF_write_newline
                0x00000000000069dc       0x18 /home/user/qorc-sdk/qf_apps/qf_ssi_ai_app/GCC_Project/output/riff_writer.o
                0x00000000000069dc                RIFF_write_newline
 .text.RIFF_vsprintf
                0x00000000000069f4       0x50 /home/user/qorc-sdk/qf_apps/qf_ssi_ai_app/GCC_Project/output/riff_writer.o
                0x00000000000069f4                RIFF_vsprintf
 .text.RIFF_sprintf
                0x0000000000006a44       0x1a /home/user/qorc-sdk/qf_apps/qf_ssi_ai_app/GCC_Project/output/riff_writer.o
                0x0000000000006a44                RIFF_sprintf
 .text.RIFF_write_str
                0x0000000000006a5e       0x1e /home/user/qorc-sdk/qf_apps/qf_ssi_ai_app/GCC_Project/output/riff_writer.o
                0x0000000000006a5e                RIFF_write_str
 .text.RIFF_write_indent
                0x0000000000006a7c       0x40 /home/user/qorc-sdk/qf_apps/qf_ssi_ai_app/GCC_Project/output/riff_writer.o
                0x0000000000006a7c                RIFF_write_indent
 .text.RIFF_add_json_group_open
                0x0000000000006abc       0x34 /home/user/qorc-sdk/qf_apps/qf_ssi_ai_app/GCC_Project/output/riff_writer.o
                0x0000000000006abc                RIFF_add_json_group_open
 .text.RIFF_add_json_group_close
                0x0000000000006af0       0x34 /home/user/qorc-sdk/qf_apps/qf_ssi_ai_app/GCC_Project/output/riff_writer.o
                0x0000000000006af0                RIFF_add_json_group_close
 .text.RIFF_write_quoted_string
                0x0000000000006b24       0x48 /home/user/qorc-sdk/qf_apps/qf_ssi_ai_app/GCC_Project/output/riff_writer.o
                0x0000000000006b24                RIFF_write_quoted_string
 .text.RIFF_add_json_tag_group_open
                0x0000000000006b6c       0x38 /home/user/qorc-sdk/qf_apps/qf_ssi_ai_app/GCC_Project/output/riff_writer.o
                0x0000000000006b6c                RIFF_add_json_tag_group_open
 .text._do_tag  0x0000000000006ba4       0x8c /home/user/qorc-sdk/qf_apps/qf_ssi_ai_app/GCC_Project/output/riff_writer.o
 .text.RIFF_add_json_tag_quoted
                0x0000000000006c30       0x24 /home/user/qorc-sdk/qf_apps/qf_ssi_ai_app/GCC_Project/output/riff_writer.o
                0x0000000000006c30                RIFF_add_json_tag_quoted
 .text.RIFF_add_json_tag_plain
                0x0000000000006c54       0x24 /home/user/qorc-sdk/qf_apps/qf_ssi_ai_app/GCC_Project/output/riff_writer.o
                0x0000000000006c54                RIFF_add_json_tag_plain
 .text.RIFF_write_one_u32
                0x0000000000006c78       0x16 /home/user/qorc-sdk/qf_apps/qf_ssi_ai_app/GCC_Project/output/riff_writer.o
                0x0000000000006c78                RIFF_write_one_u32
 .text.s3x_clkd_write_div
                0x0000000000006c8e       0xa8 /home/user/qorc-sdk/qf_apps/qf_ssi_ai_app/GCC_Project/output/s3x_clock.o
 .text.s3x_clkd_read_div
                0x0000000000006d36       0x44 /home/user/qorc-sdk/qf_apps/qf_ssi_ai_app/GCC_Project/output/s3x_clock.o
 *fill*         0x0000000000006d7a        0x2 
 .text.s3x_clkd_cal_div.part.0
                0x0000000000006d7c       0x30 /home/user/qorc-sdk/qf_apps/qf_ssi_ai_app/GCC_Project/output/s3x_clock.o
 .text.S3x_Id_To_Domain
                0x0000000000006dac       0x1c /home/user/qorc-sdk/qf_apps/qf_ssi_ai_app/GCC_Project/output/s3x_clock.o
                0x0000000000006dac                S3x_Id_To_Domain
 .text.s3x_clkd_update_div_val
                0x0000000000006dc8       0x4c /home/user/qorc-sdk/qf_apps/qf_ssi_ai_app/GCC_Project/output/s3x_clock.o
                0x0000000000006dc8                s3x_clkd_update_div_val
 .text.s3x_clkd_update_fd_rate
                0x0000000000006e14        0xe /home/user/qorc-sdk/qf_apps/qf_ssi_ai_app/GCC_Project/output/s3x_clock.o
                0x0000000000006e14                s3x_clkd_update_fd_rate
 *fill*         0x0000000000006e22        0x2 
 .text.s3x_clkd_update_sd_div
                0x0000000000006e24       0x5c /home/user/qorc-sdk/qf_apps/qf_ssi_ai_app/GCC_Project/output/s3x_clock.o
 .text.s3x_clkd_update_all_src_div
                0x0000000000006e80       0xd0 /home/user/qorc-sdk/qf_apps/qf_ssi_ai_app/GCC_Project/output/s3x_clock.o
                0x0000000000006e80                s3x_clkd_update_all_src_div
 .text.S3x_Clkd_Get_Hsosc_Rate
                0x0000000000006f50       0x34 /home/user/qorc-sdk/qf_apps/qf_ssi_ai_app/GCC_Project/output/s3x_clock.o
                0x0000000000006f50                S3x_Clkd_Get_Hsosc_Rate
 .text.S3x_Clkd_Change_Hsosc
                0x0000000000006f84       0x70 /home/user/qorc-sdk/qf_apps/qf_ssi_ai_app/GCC_Project/output/s3x_clock.o
                0x0000000000006f84                S3x_Clkd_Change_Hsosc
 .text.s3x_clkd_get_src_rate
                0x0000000000006ff4       0x12 /home/user/qorc-sdk/qf_apps/qf_ssi_ai_app/GCC_Project/output/s3x_clock.o
                0x0000000000006ff4                s3x_clkd_get_src_rate
 *fill*         0x0000000000007006        0x2 
 .text.s3x_clkd_get_div
                0x0000000000007008       0x74 /home/user/qorc-sdk/qf_apps/qf_ssi_ai_app/GCC_Project/output/s3x_clock.o
                0x0000000000007008                s3x_clkd_get_div
 .text.s3x_clkd_srate
                0x000000000000707c      0x158 /home/user/qorc-sdk/qf_apps/qf_ssi_ai_app/GCC_Project/output/s3x_clock.o
 .text.s3x_clkd_grate
                0x00000000000071d4       0x8c /home/user/qorc-sdk/qf_apps/qf_ssi_ai_app/GCC_Project/output/s3x_clock.o
 .text.s3x_clkd_set_src_div_st
                0x0000000000007260       0x4c /home/user/qorc-sdk/qf_apps/qf_ssi_ai_app/GCC_Project/output/s3x_clock.o
 .text.s3x_update_clk_rate
                0x00000000000072ac       0xb0 /home/user/qorc-sdk/qf_apps/qf_ssi_ai_app/GCC_Project/output/s3x_clock.o
                0x00000000000072ac                s3x_update_clk_rate
 .text.s3x_clkd_get_gate_mask_st
                0x000000000000735c       0x16 /home/user/qorc-sdk/qf_apps/qf_ssi_ai_app/GCC_Project/output/s3x_clock.o
                0x000000000000735c                s3x_clkd_get_gate_mask_st
 *fill*         0x0000000000007372        0x2 
 .text.s3x_clkd_set_gate_mask
                0x0000000000007374       0x50 /home/user/qorc-sdk/qf_apps/qf_ssi_ai_app/GCC_Project/output/s3x_clock.o
                0x0000000000007374                s3x_clkd_set_gate_mask
 .text.s3x_clkd_enable_gate
                0x00000000000073c4       0x68 /home/user/qorc-sdk/qf_apps/qf_ssi_ai_app/GCC_Project/output/s3x_clock.o
 .text.s3x_clkd_disable_gate
                0x000000000000742c       0x54 /home/user/qorc-sdk/qf_apps/qf_ssi_ai_app/GCC_Project/output/s3x_clock.o
 .text._S3x_Clk_Enable
                0x0000000000007480       0xb8 /home/user/qorc-sdk/qf_apps/qf_ssi_ai_app/GCC_Project/output/s3x_clock.o
                0x0000000000007480                _S3x_Clk_Enable
 .text._S3x_Clk_Disable
                0x0000000000007538       0xc8 /home/user/qorc-sdk/qf_apps/qf_ssi_ai_app/GCC_Project/output/s3x_clock.o
                0x0000000000007538                _S3x_Clk_Disable
 .text._S3x_Clk_Get_Status
                0x0000000000007600       0x2c /home/user/qorc-sdk/qf_apps/qf_ssi_ai_app/GCC_Project/output/s3x_clock.o
                0x0000000000007600                _S3x_Clk_Get_Status
 .text._S3x_Clk_Get_Rate
                0x000000000000762c       0x28 /home/user/qorc-sdk/qf_apps/qf_ssi_ai_app/GCC_Project/output/s3x_clock.o
                0x000000000000762c                _S3x_Clk_Get_Rate
 .text._S3x_Clk_Set_Rate
                0x0000000000007654       0x48 /home/user/qorc-sdk/qf_apps/qf_ssi_ai_app/GCC_Project/output/s3x_clock.o
                0x0000000000007654                _S3x_Clk_Set_Rate
 .text.S3x_Clk_Init
                0x000000000000769c      0x15c /home/user/qorc-sdk/qf_apps/qf_ssi_ai_app/GCC_Project/output/s3x_clock.o
                0x000000000000769c                S3x_Clk_Init
 .text.S3x_Clk_Enable
                0x00000000000077f8        0x4 /home/user/qorc-sdk/qf_apps/qf_ssi_ai_app/GCC_Project/output/s3x_clock_hal.o
                0x00000000000077f8                S3x_Clk_Enable
 .text.S3x_Clk_Disable
                0x00000000000077fc        0x4 /home/user/qorc-sdk/qf_apps/qf_ssi_ai_app/GCC_Project/output/s3x_clock_hal.o
                0x00000000000077fc                S3x_Clk_Disable
 .text.S3x_Clk_Set_Rate
                0x0000000000007800        0x4 /home/user/qorc-sdk/qf_apps/qf_ssi_ai_app/GCC_Project/output/s3x_clock_hal.o
                0x0000000000007800                S3x_Clk_Set_Rate
 .text.S3x_Clk_Get_Rate
                0x0000000000007804        0x4 /home/user/qorc-sdk/qf_apps/qf_ssi_ai_app/GCC_Project/output/s3x_clock_hal.o
                0x0000000000007804                S3x_Clk_Get_Rate
 .text.DFS_cpuload
                0x0000000000007808       0x4c /home/user/qorc-sdk/qf_apps/qf_ssi_ai_app/GCC_Project/output/s3x_cpuload.o
                0x0000000000007808                DFS_cpuload
 .text.DFS_updatesleepticks
                0x0000000000007854       0x10 /home/user/qorc-sdk/qf_apps/qf_ssi_ai_app/GCC_Project/output/s3x_cpuload.o
                0x0000000000007854                DFS_updatesleepticks
 .text.DFS_resetsleepticks
                0x0000000000007864        0xc /home/user/qorc-sdk/qf_apps/qf_ssi_ai_app/GCC_Project/output/s3x_cpuload.o
                0x0000000000007864                DFS_resetsleepticks
 .text.DFS_UpdateTimer
                0x0000000000007870       0x5c /home/user/qorc-sdk/qf_apps/qf_ssi_ai_app/GCC_Project/output/s3x_dfs.o
 .text.DFS_StartTimer
                0x00000000000078cc       0x88 /home/user/qorc-sdk/qf_apps/qf_ssi_ai_app/GCC_Project/output/s3x_dfs.o
                0x00000000000078cc                DFS_StartTimer
 .text.S3x_Set_Policy
                0x0000000000007954      0x108 /home/user/qorc-sdk/qf_apps/qf_ssi_ai_app/GCC_Project/output/s3x_dfs.o
                0x0000000000007954                S3x_Set_Policy
 .text.S3x_get_max_rate_dfs_node
                0x0000000000007a5c       0x28 /home/user/qorc-sdk/qf_apps/qf_ssi_ai_app/GCC_Project/output/s3x_dfs.o
                0x0000000000007a5c                S3x_get_max_rate_dfs_node
 .text.S3x_Stepup_Policy
                0x0000000000007a84       0x7c /home/user/qorc-sdk/qf_apps/qf_ssi_ai_app/GCC_Project/output/s3x_dfs.o
 .text.DFS_TimerCB
                0x0000000000007b00        0xe /home/user/qorc-sdk/qf_apps/qf_ssi_ai_app/GCC_Project/output/s3x_dfs.o
 *fill*         0x0000000000007b0e        0x2 
 .text.s3x_get_index_in_dfs_node
                0x0000000000007b10       0x20 /home/user/qorc-sdk/qf_apps/qf_ssi_ai_app/GCC_Project/output/s3x_dfs.o
                0x0000000000007b10                s3x_get_index_in_dfs_node
 .text.s3x_get_policy_max_rate
                0x0000000000007b30       0x2c /home/user/qorc-sdk/qf_apps/qf_ssi_ai_app/GCC_Project/output/s3x_dfs.o
                0x0000000000007b30                s3x_get_policy_max_rate
 .text.DFS_Get_Curr_Policy
                0x0000000000007b5c        0xc /home/user/qorc-sdk/qf_apps/qf_ssi_ai_app/GCC_Project/output/s3x_dfs.o
                0x0000000000007b5c                DFS_Get_Curr_Policy
 .text.DFS_Initialize
                0x0000000000007b68       0x14 /home/user/qorc-sdk/qf_apps/qf_ssi_ai_app/GCC_Project/output/s3x_dfs.o
                0x0000000000007b68                DFS_Initialize
 .text.trace_this
                0x0000000000007b7c       0x28 /home/user/qorc-sdk/qf_apps/qf_ssi_ai_app/GCC_Project/output/s3x_lpm.o
 .text.S3x_Register_Lpm_Cb
                0x0000000000007ba4       0x40 /home/user/qorc-sdk/qf_apps/qf_ssi_ai_app/GCC_Project/output/s3x_lpm.o
                0x0000000000007ba4                S3x_Register_Lpm_Cb
 .text.s3x_setup_systick_interrupt
                0x0000000000007be4       0x54 /home/user/qorc-sdk/qf_apps/qf_ssi_ai_app/GCC_Project/output/s3x_lpm.o
                0x0000000000007be4                s3x_setup_systick_interrupt
 .text.prvStopTickInterruptTimer
                0x0000000000007c38       0x10 /home/user/qorc-sdk/qf_apps/qf_ssi_ai_app/GCC_Project/output/s3x_lpm.o
                0x0000000000007c38                prvStopTickInterruptTimer
 .text.prvStartTickInterruptTimer
                0x0000000000007c48        0x8 /home/user/qorc-sdk/qf_apps/qf_ssi_ai_app/GCC_Project/output/s3x_lpm.o
                0x0000000000007c48                prvStartTickInterruptTimer
 .text.SysTick_Handler
                0x0000000000007c50       0x12 /home/user/qorc-sdk/qf_apps/qf_ssi_ai_app/GCC_Project/output/s3x_lpm.o
                0x0000000000007c50                SysTick_Handler
 .text.vPortSetupTimerInterrupt
                0x0000000000007c62        0x6 /home/user/qorc-sdk/qf_apps/qf_ssi_ai_app/GCC_Project/output/s3x_lpm.o
                0x0000000000007c62                vPortSetupTimerInterrupt
 .text.S3x_Pre_Lpm
                0x0000000000007c68       0x20 /home/user/qorc-sdk/qf_apps/qf_ssi_ai_app/GCC_Project/output/s3x_lpm.o
                0x0000000000007c68                S3x_Pre_Lpm
 .text.S3x_Post_Lpm
                0x0000000000007c88       0x18 /home/user/qorc-sdk/qf_apps/qf_ssi_ai_app/GCC_Project/output/s3x_lpm.o
                0x0000000000007c88                S3x_Post_Lpm
 .text.S3x_Lpm_Handler
                0x0000000000007ca0      0x28c /home/user/qorc-sdk/qf_apps/qf_ssi_ai_app/GCC_Project/output/s3x_lpm.o
                0x0000000000007ca0                S3x_Lpm_Handler
 .text.s3x_get_pi
                0x0000000000007f2c       0x20 /home/user/qorc-sdk/qf_apps/qf_ssi_ai_app/GCC_Project/output/s3x_pi.o
                0x0000000000007f2c                s3x_get_pi
 .text.s3x_get_pi_gindex
                0x0000000000007f4c       0x14 /home/user/qorc-sdk/qf_apps/qf_ssi_ai_app/GCC_Project/output/s3x_pi.o
                0x0000000000007f4c                s3x_get_pi_gindex
 .text.s3x_pi_get_st
                0x0000000000007f60       0x24 /home/user/qorc-sdk/qf_apps/qf_ssi_ai_app/GCC_Project/output/s3x_pi.o
                0x0000000000007f60                s3x_pi_get_st
 .text.s3x_pi_set_cfg_st
                0x0000000000007f84       0x94 /home/user/qorc-sdk/qf_apps/qf_ssi_ai_app/GCC_Project/output/s3x_pi.o
                0x0000000000007f84                s3x_pi_set_cfg_st
 .text.s3x_pi_set_active_st
                0x0000000000008018       0xa8 /home/user/qorc-sdk/qf_apps/qf_ssi_ai_app/GCC_Project/output/s3x_pi.o
                0x0000000000008018                s3x_pi_set_active_st
 .text.s3x_pi_get_clkg_st
                0x00000000000080c0       0x36 /home/user/qorc-sdk/qf_apps/qf_ssi_ai_app/GCC_Project/output/s3x_pi.o
                0x00000000000080c0                s3x_pi_get_clkg_st
 .text.s3x_pi_set_clkg_st
                0x00000000000080f6       0x26 /home/user/qorc-sdk/qf_apps/qf_ssi_ai_app/GCC_Project/output/s3x_pi.o
                0x00000000000080f6                s3x_pi_set_clkg_st
 .text.s3x_set_pi_state
                0x000000000000811c        0xc /home/user/qorc-sdk/qf_apps/qf_ssi_ai_app/GCC_Project/output/s3x_pi.o
                0x000000000000811c                s3x_set_pi_state
 .text.s3x_get_pi_init_state
                0x0000000000008128       0x18 /home/user/qorc-sdk/qf_apps/qf_ssi_ai_app/GCC_Project/output/s3x_pi.o
                0x0000000000008128                s3x_get_pi_init_state
 .text.S3x_pi_init
                0x0000000000008140       0x20 /home/user/qorc-sdk/qf_apps/qf_ssi_ai_app/GCC_Project/output/s3x_pi.o
                0x0000000000008140                S3x_pi_init
 .text.S3x_pwrcfg_init
                0x0000000000008160       0x2c /home/user/qorc-sdk/qf_apps/qf_ssi_ai_app/GCC_Project/output/s3x_pwrcfg.o
                0x0000000000008160                S3x_pwrcfg_init
 .text.s3x_sram_in_lpm
                0x000000000000818c       0x1c /home/user/qorc-sdk/qf_apps/qf_ssi_ai_app/GCC_Project/output/s3x_pwrcfg.o
                0x000000000000818c                s3x_sram_in_lpm
 .text.S3x_get_qos_rate
                0x00000000000081a8       0x38 /home/user/qorc-sdk/qf_apps/qf_ssi_ai_app/GCC_Project/output/s3x_qos.o
                0x00000000000081a8                S3x_get_qos_rate
 .text.save_assert_info
                0x00000000000081e0       0x74 /home/user/qorc-sdk/qf_apps/qf_ssi_ai_app/GCC_Project/output/sec_debug.o
                0x00000000000081e0                save_assert_info
 .text.invoke_soft_fault
                0x0000000000008254       0x20 /home/user/qorc-sdk/qf_apps/qf_ssi_ai_app/GCC_Project/output/sec_debug.o
                0x0000000000008254                invoke_soft_fault
 .text.audio_set_first_data_block
                0x0000000000008274       0x54 /home/user/qorc-sdk/qf_apps/qf_ssi_ai_app/GCC_Project/output/sensor_audio_acquisition.o
                0x0000000000008274                audio_set_first_data_block
 .text.sensor_audio_startstop
                0x00000000000082c8       0x50 /home/user/qorc-sdk/qf_apps/qf_ssi_ai_app/GCC_Project/output/sensor_audio_config.o
                0x00000000000082c8                sensor_audio_startstop
 .text.sensor_audio_configure
                0x0000000000008318       0x48 /home/user/qorc-sdk/qf_apps/qf_ssi_ai_app/GCC_Project/output/sensor_audio_config.o
                0x0000000000008318                sensor_audio_configure
 .text.sensor_audio_add
                0x0000000000008360        0xc /home/user/qorc-sdk/qf_apps/qf_ssi_ai_app/GCC_Project/output/sensor_audio_config.o
                0x0000000000008360                sensor_audio_add
 .text.audio_livestream_data_processor
                0x000000000000836c       0x24 /home/user/qorc-sdk/qf_apps/qf_ssi_ai_app/GCC_Project/output/sensor_audio_process.o
                0x000000000000836c                audio_livestream_data_processor
 .text.audio_livestream_stop
                0x0000000000008390        0x4 /home/user/qorc-sdk/qf_apps/qf_ssi_ai_app/GCC_Project/output/sensor_audio_process.o
                0x0000000000008390                audio_livestream_stop
 .text.audio_livestream_config
                0x0000000000008394        0x2 /home/user/qorc-sdk/qf_apps/qf_ssi_ai_app/GCC_Project/output/sensor_audio_process.o
                0x0000000000008394                audio_livestream_config
 .text.audio_livestream_start
                0x0000000000008396        0x4 /home/user/qorc-sdk/qf_apps/qf_ssi_ai_app/GCC_Project/output/sensor_audio_process.o
                0x0000000000008396                audio_livestream_start
 *fill*         0x000000000000839a        0x2 
 .text.audio_block_processor
                0x000000000000839c       0x50 /home/user/qorc-sdk/qf_apps/qf_ssi_ai_app/GCC_Project/output/sensor_audio_process.o
                0x000000000000839c                audio_block_processor
 .text.startup._GLOBAL__sub_I_sensor_rate_debug_gpio_val
                0x00000000000083ec        0xc /home/user/qorc-sdk/qf_apps/qf_ssi_ai_app/GCC_Project/output/sensor_ssss.o
 .text.ssiTaskHandler
                0x00000000000083f8       0xb4 /home/user/qorc-sdk/qf_apps/qf_ssi_ai_app/GCC_Project/output/ssi_comms.o
                0x00000000000083f8                ssiTaskHandler
 .text.ssi_publish_sensor_data
                0x00000000000084ac       0x18 /home/user/qorc-sdk/qf_apps/qf_ssi_ai_app/GCC_Project/output/ssi_comms.o
                0x00000000000084ac                ssi_publish_sensor_data
 .text.StartSimpleStreamingInterfaceTask
                0x00000000000084c4       0x54 /home/user/qorc-sdk/qf_apps/qf_ssi_ai_app/GCC_Project/output/ssi_comms.o
                0x00000000000084c4                StartSimpleStreamingInterfaceTask
 .text.Reset_Handler
                0x0000000000008518       0x2c /home/user/qorc-sdk/qf_apps/qf_ssi_ai_app/GCC_Project/output/startup_EOSS3B_GCC.o
                0x0000000000008518                Reset_Handler
 .text.__semihost_call
                0x0000000000008544        0x6 /home/user/qorc-sdk/qf_apps/qf_ssi_ai_app/GCC_Project/output/startup_EOSS3B_GCC.o
                0x0000000000008544                __semihost_call
 *fill*         0x000000000000854a        0x2 
 .text.prvGetExpectedIdleTime
                0x000000000000854c       0x3c /home/user/qorc-sdk/qf_apps/qf_ssi_ai_app/GCC_Project/output/tasks.o
 .text.prvResetNextTaskUnblockTime
                0x0000000000008588       0x24 /home/user/qorc-sdk/qf_apps/qf_ssi_ai_app/GCC_Project/output/tasks.o
 .text.prvAddCurrentTaskToDelayedList
                0x00000000000085ac       0x8c /home/user/qorc-sdk/qf_apps/qf_ssi_ai_app/GCC_Project/output/tasks.o
 .text.xTaskCreate
                0x0000000000008638      0x1e0 /home/user/qorc-sdk/qf_apps/qf_ssi_ai_app/GCC_Project/output/tasks.o
                0x0000000000008638                xTaskCreate
 .text.vTaskStartScheduler
                0x0000000000008818       0x98 /home/user/qorc-sdk/qf_apps/qf_ssi_ai_app/GCC_Project/output/tasks.o
                0x0000000000008818                vTaskStartScheduler
 .text.vTaskSuspendAll
                0x00000000000088b0       0x10 /home/user/qorc-sdk/qf_apps/qf_ssi_ai_app/GCC_Project/output/tasks.o
                0x00000000000088b0                vTaskSuspendAll
 .text.xTaskGetTickCount
                0x00000000000088c0        0xc /home/user/qorc-sdk/qf_apps/qf_ssi_ai_app/GCC_Project/output/tasks.o
                0x00000000000088c0                xTaskGetTickCount
 .text.xTaskGetTickCountFromISR
                0x00000000000088cc       0x10 /home/user/qorc-sdk/qf_apps/qf_ssi_ai_app/GCC_Project/output/tasks.o
                0x00000000000088cc                xTaskGetTickCountFromISR
 .text.vTaskStepTick
                0x00000000000088dc       0x44 /home/user/qorc-sdk/qf_apps/qf_ssi_ai_app/GCC_Project/output/tasks.o
                0x00000000000088dc                vTaskStepTick
 .text.xTaskIncrementTick
                0x0000000000008920      0x14c /home/user/qorc-sdk/qf_apps/qf_ssi_ai_app/GCC_Project/output/tasks.o
                0x0000000000008920                xTaskIncrementTick
 .text.xTaskResumeAll
                0x0000000000008a6c      0x100 /home/user/qorc-sdk/qf_apps/qf_ssi_ai_app/GCC_Project/output/tasks.o
                0x0000000000008a6c                xTaskResumeAll
 .text.vTaskDelay
                0x0000000000008b6c       0x60 /home/user/qorc-sdk/qf_apps/qf_ssi_ai_app/GCC_Project/output/tasks.o
                0x0000000000008b6c                vTaskDelay
 .text.prvIdleTask
                0x0000000000008bcc       0xc4 /home/user/qorc-sdk/qf_apps/qf_ssi_ai_app/GCC_Project/output/tasks.o
 .text.vTaskSwitchContext
                0x0000000000008c90       0xb8 /home/user/qorc-sdk/qf_apps/qf_ssi_ai_app/GCC_Project/output/tasks.o
                0x0000000000008c90                vTaskSwitchContext
 .text.vTaskPlaceOnEventList
                0x0000000000008d48       0x48 /home/user/qorc-sdk/qf_apps/qf_ssi_ai_app/GCC_Project/output/tasks.o
                0x0000000000008d48                vTaskPlaceOnEventList
 .text.vTaskPlaceOnEventListRestricted
                0x0000000000008d90       0x50 /home/user/qorc-sdk/qf_apps/qf_ssi_ai_app/GCC_Project/output/tasks.o
                0x0000000000008d90                vTaskPlaceOnEventListRestricted
 .text.xTaskRemoveFromEventList
                0x0000000000008de0       0x9c /home/user/qorc-sdk/qf_apps/qf_ssi_ai_app/GCC_Project/output/tasks.o
                0x0000000000008de0                xTaskRemoveFromEventList
 .text.vTaskInternalSetTimeOutState
                0x0000000000008e7c       0x18 /home/user/qorc-sdk/qf_apps/qf_ssi_ai_app/GCC_Project/output/tasks.o
                0x0000000000008e7c                vTaskInternalSetTimeOutState
 .text.xTaskCheckForTimeOut
                0x0000000000008e94       0x94 /home/user/qorc-sdk/qf_apps/qf_ssi_ai_app/GCC_Project/output/tasks.o
                0x0000000000008e94                xTaskCheckForTimeOut
 .text.vTaskMissedYield
                0x0000000000008f28        0xc /home/user/qorc-sdk/qf_apps/qf_ssi_ai_app/GCC_Project/output/tasks.o
                0x0000000000008f28                vTaskMissedYield
 .text.uxTaskGetTCBNumber
                0x0000000000008f34       0x14 /home/user/qorc-sdk/qf_apps/qf_ssi_ai_app/GCC_Project/output/tasks.o
                0x0000000000008f34                uxTaskGetTCBNumber
 .text.eTaskConfirmSleepModeStatus
                0x0000000000008f48       0x34 /home/user/qorc-sdk/qf_apps/qf_ssi_ai_app/GCC_Project/output/tasks.o
                0x0000000000008f48                eTaskConfirmSleepModeStatus
 .text.xTaskGetCurrentTaskHandle
                0x0000000000008f7c        0xc /home/user/qorc-sdk/qf_apps/qf_ssi_ai_app/GCC_Project/output/tasks.o