Archive member included to satisfy reference by file (symbol)

/build/qf_apps/qf_ssi_ai_app/knowledgepack/sensiml/libsensiml.a(kb.o)
                              /build/qf_apps/qf_ssi_ai_app/GCC_Project/output/main.o (kb_model_init)
/build/qf_apps/qf_ssi_ai_app/knowledgepack/sensiml/libsensiml.a(sorted_copy.o)
                              /build/qf_apps/qf_ssi_ai_app/knowledgepack/sensiml/libsensiml.a(kb.o) (sorted_copy)
/build/qf_apps/qf_ssi_ai_app/knowledgepack/sensiml/libsensiml.a(sg_windowing.o)
                              /build/qf_apps/qf_ssi_ai_app/knowledgepack/sensiml/libsensiml.a(kb.o) (tr_windowing_init)
/build/qf_apps/qf_ssi_ai_app/knowledgepack/sensiml/libsensiml.a(pme.o)
                              /build/qf_apps/qf_ssi_ai_app/knowledgepack/sensiml/libsensiml.a(kb.o) (pme_simple_init)
/build/qf_apps/qf_ssi_ai_app/knowledgepack/sensiml/libsensiml.a(kb_pipeline.o)
                              /build/qf_apps/qf_ssi_ai_app/knowledgepack/sensiml/libsensiml.a(kb.o) (KB_data_streaming_New_rank_0)
/build/qf_apps/qf_ssi_ai_app/knowledgepack/sensiml/libsensiml.a(save_sensor_data.o)
                              /build/qf_apps/qf_ssi_ai_app/knowledgepack/sensiml/libsensiml.a(kb_pipeline.o) (saveSensorData)
/build/qf_apps/qf_ssi_ai_app/knowledgepack/sensiml/libsensiml.a(pme_trained_neurons.o)
                              /build/qf_apps/qf_ssi_ai_app/knowledgepack/sensiml/libsensiml.a(kb.o) (kb_classifier_rows)
/build/qf_apps/qf_ssi_ai_app/knowledgepack/sensiml/libsensiml.a(sortarray.o)
                              /build/qf_apps/qf_ssi_ai_app/knowledgepack/sensiml/libsensiml.a(sorted_copy.o) (sortarray)
/build/qf_apps/qf_ssi_ai_app/knowledgepack/sensiml/libsensiml.a(dsp_lsup_distance.o)
                              /build/qf_apps/qf_ssi_ai_app/knowledgepack/sensiml/libsensiml.a(pme.o) (lsup_distance)
/build/qf_apps/qf_ssi_ai_app/knowledgepack/sensiml/libsensiml.a(fg_roc_sigma_crossing_rate.o)
                              /build/qf_apps/qf_ssi_ai_app/knowledgepack/sensiml/libsensiml.a(kb_pipeline.o) (fg_roc_sigma_crossing_rate)
/build/qf_apps/qf_ssi_ai_app/knowledgepack/sensiml/libsensiml.a(rb.o)
                              /build/qf_apps/qf_ssi_ai_app/knowledgepack/sensiml/libsensiml.a(kb.o) (next_pow_2)
/build/qf_apps/qf_ssi_ai_app/knowledgepack/sensiml/libsensiml.a(dsp_l1_distance.o)
                              /build/qf_apps/qf_ssi_ai_app/knowledgepack/sensiml/libsensiml.a(pme.o) (l1_distance)
/build/qf_apps/qf_ssi_ai_app/knowledgepack/sensiml/libsensiml.a(dsp_dtw_distance.o)
                              /build/qf_apps/qf_ssi_ai_app/knowledgepack/sensiml/libsensiml.a(pme.o) (compute_distance_matrix)
/build/qf_apps/qf_ssi_ai_app/knowledgepack/sensiml/libsensiml.a(fg_roc_mean_crossing_rate.o)
                              /build/qf_apps/qf_ssi_ai_app/knowledgepack/sensiml/libsensiml.a(kb_pipeline.o) (fg_roc_mean_crossing_rate)
/build/qf_apps/qf_ssi_ai_app/knowledgepack/sensiml/libsensiml.a(fg_stats_pct025.o)
                              /build/qf_apps/qf_ssi_ai_app/knowledgepack/sensiml/libsensiml.a(kb_pipeline.o) (fg_stats_pct025)
/build/qf_apps/qf_ssi_ai_app/knowledgepack/sensiml/libsensiml.a(stats_percentile_presorted.o)
                              /build/qf_apps/qf_ssi_ai_app/knowledgepack/sensiml/libsensiml.a(fg_stats_pct025.o) (stats_percentile_presorted)
/build/qf_apps/qf_ssi_ai_app/knowledgepack/sensiml/libsensiml.a(fg_energy_total_energy.o)
                              /build/qf_apps/qf_ssi_ai_app/knowledgepack/sensiml/libsensiml.a(kb_pipeline.o) (fg_energy_total_energy)
/build/qf_apps/qf_ssi_ai_app/knowledgepack/sensiml/libsensiml.a(fg_roc_second_sigma_crossing_rate.o)
                              /build/qf_apps/qf_ssi_ai_app/knowledgepack/sensiml/libsensiml.a(kb_pipeline.o) (fg_roc_second_sigma_crossing_rate)
/build/qf_apps/qf_ssi_ai_app/knowledgepack/sensiml/libsensiml.a(fg_stats_pct075.o)
                              /build/qf_apps/qf_ssi_ai_app/knowledgepack/sensiml/libsensiml.a(kb_pipeline.o) (fg_stats_pct075)
/build/qf_apps/qf_ssi_ai_app/knowledgepack/sensiml/libsensiml.a(fg_stats_skewness.o)
                              /build/qf_apps/qf_ssi_ai_app/knowledgepack/sensiml/libsensiml.a(kb_pipeline.o) (fg_stats_skewness)
/build/qf_apps/qf_ssi_ai_app/knowledgepack/sensiml/libsensiml.a(fg_stats_abs_sum.o)
                              /build/qf_apps/qf_ssi_ai_app/knowledgepack/sensiml/libsensiml.a(kb_pipeline.o) (fg_stats_abs_sum)
/build/qf_apps/qf_ssi_ai_app/knowledgepack/sensiml/libsensiml.a(fg_energy_average_energy.o)
                              /build/qf_apps/qf_ssi_ai_app/knowledgepack/sensiml/libsensiml.a(kb_pipeline.o) (fg_energy_average_energy)
/build/qf_apps/qf_ssi_ai_app/knowledgepack/sensiml/libsensiml.a(utils_tr_sensor.o)
                              /build/qf_apps/qf_ssi_ai_app/knowledgepack/sensiml/libsensiml.a(kb_pipeline.o) (tr_sensor_sensors)
/build/qf_apps/qf_ssi_ai_app/knowledgepack/sensiml/libsensiml.a(fg_stats_pct100.o)
[...]
Memory Configuration

Name             Origin             Length             Attributes
rom              0x0000000000000000 0x0000000000027000 xr
ram              0x0000000020027000 0x000000000003c800 xrw
spiram           0x0000000020063800 0x0000000000000800 rw
HWA              0x0000000020064000 0x0000000000018000 rw
shm              0x000000002007c000 0x0000000000004000
*default*        0x0000000000000000 0xffffffffffffffff

Linker script and memory map

LOAD /usr/local/gcc-arm-none-eabi-9-2020-q2-update/bin/../lib/gcc/arm-none-eabi/9.3.1/thumb/v7e-m+fp/hard/crti.o
LOAD /usr/local/gcc-arm-none-eabi-9-2020-q2-update/bin/../lib/gcc/arm-none-eabi/9.3.1/thumb/v7e-m+fp/hard/crtbegin.o
LOAD /usr/local/gcc-arm-none-eabi-9-2020-q2-update/bin/../lib/gcc/arm-none-eabi/9.3.1/../../../../arm-none-eabi/lib/thumb/v7e-m+fp/hard/crt0.o
LOAD /build/qf_apps/qf_ssi_ai_app/GCC_Project/output/Wire.o
LOAD /build/qf_apps/qf_ssi_ai_app/GCC_Project/output/c_lib_retarget.o
LOAD /build/qf_apps/qf_ssi_ai_app/GCC_Project/output/circularBuffQueue.o
LOAD /build/qf_apps/qf_ssi_ai_app/GCC_Project/output/cli_args.o
LOAD /build/qf_apps/qf_ssi_ai_app/GCC_Project/output/cli_hexdump.o
LOAD /build/qf_apps/qf_ssi_ai_app/GCC_Project/output/cli_io.o
LOAD /build/qf_apps/qf_ssi_ai_app/GCC_Project/output/cli_loop.o
LOAD /build/qf_apps/qf_ssi_ai_app/GCC_Project/output/cli_misc.o
LOAD /build/qf_apps/qf_ssi_ai_app/GCC_Project/output/cli_platform.o
LOAD /build/qf_apps/qf_ssi_ai_app/GCC_Project/output/cli_stdcmds.o
LOAD /build/qf_apps/qf_ssi_ai_app/GCC_Project/output/crc16.o
LOAD /build/qf_apps/qf_ssi_ai_app/GCC_Project/output/crc32.o
LOAD /build/qf_apps/qf_ssi_ai_app/GCC_Project/output/croutine.o
LOAD /build/qf_apps/qf_ssi_ai_app/GCC_Project/output/datablk_mgr.o
LOAD /build/qf_apps/qf_ssi_ai_app/GCC_Project/output/datablk_processor.o
LOAD /build/qf_apps/qf_ssi_ai_app/GCC_Project/output/dbg_bufferedprinttask.o
LOAD /build/qf_apps/qf_ssi_ai_app/GCC_Project/output/dbg_queue_monitor.o
LOAD /build/qf_apps/qf_ssi_ai_app/GCC_Project/output/dbg_uart.o
LOAD /build/qf_apps/qf_ssi_ai_app/GCC_Project/output/dbgtrace.o
LOAD /build/qf_apps/qf_ssi_ai_app/GCC_Project/output/eoss3_hal_adc.o
LOAD /build/qf_apps/qf_ssi_ai_app/GCC_Project/output/eoss3_hal_audio.o
LOAD /build/qf_apps/qf_ssi_ai_app/GCC_Project/output/eoss3_hal_fpga_usbserial.o
LOAD /build/qf_apps/qf_ssi_ai_app/GCC_Project/output/eoss3_hal_gpio.o
LOAD /build/qf_apps/qf_ssi_ai_app/GCC_Project/output/eoss3_hal_i2c.o
LOAD /build/qf_apps/qf_ssi_ai_app/GCC_Project/output/eoss3_hal_i2s.o
LOAD /build/qf_apps/qf_ssi_ai_app/GCC_Project/output/eoss3_hal_i2s_slave_assp.o
LOAD /build/qf_apps/qf_ssi_ai_app/GCC_Project/output/eoss3_hal_pad_config.o
LOAD /build/qf_apps/qf_ssi_ai_app/GCC_Project/output/eoss3_hal_pkfb.o
LOAD /build/qf_apps/qf_ssi_ai_app/GCC_Project/output/eoss3_hal_rtc.o
LOAD /build/qf_apps/qf_ssi_ai_app/GCC_Project/output/eoss3_hal_sdma.o
LOAD /build/qf_apps/qf_ssi_ai_app/GCC_Project/output/eoss3_hal_spi.o
LOAD /build/qf_apps/qf_ssi_ai_app/GCC_Project/output/eoss3_hal_timer.o
LOAD /build/qf_apps/qf_ssi_ai_app/GCC_Project/output/eoss3_hal_uart.o
LOAD /build/qf_apps/qf_ssi_ai_app/GCC_Project/output/eoss3_hal_wb.o
LOAD /build/qf_apps/qf_ssi_ai_app/GCC_Project/output/eoss3_hal_wdt.o
LOAD /build/qf_apps/qf_ssi_ai_app/GCC_Project/output/event_groups.o
LOAD /build/qf_apps/qf_ssi_ai_app/GCC_Project/output/exceptions.o
LOAD /build/qf_apps/qf_ssi_ai_app/GCC_Project/output/fpga_loader.o
LOAD /build/qf_apps/qf_ssi_ai_app/GCC_Project/output/freertos_static_memory.o
LOAD /build/qf_apps/qf_ssi_ai_app/GCC_Project/output/heap_4.o
LOAD /build/qf_apps/qf_ssi_ai_app/GCC_Project/output/hearable_pwrcfg.o
LOAD /build/qf_apps/qf_ssi_ai_app/GCC_Project/output/leds.o
LOAD /build/qf_apps/qf_ssi_ai_app/GCC_Project/output/list.o
LOAD /build/qf_apps/qf_ssi_ai_app/GCC_Project/output/main.o
LOAD /build/qf_apps/qf_ssi_ai_app/GCC_Project/output/main_dbg_cli_menu.o
LOAD /build/qf_apps/qf_ssi_ai_app/GCC_Project/output/mc3635.o
LOAD /build/qf_apps/qf_ssi_ai_app/GCC_Project/output/mc3635_wire.o
LOAD /build/qf_apps/qf_ssi_ai_app/GCC_Project/output/micro_tick64.o
LOAD /build/qf_apps/qf_ssi_ai_app/GCC_Project/output/pincfg_table.o
LOAD /build/qf_apps/qf_ssi_ai_app/GCC_Project/output/port.o
LOAD /build/qf_apps/qf_ssi_ai_app/GCC_Project/output/qf_baremetalsetup.o
LOAD /build/qf_apps/qf_ssi_ai_app/GCC_Project/output/qf_hardwaresetup.o
LOAD /build/qf_apps/qf_ssi_ai_app/GCC_Project/output/ql_base64.o
LOAD /build/qf_apps/qf_ssi_ai_app/GCC_Project/output/ql_stackwatermark.o
LOAD /build/qf_apps/qf_ssi_ai_app/GCC_Project/output/ql_test_signals.o
LOAD /build/qf_apps/qf_ssi_ai_app/GCC_Project/output/ql_time.o
LOAD /build/qf_apps/qf_ssi_ai_app/GCC_Project/output/queue.o
LOAD /build/qf_apps/qf_ssi_ai_app/GCC_Project/output/s3x_clock.o
LOAD /build/qf_apps/qf_ssi_ai_app/GCC_Project/output/s3x_clock_hal.o
LOAD /build/qf_apps/qf_ssi_ai_app/GCC_Project/output/s3x_cpuload.o
LOAD /build/qf_apps/qf_ssi_ai_app/GCC_Project/output/s3x_dfs.o
LOAD /build/qf_apps/qf_ssi_ai_app/GCC_Project/output/s3x_lpm.o
LOAD /build/qf_apps/qf_ssi_ai_app/GCC_Project/output/s3x_pi.o
LOAD /build/qf_apps/qf_ssi_ai_app/GCC_Project/output/s3x_pwrcfg.o
LOAD /build/qf_apps/qf_ssi_ai_app/GCC_Project/output/s3x_qos.o
LOAD /build/qf_apps/qf_ssi_ai_app/GCC_Project/output/sec_debug.o
LOAD /build/qf_apps/qf_ssi_ai_app/GCC_Project/output/sensor_audio_acquisition.o
LOAD /build/qf_apps/qf_ssi_ai_app/GCC_Project/output/sensor_audio_acquisition_test.o
LOAD /build/qf_apps/qf_ssi_ai_app/GCC_Project/output/sensor_audio_config.o
LOAD /build/qf_apps/qf_ssi_ai_app/GCC_Project/output/sensor_audio_process.o
LOAD /build/qf_apps/qf_ssi_ai_app/GCC_Project/output/sensor_ssss.o
LOAD /build/qf_apps/qf_ssi_ai_app/GCC_Project/output/sml_output.o
LOAD /build/qf_apps/qf_ssi_ai_app/GCC_Project/output/sml_recognition_run.o
LOAD /build/qf_apps/qf_ssi_ai_app/GCC_Project/output/spi_flash.o
LOAD /build/qf_apps/qf_ssi_ai_app/GCC_Project/output/ssi_comms.o
LOAD /build/qf_apps/qf_ssi_ai_app/GCC_Project/output/startup_EOSS3B_GCC.o
LOAD /build/qf_apps/qf_ssi_ai_app/GCC_Project/output/stream_buffer.o
LOAD /build/qf_apps/qf_ssi_ai_app/GCC_Project/output/tasks.o
LOAD /build/qf_apps/qf_ssi_ai_app/GCC_Project/output/timers.o
LOAD /build/qf_apps/qf_ssi_ai_app/GCC_Project/output/usb2serial.o
LOAD /build/qf_apps/qf_ssi_ai_app/GCC_Project/output/vectors_CM4F_gcc.o
LOAD /build/qf_apps/qf_ssi_ai_app/GCC_Project/output/watchdog.o
LOAD /build/qf_apps/qf_ssi_ai_app/knowledgepack/sensiml/libsensiml.a
LOAD /build/qf_apps/qf_ssi_ai_app/GCC_Project/../../../Libraries/CMSIS/lib/GCC/libarm_cortexM4lf_math.a
LOAD /usr/local/gcc-arm-none-eabi-9-2020-q2-update/bin/../lib/gcc/arm-none-eabi/9.3.1/../../../../arm-none-eabi/lib/thumb/v7e-m+fp/hard/libstdc++_nano.a
LOAD /usr/local/gcc-arm-none-eabi-9-2020-q2-update/bin/../lib/gcc/arm-none-eabi/9.3.1/../../../../arm-none-eabi/lib/thumb/v7e-m+fp/hard/libm.a
START GROUP
LOAD /usr/local/gcc-arm-none-eabi-9-2020-q2-update/bin/../lib/gcc/arm-none-eabi/9.3.1/thumb/v7e-m+fp/hard/libgcc.a
LOAD /usr/local/gcc-arm-none-eabi-9-2020-q2-update/bin/../lib/gcc/arm-none-eabi/9.3.1/../../../../arm-none-eabi/lib/thumb/v7e-m+fp/hard/libg_nano.a
LOAD /usr/local/gcc-arm-none-eabi-9-2020-q2-update/bin/../lib/gcc/arm-none-eabi/9.3.1/../../../../arm-none-eabi/lib/thumb/v7e-m+fp/hard/libc_nano.a
END GROUP
START GROUP
LOAD /usr/local/gcc-arm-none-eabi-9-2020-q2-update/bin/../lib/gcc/arm-none-eabi/9.3.1/thumb/v7e-m+fp/hard/libgcc.a
LOAD /usr/local/gcc-arm-none-eabi-9-2020-q2-update/bin/../lib/gcc/arm-none-eabi/9.3.1/../../../../arm-none-eabi/lib/thumb/v7e-m+fp/hard/libc_nano.a
LOAD /usr/local/gcc-arm-none-eabi-9-2020-q2-update/bin/../lib/gcc/arm-none-eabi/9.3.1/../../../../arm-none-eabi/lib/thumb/v7e-m+fp/hard/libnosys.a
END GROUP
START GROUP
LOAD /usr/local/gcc-arm-none-eabi-9-2020-q2-update/bin/../lib/gcc/arm-none-eabi/9.3.1/thumb/v7e-m+fp/hard/libgcc.a
LOAD /usr/local/gcc-arm-none-eabi-9-2020-q2-update/bin/../lib/gcc/arm-none-eabi/9.3.1/../../../../arm-none-eabi/lib/thumb/v7e-m+fp/hard/libc_nano.a
LOAD /usr/local/gcc-arm-none-eabi-9-2020-q2-update/bin/../lib/gcc/arm-none-eabi/9.3.1/../../../../arm-none-eabi/lib/thumb/v7e-m+fp/hard/libnosys.a
END GROUP
LOAD /usr/local/gcc-arm-none-eabi-9-2020-q2-update/bin/../lib/gcc/arm-none-eabi/9.3.1/thumb/v7e-m+fp/hard/crtend.o
LOAD /usr/local/gcc-arm-none-eabi-9-2020-q2-update/bin/../lib/gcc/arm-none-eabi/9.3.1/thumb/v7e-m+fp/hard/crtn.o

.text           0x0000000000000000     0xd3b7
 *(.isr_vector)
 .isr_vector    0x0000000000000000      0x124 /build/qf_apps/qf_ssi_ai_app/GCC_Project/output/vectors_CM4F_gcc.o
                0x0000000000000000                __Vectors
 *(.text*)
 .text          0x0000000000000124       0x40 /usr/local/gcc-arm-none-eabi-9-2020-q2-update/bin/../lib/gcc/arm-none-eabi/9.3.1/thumb/v7e-m+fp/hard/crtbegin.o
 .text          0x0000000000000164       0x7c /usr/local/gcc-arm-none-eabi-9-2020-q2-update/bin/../lib/gcc/arm-none-eabi/9.3.1/../../../../arm-none-eabi/lib/thumb/v7e-m+fp/hard/crt0.o
                0x0000000000000164                _stack_init
                0x000000000000016c                _mainCRTStartup
                0x000000000000016c                _start
 .text._write   0x00000000000001e0        0xe /build/qf_apps/qf_ssi_ai_app/GCC_Project/output/c_lib_retarget.o
                0x00000000000001e0                _write
 .text._close   0x00000000000001ee        0x6 /build/qf_apps/qf_ssi_ai_app/GCC_Project/output/c_lib_retarget.o
                0x00000000000001ee                _close
 .text._lseek   0x00000000000001f4        0x4 /build/qf_apps/qf_ssi_ai_app/GCC_Project/output/c_lib_retarget.o
                0x00000000000001f4                _lseek
 .text._read    0x00000000000001f8        0x4 /build/qf_apps/qf_ssi_ai_app/GCC_Project/output/c_lib_retarget.o
                0x00000000000001f8                _read
 .text.datablk_mgr_acquire_common
                0x00000000000001fc       0x84 /build/qf_apps/qf_ssi_ai_app/GCC_Project/output/datablk_mgr.o
 .text.datablk_mgr_init
                0x0000000000000280       0xd8 /build/qf_apps/qf_ssi_ai_app/GCC_Project/output/datablk_mgr.o
                0x0000000000000280                datablk_mgr_init
 .text.datablk_mgr_acquire
                0x0000000000000358        0x6 /build/qf_apps/qf_ssi_ai_app/GCC_Project/output/datablk_mgr.o
                0x0000000000000358                datablk_mgr_acquire
 .text.datablk_mgr_acquireFromISR
                0x000000000000035e        0x8 /build/qf_apps/qf_ssi_ai_app/GCC_Project/output/datablk_mgr.o
                0x000000000000035e                datablk_mgr_acquireFromISR
 .text.datablk_mgr_usecount_increment
                0x0000000000000366       0x18 /build/qf_apps/qf_ssi_ai_app/GCC_Project/output/datablk_mgr.o
                0x0000000000000366                datablk_mgr_usecount_increment
 .text.datablk_mgr_validity_check
                0x000000000000037e       0x1a /build/qf_apps/qf_ssi_ai_app/GCC_Project/output/datablk_mgr.o
                0x000000000000037e                datablk_mgr_validity_check
 .text.datablk_mgr_release_common
                0x0000000000000398       0x8c /build/qf_apps/qf_ssi_ai_app/GCC_Project/output/datablk_mgr.o
                0x0000000000000398                datablk_mgr_release_common
 .text.datablk_mgr_release
                0x0000000000000424        0x6 /build/qf_apps/qf_ssi_ai_app/GCC_Project/output/datablk_mgr.o
                0x0000000000000424                datablk_mgr_release
 *fill*         0x000000000000042a        0x2 
 .text.datablk_mgr_WriteDataBufferToQueues
                0x000000000000042c       0x70 /build/qf_apps/qf_ssi_ai_app/GCC_Project/output/datablk_mgr.o
                0x000000000000042c                datablk_mgr_WriteDataBufferToQueues
 .text.datablk_mgr_WriteDataBufferToQueuesFromISR
                0x000000000000049c       0x60 /build/qf_apps/qf_ssi_ai_app/GCC_Project/output/datablk_mgr.o
                0x000000000000049c                datablk_mgr_WriteDataBufferToQueuesFromISR
 .text.datablk_processor_task
                0x00000000000004fc      0x118 /build/qf_apps/qf_ssi_ai_app/GCC_Project/output/datablk_processor.o
 .text.datablk_pe_process_bypass_func
                0x0000000000000614       0x18 /build/qf_apps/qf_ssi_ai_app/GCC_Project/output/datablk_processor.o
 .text.datablk_processor_task_setup
                0x000000000000062c       0x48 /build/qf_apps/qf_ssi_ai_app/GCC_Project/output/datablk_processor.o
                0x000000000000062c                datablk_processor_task_setup
 .text.__debug_lockup
                0x0000000000000674       0x14 /build/qf_apps/qf_ssi_ai_app/GCC_Project/output/dbg_uart.o
 .text._semihost_write
                0x0000000000000688       0x54 /build/qf_apps/qf_ssi_ai_app/GCC_Project/output/dbg_uart.o
                0x0000000000000688                _semihost_write
 .text.dbg_ch_raw
                0x00000000000006dc       0x74 /build/qf_apps/qf_ssi_ai_app/GCC_Project/output/dbg_uart.o
                0x00000000000006dc                dbg_ch_raw
 .text.dbg_nl   0x0000000000000750       0x12 /build/qf_apps/qf_ssi_ai_app/GCC_Project/output/dbg_uart.o
                0x0000000000000750                dbg_nl
 .text.dbg_ch   0x0000000000000762        0xc /build/qf_apps/qf_ssi_ai_app/GCC_Project/output/dbg_uart.o
                0x0000000000000762                dbg_ch
 .text.dbg_hex4
                0x000000000000076e       0x14 /build/qf_apps/qf_ssi_ai_app/GCC_Project/output/dbg_uart.o
 .text.dbg_hex8
                0x0000000000000782       0x14 /build/qf_apps/qf_ssi_ai_app/GCC_Project/output/dbg_uart.o
                0x0000000000000782                dbg_hex8
 .text.dbg_hex16
                0x0000000000000796       0x14 /build/qf_apps/qf_ssi_ai_app/GCC_Project/output/dbg_uart.o
                0x0000000000000796                dbg_hex16
 .text.dbg_hex32
                0x00000000000007aa       0x14 /build/qf_apps/qf_ssi_ai_app/GCC_Project/output/dbg_uart.o
                0x00000000000007aa                dbg_hex32
 .text._dbg_int
                0x00000000000007be       0x20 /build/qf_apps/qf_ssi_ai_app/GCC_Project/output/dbg_uart.o
 .text.dbg_memdumpx
                0x00000000000007de       0xea /build/qf_apps/qf_ssi_ai_app/GCC_Project/output/dbg_uart.o
 .text.dbg_str  0x00000000000008c8       0x84 /build/qf_apps/qf_ssi_ai_app/GCC_Project/output/dbg_uart.o
                0x00000000000008c8                dbg_str
 .text._dbg_str_xxx
                0x000000000000094c       0x16 /build/qf_apps/qf_ssi_ai_app/GCC_Project/output/dbg_uart.o
 .text.dbg_str_hexXX
                0x0000000000000962       0x22 /build/qf_apps/qf_ssi_ai_app/GCC_Project/output/dbg_uart.o
 .text.dbg_int  0x0000000000000984       0x24 /build/qf_apps/qf_ssi_ai_app/GCC_Project/output/dbg_uart.o
                0x0000000000000984                dbg_int
 .text.dbg_str_str
                0x00000000000009a8       0x16 /build/qf_apps/qf_ssi_ai_app/GCC_Project/output/dbg_uart.o
                0x00000000000009a8                dbg_str_str
 .text.dbg_str_int
                0x00000000000009be       0x16 /build/qf_apps/qf_ssi_ai_app/GCC_Project/output/dbg_uart.o
                0x00000000000009be                dbg_str_int
 .text.dbg_str_int_noln
                0x00000000000009d4       0x12 /build/qf_apps/qf_ssi_ai_app/GCC_Project/output/dbg_uart.o
                0x00000000000009d4                dbg_str_int_noln
 *fill*         0x00000000000009e6        0x2 
 .text.dbg_str_hex32
                0x00000000000009e8        0xc /build/qf_apps/qf_ssi_ai_app/GCC_Project/output/dbg_uart.o
                0x00000000000009e8                dbg_str_hex32
 .text.dbg_fatal_error
                0x00000000000009f4       0x12 /build/qf_apps/qf_ssi_ai_app/GCC_Project/output/dbg_uart.o
                0x00000000000009f4                dbg_fatal_error
 .text.dbg_fatal_error_int
                0x0000000000000a06        0xe /build/qf_apps/qf_ssi_ai_app/GCC_Project/output/dbg_uart.o
                0x0000000000000a06                dbg_fatal_error_int
 .text.dbg_memdump32
                0x0000000000000a14       0x1e /build/qf_apps/qf_ssi_ai_app/GCC_Project/output/dbg_uart.o
                0x0000000000000a14                dbg_memdump32
 *fill*         0x0000000000000a32        0x2 
 .text.config_voice_interrupts
                0x0000000000000a34       0x28 /build/qf_apps/qf_ssi_ai_app/GCC_Project/output/eoss3_hal_audio.o
 .text.disableAudioNvicInterrupts
                0x0000000000000a5c       0x48 /build/qf_apps/qf_ssi_ai_app/GCC_Project/output/eoss3_hal_audio.o
 .text.pdmConnectorInit
                0x0000000000000aa4        0x4 /build/qf_apps/qf_ssi_ai_app/GCC_Project/output/eoss3_hal_audio.o
 .text.enableAudioClocks
                0x0000000000000aa8       0x1a /build/qf_apps/qf_ssi_ai_app/GCC_Project/output/eoss3_hal_audio.o
                0x0000000000000aa8                enableAudioClocks
 .text.disableAudioClocks
                0x0000000000000ac2       0x1a /build/qf_apps/qf_ssi_ai_app/GCC_Project/output/eoss3_hal_audio.o
                0x0000000000000ac2                disableAudioClocks
 .text.post_first_pdm_dma_after_lpsd
                0x0000000000000adc       0x5c /build/qf_apps/qf_ssi_ai_app/GCC_Project/output/eoss3_hal_audio.o
                0x0000000000000adc                post_first_pdm_dma_after_lpsd
 .text.pdmConnectorStart
                0x0000000000000b38      0x100 /build/qf_apps/qf_ssi_ai_app/GCC_Project/output/eoss3_hal_audio.o
 .text.HAL_Audio_StartDMA
                0x0000000000000c38       0x38 /build/qf_apps/qf_ssi_ai_app/GCC_Project/output/eoss3_hal_audio.o
                0x0000000000000c38                HAL_Audio_StartDMA
 .text.HAL_Audio_StopDMA
                0x0000000000000c70       0x54 /build/qf_apps/qf_ssi_ai_app/GCC_Project/output/eoss3_hal_audio.o
                0x0000000000000c70                HAL_Audio_StopDMA
 .text.pdmConnectorStop
                0x0000000000000cc4        0x4 /build/qf_apps/qf_ssi_ai_app/GCC_Project/output/eoss3_hal_audio.o
 .text.HAL_Audio_Start
                0x0000000000000cc8       0xa8 /build/qf_apps/qf_ssi_ai_app/GCC_Project/output/eoss3_hal_audio.o
                0x0000000000000cc8                HAL_Audio_Start
 .text.HAL_Audio_Stop
                0x0000000000000d70       0x32 /build/qf_apps/qf_ssi_ai_app/GCC_Project/output/eoss3_hal_audio.o
                0x0000000000000d70                HAL_Audio_Stop
 *fill*         0x0000000000000da2        0x2 
 .text.onDmac0BlockDone
                0x0000000000000da4       0x20 /build/qf_apps/qf_ssi_ai_app/GCC_Project/output/eoss3_hal_audio.o
                0x0000000000000da4                onDmac0BlockDone
 .text.onDmac0BufferDone
                0x0000000000000dc4       0x20 /build/qf_apps/qf_ssi_ai_app/GCC_Project/output/eoss3_hal_audio.o
                0x0000000000000dc4                onDmac0BufferDone
 .text.audio_isr_onDmac0BufferDone
                0x0000000000000de4       0xc8 /build/qf_apps/qf_ssi_ai_app/GCC_Project/output/eoss3_hal_audio.o
                0x0000000000000de4                audio_isr_onDmac0BufferDone
 .text.QL_Audio_StartUp
                0x0000000000000eac       0x28 /build/qf_apps/qf_ssi_ai_app/GCC_Project/output/eoss3_hal_audio.o
                0x0000000000000eac                QL_Audio_StartUp
 .text.HAL_GPIO_Write
                0x0000000000000ed4       0x28 /build/qf_apps/qf_ssi_ai_app/GCC_Project/output/eoss3_hal_gpio.o
                0x0000000000000ed4                HAL_GPIO_Write
 .text.HAL_I2C_SetClockFreq
                0x0000000000000efc       0x80 /build/qf_apps/qf_ssi_ai_app/GCC_Project/output/eoss3_hal_i2c.o
                0x0000000000000efc                HAL_I2C_SetClockFreq
 .text.HAL_I2C_Init
                0x0000000000000f7c       0x68 /build/qf_apps/qf_ssi_ai_app/GCC_Project/output/eoss3_hal_i2c.o
                0x0000000000000f7c                HAL_I2C_Init
 .text.HAL_PAD_Config
                0x0000000000000fe4      0x190 /build/qf_apps/qf_ssi_ai_app/GCC_Project/output/eoss3_hal_pad_config.o
                0x0000000000000fe4                HAL_PAD_Config
 .text.configure_s3_pads
                0x0000000000001174       0x1a /build/qf_apps/qf_ssi_ai_app/GCC_Project/output/eoss3_hal_pad_config.o
                0x0000000000001174                configure_s3_pads
 *fill*         0x000000000000118e        0x2 
 .text.eoss3_rtc_enable_irq
                0x0000000000001190       0x28 /build/qf_apps/qf_ssi_ai_app/GCC_Project/output/eoss3_hal_rtc.o
 .text.write_rtc_reg
                0x00000000000011b8       0x18 /build/qf_apps/qf_ssi_ai_app/GCC_Project/output/eoss3_hal_rtc.o
 .text.__rtc_setup_alarm.isra.0
                0x00000000000011d0       0x44 /build/qf_apps/qf_ssi_ai_app/GCC_Project/output/eoss3_hal_rtc.o
 .text.HAL_RTC_ISR
                0x0000000000001214       0x24 /build/qf_apps/qf_ssi_ai_app/GCC_Project/output/eoss3_hal_rtc.o
                0x0000000000001214                HAL_RTC_ISR
 .text.unlock_spi1_bus
                0x0000000000001238       0x58 /build/qf_apps/qf_ssi_ai_app/GCC_Project/output/eoss3_hal_spi.o
                0x0000000000001238                unlock_spi1_bus
 .text.SPI_DMA_Complete
                0x0000000000001290       0x88 /build/qf_apps/qf_ssi_ai_app/GCC_Project/output/eoss3_hal_spi.o
                0x0000000000001290                SPI_DMA_Complete
 .text.HAL_SPI_IRQHandler
                0x0000000000001318       0x6c /build/qf_apps/qf_ssi_ai_app/GCC_Project/output/eoss3_hal_spi.o
                0x0000000000001318                HAL_SPI_IRQHandler
 .text.HAL_Delay_Init
                0x0000000000001384       0x54 /build/qf_apps/qf_ssi_ai_app/GCC_Project/output/eoss3_hal_timer.o
                0x0000000000001384                HAL_Delay_Init
 .text.HAL_Timer_ISR
                0x00000000000013d8       0x88 /build/qf_apps/qf_ssi_ai_app/GCC_Project/output/eoss3_hal_timer.o
                0x00000000000013d8                HAL_Timer_ISR
 .text.uart_baud_rate
                0x0000000000001460       0x60 /build/qf_apps/qf_ssi_ai_app/GCC_Project/output/eoss3_hal_uart.o
 .text.is_hw_uart_enabled
                0x00000000000014c0       0x20 /build/qf_apps/qf_ssi_ai_app/GCC_Project/output/eoss3_hal_uart.o
 .text.uart_disable
                0x00000000000014e0       0x1c /build/qf_apps/qf_ssi_ai_app/GCC_Project/output/eoss3_hal_uart.o
 .text.uart_lpm_callback
                0x00000000000014fc       0x70 /build/qf_apps/qf_ssi_ai_app/GCC_Project/output/eoss3_hal_uart.o
 .text.uart_init
                0x000000000000156c      0x168 /build/qf_apps/qf_ssi_ai_app/GCC_Project/output/eoss3_hal_uart.o
                0x000000000000156c                uart_init
 .text.uart_isr_handler
                0x00000000000016d4       0x84 /build/qf_apps/qf_ssi_ai_app/GCC_Project/output/eoss3_hal_uart.o
                0x00000000000016d4                uart_isr_handler
 .text.uart_tx_raw
                0x0000000000001758       0x38 /build/qf_apps/qf_ssi_ai_app/GCC_Project/output/eoss3_hal_uart.o
                0x0000000000001758                uart_tx_raw
 .text.uart_tx  0x0000000000001790       0x1c /build/qf_apps/qf_ssi_ai_app/GCC_Project/output/eoss3_hal_uart.o
                0x0000000000001790                uart_tx
 .text.uart_tx_buf
                0x00000000000017ac       0x1a /build/qf_apps/qf_ssi_ai_app/GCC_Project/output/eoss3_hal_uart.o
                0x00000000000017ac                uart_tx_buf
 .text.uart_tx_raw_buf
                0x00000000000017c6       0x1a /build/qf_apps/qf_ssi_ai_app/GCC_Project/output/eoss3_hal_uart.o
                0x00000000000017c6                uart_tx_raw_buf
 .text.HAL_WB_Transmit
                0x00000000000017e0       0x3c /build/qf_apps/qf_ssi_ai_app/GCC_Project/output/eoss3_hal_wb.o
                0x00000000000017e0                HAL_WB_Transmit
 .text.HAL_WB_Receive
                0x000000000000181c       0x44 /build/qf_apps/qf_ssi_ai_app/GCC_Project/output/eoss3_hal_wb.o
                0x000000000000181c                HAL_WB_Receive
 .text.HAL_WB_Init
                0x0000000000001860      0x10c /build/qf_apps/qf_ssi_ai_app/GCC_Project/output/eoss3_hal_wb.o
                0x0000000000001860                HAL_WB_Init
 .text.WDT_ISR  0x000000000000196c       0x8c /build/qf_apps/qf_ssi_ai_app/GCC_Project/output/eoss3_hal_wdt.o
                0x000000000000196c                WDT_ISR
 .text.spurious_interrupt
                0x00000000000019f8        0xc /build/qf_apps/qf_ssi_ai_app/GCC_Project/output/exceptions.o
 .text.prvGetRegistersFromStack
                0x0000000000001a04       0xf0 /build/qf_apps/qf_ssi_ai_app/GCC_Project/output/exceptions.o
                0x0000000000001a04                prvGetRegistersFromStack
 .text.HardFault_Handler
                0x0000000000001af4       0x16 /build/qf_apps/qf_ssi_ai_app/GCC_Project/output/exceptions.o
                0x0000000000001af4                HardFault_Handler
 .text.NMI_Handler
                0x0000000000001b0a        0x6 /build/qf_apps/qf_ssi_ai_app/GCC_Project/output/exceptions.o
                0x0000000000001b0a                NMI_Handler
 .text.MemManage_Handler
                0x0000000000001b10        0x6 /build/qf_apps/qf_ssi_ai_app/GCC_Project/output/exceptions.o
                0x0000000000001b10                MemManage_Handler
 .text.BusFault_Handler
                0x0000000000001b16        0x6 /build/qf_apps/qf_ssi_ai_app/GCC_Project/output/exceptions.o
                0x0000000000001b16                BusFault_Handler
 .text.UsageFault_Handler
                0x0000000000001b1c        0x6 /build/qf_apps/qf_ssi_ai_app/GCC_Project/output/exceptions.o
                0x0000000000001b1c                UsageFault_Handler
 .text.DebugMon_Handler
                0x0000000000001b22        0x6 /build/qf_apps/qf_ssi_ai_app/GCC_Project/output/exceptions.o
                0x0000000000001b22                DebugMon_Handler
 .text.Uart_Handler
                0x0000000000001b28       0x50 /build/qf_apps/qf_ssi_ai_app/GCC_Project/output/exceptions.o
                0x0000000000001b28                Uart_Handler
 .text.Timer_Handler
                0x0000000000001b78       0x24 /build/qf_apps/qf_ssi_ai_app/GCC_Project/output/exceptions.o
                0x0000000000001b78                Timer_Handler
 .text.CpuWdtInt_Handler
                0x0000000000001b9c       0x24 /build/qf_apps/qf_ssi_ai_app/GCC_Project/output/exceptions.o
                0x0000000000001b9c                CpuWdtInt_Handler
 .text.CpuWdtRst_Handler
                0x0000000000001bc0        0x6 /build/qf_apps/qf_ssi_ai_app/GCC_Project/output/exceptions.o
                0x0000000000001bc0                CpuWdtRst_Handler
 .text.BusTimeout_Handler
                0x0000000000001bc6        0x6 /build/qf_apps/qf_ssi_ai_app/GCC_Project/output/exceptions.o
                0x0000000000001bc6                BusTimeout_Handler
 .text.Fpu_Handler
                0x0000000000001bcc        0x6 /build/qf_apps/qf_ssi_ai_app/GCC_Project/output/exceptions.o
                0x0000000000001bcc                Fpu_Handler
 *fill*         0x0000000000001bd2        0x2 
 .text.Pkfb_Handler
                0x0000000000001bd4       0x10 /build/qf_apps/qf_ssi_ai_app/GCC_Project/output/exceptions.o
                0x0000000000001bd4                Pkfb_Handler
 .text.I2s_Handler
                0x0000000000001be4        0x6 /build/qf_apps/qf_ssi_ai_app/GCC_Project/output/exceptions.o
                0x0000000000001be4                I2s_Handler
 .text.Audio_Handler
                0x0000000000001bea        0x6 /build/qf_apps/qf_ssi_ai_app/GCC_Project/output/exceptions.o
                0x0000000000001bea                Audio_Handler
 .text.SpiMs_Handler
                0x0000000000001bf0       0x5c /build/qf_apps/qf_ssi_ai_app/GCC_Project/output/exceptions.o
                0x0000000000001bf0                SpiMs_Handler
 .text.CfgDma_Handler
                0x0000000000001c4c       0x28 /build/qf_apps/qf_ssi_ai_app/GCC_Project/output/exceptions.o
                0x0000000000001c4c                CfgDma_Handler
 .text.PmuTimer_Handler
                0x0000000000001c74        0x2 /build/qf_apps/qf_ssi_ai_app/GCC_Project/output/exceptions.o
                0x0000000000001c74                PmuTimer_Handler
 .text.AdcDone_Handler
                0x0000000000001c76        0x8 /build/qf_apps/qf_ssi_ai_app/GCC_Project/output/exceptions.o
                0x0000000000001c76                AdcDone_Handler
 *fill*         0x0000000000001c7e        0x2 
 .text.RtcAlarm_Handler
                0x0000000000001c80       0x1c /build/qf_apps/qf_ssi_ai_app/GCC_Project/output/exceptions.o
                0x0000000000001c80                RtcAlarm_Handler
 .text.ResetInt_Handler
                0x0000000000001c9c        0x8 /build/qf_apps/qf_ssi_ai_app/GCC_Project/output/exceptions.o
                0x0000000000001c9c                ResetInt_Handler
 .text.Ffe0_Handler
                0x0000000000001ca4       0x18 /build/qf_apps/qf_ssi_ai_app/GCC_Project/output/exceptions.o
                0x0000000000001ca4                Ffe0_Handler
 .text.FbMsg_Handler
                0x0000000000001cbc       0x6c /build/qf_apps/qf_ssi_ai_app/GCC_Project/output/exceptions.o
                0x0000000000001cbc                FbMsg_Handler
 .text.SensorGpio_Handler
                0x0000000000001d28        0x8 /build/qf_apps/qf_ssi_ai_app/GCC_Project/output/exceptions.o
                0x0000000000001d28                SensorGpio_Handler
 .text.M4SramSleep_Handler
                0x0000000000001d30        0x8 /build/qf_apps/qf_ssi_ai_app/GCC_Project/output/exceptions.o
                0x0000000000001d30                M4SramSleep_Handler
 .text.LDO30_PG_Handler
                0x0000000000001d38        0x8 /build/qf_apps/qf_ssi_ai_app/GCC_Project/output/exceptions.o
                0x0000000000001d38                LDO30_PG_Handler
 .text.LDO50_PG_Handler
                0x0000000000001d40        0x8 /build/qf_apps/qf_ssi_ai_app/GCC_Project/output/exceptions.o
                0x0000000000001d40                LDO50_PG_Handler
 .text.DMIC_Voice_Det_Handler
                0x0000000000001d48        0x8 /build/qf_apps/qf_ssi_ai_app/GCC_Project/output/exceptions.o
                0x0000000000001d48                DMIC_Voice_Det_Handler
 .text.ApPDMClkOn_Handler
                0x0000000000001d50        0x8 /build/qf_apps/qf_ssi_ai_app/GCC_Project/output/exceptions.o
                0x0000000000001d50                ApPDMClkOn_Handler
 .text.ApPDMClkOff_Handler
                0x0000000000001d58        0x8 /build/qf_apps/qf_ssi_ai_app/GCC_Project/output/exceptions.o
                0x0000000000001d58                ApPDMClkOff_Handler
 .text.Dmac0BlkDone_Handler
                0x0000000000001d60        0x4 /build/qf_apps/qf_ssi_ai_app/GCC_Project/output/exceptions.o
                0x0000000000001d60                Dmac0BlkDone_Handler
 .text.Dmac0BufDone_Handler
                0x0000000000001d64       0x10 /build/qf_apps/qf_ssi_ai_app/GCC_Project/output/exceptions.o
                0x0000000000001d64                Dmac0BufDone_Handler
 .text.Dmac1BlkDone_Handler
                0x0000000000001d74        0x8 /build/qf_apps/qf_ssi_ai_app/GCC_Project/output/exceptions.o
                0x0000000000001d74                Dmac1BlkDone_Handler
 .text.Dmac1BufDone_Handler
                0x0000000000001d7c        0x8 /build/qf_apps/qf_ssi_ai_app/GCC_Project/output/exceptions.o
                0x0000000000001d7c                Dmac1BufDone_Handler
 .text.Sdma0Done_Handler
                0x0000000000001d84        0x8 /build/qf_apps/qf_ssi_ai_app/GCC_Project/output/exceptions.o
                0x0000000000001d84                Sdma0Done_Handler
 .text.Sdma1Done_Handler
                0x0000000000001d8c        0x8 /build/qf_apps/qf_ssi_ai_app/GCC_Project/output/exceptions.o
                0x0000000000001d8c                Sdma1Done_Handler
 .text.Sdma2Done_Handler
                0x0000000000001d94        0x8 /build/qf_apps/qf_ssi_ai_app/GCC_Project/output/exceptions.o
                0x0000000000001d94                Sdma2Done_Handler
 .text.Sdma3Done_Handler
                0x0000000000001d9c        0x8 /build/qf_apps/qf_ssi_ai_app/GCC_Project/output/exceptions.o
                0x0000000000001d9c                Sdma3Done_Handler
 .text.Sdma4Done_Handler
                0x0000000000001da4        0x8 /build/qf_apps/qf_ssi_ai_app/GCC_Project/output/exceptions.o
                0x0000000000001da4                Sdma4Done_Handler
 .text.Sdma5Done_Handler
                0x0000000000001dac        0x8 /build/qf_apps/qf_ssi_ai_app/GCC_Project/output/exceptions.o
                0x0000000000001dac                Sdma5Done_Handler
 .text.Sdma6Done_Handler
                0x0000000000001db4        0x8 /build/qf_apps/qf_ssi_ai_app/GCC_Project/output/exceptions.o
                0x0000000000001db4                Sdma6Done_Handler
 .text.Sdma7Done_Handler
                0x0000000000001dbc        0x8 /build/qf_apps/qf_ssi_ai_app/GCC_Project/output/exceptions.o
                0x0000000000001dbc                Sdma7Done_Handler
 .text.Sdma8Done_Handler
                0x0000000000001dc4        0x8 /build/qf_apps/qf_ssi_ai_app/GCC_Project/output/exceptions.o
                0x0000000000001dc4                Sdma8Done_Handler
 .text.Sdma9Done_Handler
                0x0000000000001dcc        0x8 /build/qf_apps/qf_ssi_ai_app/GCC_Project/output/exceptions.o
                0x0000000000001dcc                Sdma9Done_Handler
 .text.Sdma10Done_Handler
                0x0000000000001dd4        0x8 /build/qf_apps/qf_ssi_ai_app/GCC_Project/output/exceptions.o
                0x0000000000001dd4                Sdma10Done_Handler
 .text.Sdma11Done_Handler
                0x0000000000001ddc        0x8 /build/qf_apps/qf_ssi_ai_app/GCC_Project/output/exceptions.o
                0x0000000000001ddc                Sdma11Done_Handler
 .text.SdmaErr_Handler
                0x0000000000001de4        0x8 /build/qf_apps/qf_ssi_ai_app/GCC_Project/output/exceptions.o
                0x0000000000001de4                SdmaErr_Handler
 .text.I2S_SlvM4TxOr_Handler
                0x0000000000001dec        0x8 /build/qf_apps/qf_ssi_ai_app/GCC_Project/output/exceptions.o
                0x0000000000001dec                I2S_SlvM4TxOr_Handler
 .text.SRAM_128KB_Handler
                0x0000000000001df4        0x8 /build/qf_apps/qf_ssi_ai_app/GCC_Project/output/exceptions.o
                0x0000000000001df4                SRAM_128KB_Handler
 .text.LPSD_Voice_Det_Handler
                0x0000000000001dfc        0x8 /build/qf_apps/qf_ssi_ai_app/GCC_Project/output/exceptions.o
                0x0000000000001dfc                LPSD_Voice_Det_Handler
 .text.FfeWdt_Handler
                0x0000000000001e04        0x8 /build/qf_apps/qf_ssi_ai_app/GCC_Project/output/exceptions.o
                0x0000000000001e04                FfeWdt_Handler
 .text.ApBoot_Handler
                0x0000000000001e0c        0x8 /build/qf_apps/qf_ssi_ai_app/GCC_Project/output/exceptions.o
                0x0000000000001e0c                ApBoot_Handler
 .text.SwInt2_Handler
                0x0000000000001e14        0x8 /build/qf_apps/qf_ssi_ai_app/GCC_Project/output/exceptions.o
                0x0000000000001e14                SwInt2_Handler
 .text.SwInt1_Handler
                0x0000000000001e1c       0x24 /build/qf_apps/qf_ssi_ai_app/GCC_Project/output/exceptions.o
                0x0000000000001e1c                SwInt1_Handler
 .text.Ffe0Msg_Handler
                0x0000000000001e40        0x8 /build/qf_apps/qf_ssi_ai_app/GCC_Project/output/exceptions.o
                0x0000000000001e40                Ffe0Msg_Handler
 .text.lpsdVoiceOffHandler
                0x0000000000001e48        0x8 /build/qf_apps/qf_ssi_ai_app/GCC_Project/output/exceptions.o
                0x0000000000001e48                lpsdVoiceOffHandler
 .text.dmicVoiceOffHandler
                0x0000000000001e50        0x8 /build/qf_apps/qf_ssi_ai_app/GCC_Project/output/exceptions.o
                0x0000000000001e50                dmicVoiceOffHandler
 .text.vApplicationMallocFailedHook
                0x0000000000001e58       0x24 /build/qf_apps/qf_ssi_ai_app/GCC_Project/output/exceptions.o
                0x0000000000001e58                vApplicationMallocFailedHook
 .text.vApplicationStackOverflowHook
                0x0000000000001e7c       0x24 /build/qf_apps/qf_ssi_ai_app/GCC_Project/output/exceptions.o
                0x0000000000001e7c                vApplicationStackOverflowHook
 .text.vApplicationTickHook
                0x0000000000001ea0        0x2 /build/qf_apps/qf_ssi_ai_app/GCC_Project/output/exceptions.o
                0x0000000000001ea0                vApplicationTickHook
 .text.vApplicationIdleHook
                0x0000000000001ea2        0x2 /build/qf_apps/qf_ssi_ai_app/GCC_Project/output/exceptions.o
                0x0000000000001ea2                vApplicationIdleHook
 .text.prvInsertBlockIntoFreeList
                0x0000000000001ea4       0x74 /build/qf_apps/qf_ssi_ai_app/GCC_Project/output/heap_4.o
 .text.pvPortMalloc
                0x0000000000001f18      0x198 /build/qf_apps/qf_ssi_ai_app/GCC_Project/output/heap_4.o
                0x0000000000001f18                pvPortMalloc
 .text.vPortFree
                0x00000000000020b0       0xa0 /build/qf_apps/qf_ssi_ai_app/GCC_Project/output/heap_4.o
                0x00000000000020b0                vPortFree
 .text.vListInitialise
                0x0000000000002150       0x16 /build/qf_apps/qf_ssi_ai_app/GCC_Project/output/list.o
                0x0000000000002150                vListInitialise
 .text.vListInitialiseItem
                0x0000000000002166        0x6 /build/qf_apps/qf_ssi_ai_app/GCC_Project/output/list.o
                0x0000000000002166                vListInitialiseItem
 .text.vListInsertEnd
                0x000000000000216c       0x18 /build/qf_apps/qf_ssi_ai_app/GCC_Project/output/list.o
                0x000000000000216c                vListInsertEnd
 .text.vListInsert
                0x0000000000002184       0x2e /build/qf_apps/qf_ssi_ai_app/GCC_Project/output/list.o
                0x0000000000002184                vListInsert
 .text.uxListRemove
                0x00000000000021b2       0x20 /build/qf_apps/qf_ssi_ai_app/GCC_Project/output/list.o
                0x00000000000021b2                uxListRemove
 *fill*         0x00000000000021d2        0x2 
 .text.startup.main
                0x00000000000021d4       0xcc /build/qf_apps/qf_ssi_ai_app/GCC_Project/output/main.o
                0x00000000000021d4                main
 .text.SystemInit
                0x00000000000022a0        0x2 /build/qf_apps/qf_ssi_ai_app/GCC_Project/output/main.o
                0x00000000000022a0                SystemInit
 .text._ZN6MC3635C2Ev
                0x00000000000022a2        0x6 /build/qf_apps/qf_ssi_ai_app/GCC_Project/output/mc3635_wire.o
                0x00000000000022a2                MC3635::MC3635()
                0x00000000000022a2                MC3635::MC3635()
 .text.prvPortStartFirstTask
                0x00000000000022a8       0x28 /build/qf_apps/qf_ssi_ai_app/GCC_Project/output/port.o
 .text.vPortEnableVFP
                0x00000000000022d0       0x14 /build/qf_apps/qf_ssi_ai_app/GCC_Project/output/port.o
 .text.prvTaskExitError
                0x00000000000022e4       0x50 /build/qf_apps/qf_ssi_ai_app/GCC_Project/output/port.o
 .text.pxPortInitialiseStack
                0x0000000000002334       0x2c /build/qf_apps/qf_ssi_ai_app/GCC_Project/output/port.o
                0x0000000000002334                pxPortInitialiseStack
 .text.SVC_Handler
                0x0000000000002360       0x24 /build/qf_apps/qf_ssi_ai_app/GCC_Project/output/port.o
                0x0000000000002360                SVC_Handler
 .text.vPortEnterCritical
                0x0000000000002384       0x58 /build/qf_apps/qf_ssi_ai_app/GCC_Project/output/port.o
                0x0000000000002384                vPortEnterCritical
 .text.vPortExitCritical
                0x00000000000023dc       0x3c /build/qf_apps/qf_ssi_ai_app/GCC_Project/output/port.o
                0x00000000000023dc                vPortExitCritical
 *fill*         0x0000000000002418        0x8 
 .text.PendSV_Handler
                0x0000000000002420       0x64 /build/qf_apps/qf_ssi_ai_app/GCC_Project/output/port.o
                0x0000000000002420                PendSV_Handler
 .text.xPortSysTickHandler
                0x0000000000002484       0x2c /build/qf_apps/qf_ssi_ai_app/GCC_Project/output/port.o
                0x0000000000002484                xPortSysTickHandler
 .text.xPortStartScheduler
                0x00000000000024b0      0x158 /build/qf_apps/qf_ssi_ai_app/GCC_Project/output/port.o
                0x00000000000024b0                xPortStartScheduler
 .text.vPortValidateInterruptPriority
                0x0000000000002608       0x7c /build/qf_apps/qf_ssi_ai_app/GCC_Project/output/port.o
                0x0000000000002608                vPortValidateInterruptPriority
 .text.system_init
                0x0000000000002684       0x6c /build/qf_apps/qf_ssi_ai_app/GCC_Project/output/qf_hardwaresetup.o
                0x0000000000002684                system_init
 .text.qf_hardwareSetup
                0x00000000000026f0       0x78 /build/qf_apps/qf_ssi_ai_app/GCC_Project/output/qf_hardwaresetup.o
                0x00000000000026f0                qf_hardwareSetup
 .text.ql_lw_timer_start
                0x0000000000002768        0x4 /build/qf_apps/qf_ssi_ai_app/GCC_Project/output/ql_time.o
                0x0000000000002768                ql_lw_timer_start
 .text.ql_lw_timer_remain
                0x000000000000276c       0x1a /build/qf_apps/qf_ssi_ai_app/GCC_Project/output/ql_time.o
                0x000000000000276c                ql_lw_timer_remain
 .text.ql_lw_timer_is_expired
                0x0000000000002786       0x10 /build/qf_apps/qf_ssi_ai_app/GCC_Project/output/ql_time.o
                0x0000000000002786                ql_lw_timer_is_expired
 .text.prvIsQueueEmpty
                0x0000000000002796       0x16 /build/qf_apps/qf_ssi_ai_app/GCC_Project/output/queue.o
 .text.prvCopyDataToQueue
                0x00000000000027ac       0x78 /build/qf_apps/qf_ssi_ai_app/GCC_Project/output/queue.o
 .text.prvCopyDataFromQueue
                0x0000000000002824       0x2c /build/qf_apps/qf_ssi_ai_app/GCC_Project/output/queue.o
 .text.prvUnlockQueue
                0x0000000000002850       0x70 /build/qf_apps/qf_ssi_ai_app/GCC_Project/output/queue.o
 .text.xQueueGenericReset
                0x00000000000028c0       0x90 /build/qf_apps/qf_ssi_ai_app/GCC_Project/output/queue.o
                0x00000000000028c0                xQueueGenericReset
 .text.xQueueGenericCreate
                0x0000000000002950       0x74 /build/qf_apps/qf_ssi_ai_app/GCC_Project/output/queue.o
                0x0000000000002950                xQueueGenericCreate
 .text.xQueueGenericSend
                0x00000000000029c4      0x19c /build/qf_apps/qf_ssi_ai_app/GCC_Project/output/queue.o
                0x00000000000029c4                xQueueGenericSend
 .text.xQueueGenericSendDebug
                0x0000000000002b60       0x30 /build/qf_apps/qf_ssi_ai_app/GCC_Project/output/queue.o
                0x0000000000002b60                xQueueGenericSendDebug
 .text.xQueueGenericSendFromISR
                0x0000000000002b90       0xf0 /build/qf_apps/qf_ssi_ai_app/GCC_Project/output/queue.o
                0x0000000000002b90                xQueueGenericSendFromISR
 .text.xQueueGenericSendFromISRDebug
                0x0000000000002c80       0x30 /build/qf_apps/qf_ssi_ai_app/GCC_Project/output/queue.o
                0x0000000000002c80                xQueueGenericSendFromISRDebug
 .text.xQueueGiveFromISR
                0x0000000000002cb0       0xdc /build/qf_apps/qf_ssi_ai_app/GCC_Project/output/queue.o
                0x0000000000002cb0                xQueueGiveFromISR
 .text.xQueueReceive
                0x0000000000002d8c      0x160 /build/qf_apps/qf_ssi_ai_app/GCC_Project/output/queue.o
                0x0000000000002d8c                xQueueReceive
 .text.xQueueSemaphoreTake
                0x0000000000002eec      0x1b0 /build/qf_apps/qf_ssi_ai_app/GCC_Project/output/queue.o
                0x0000000000002eec                xQueueSemaphoreTake
 .text.xQueueReceiveFromISR
                0x000000000000309c       0xc0 /build/qf_apps/qf_ssi_ai_app/GCC_Project/output/queue.o
                0x000000000000309c                xQueueReceiveFromISR
 .text.vQueueAddToRegistry
                0x000000000000315c       0x24 /build/qf_apps/qf_ssi_ai_app/GCC_Project/output/queue.o
                0x000000000000315c                vQueueAddToRegistry
 .text.vQueueWaitForMessageRestricted
                0x0000000000003180       0x46 /build/qf_apps/qf_ssi_ai_app/GCC_Project/output/queue.o
                0x0000000000003180                vQueueWaitForMessageRestricted
 .text.s3x_clkd_write_div
                0x00000000000031c6       0xa8 /build/qf_apps/qf_ssi_ai_app/GCC_Project/output/s3x_clock.o
 .text.s3x_clkd_read_div
                0x000000000000326e       0x44 /build/qf_apps/qf_ssi_ai_app/GCC_Project/output/s3x_clock.o
 *fill*         0x00000000000032b2        0x2 
 .text.s3x_clkd_cal_div.part.0
                0x00000000000032b4       0x30 /build/qf_apps/qf_ssi_ai_app/GCC_Project/output/s3x_clock.o
 .text.S3x_Id_To_Domain
                0x00000000000032e4       0x1c /build/qf_apps/qf_ssi_ai_app/GCC_Project/output/s3x_clock.o
                0x00000000000032e4                S3x_Id_To_Domain
 .text.s3x_clkd_update_div_val
                0x0000000000003300       0x4c /build/qf_apps/qf_ssi_ai_app/GCC_Project/output/s3x_clock.o
                0x0000000000003300                s3x_clkd_update_div_val
 .text.s3x_clkd_update_fd_rate
                0x000000000000334c        0xe /build/qf_apps/qf_ssi_ai_app/GCC_Project/output/s3x_clock.o
                0x000000000000334c                s3x_clkd_update_fd_rate
 *fill*         0x000000000000335a        0x2 
 .text.s3x_clkd_update_sd_div
                0x000000000000335c       0x5c /build/qf_apps/qf_ssi_ai_app/GCC_Project/output/s3x_clock.o
 .text.s3x_clkd_update_all_src_div
                0x00000000000033b8       0xd0 /build/qf_apps/qf_ssi_ai_app/GCC_Project/output/s3x_clock.o
                0x00000000000033b8                s3x_clkd_update_all_src_div
 .text.S3x_Clkd_Get_Hsosc_Rate
                0x0000000000003488       0x34 /build/qf_apps/qf_ssi_ai_app/GCC_Project/output/s3x_clock.o
                0x0000000000003488                S3x_Clkd_Get_Hsosc_Rate
 .text.S3x_Clkd_Change_Hsosc
                0x00000000000034bc       0x70 /build/qf_apps/qf_ssi_ai_app/GCC_Project/output/s3x_clock.o
                0x00000000000034bc                S3x_Clkd_Change_Hsosc
 .text.s3x_clkd_get_src_rate
                0x000000000000352c       0x12 /build/qf_apps/qf_ssi_ai_app/GCC_Project/output/s3x_clock.o
                0x000000000000352c                s3x_clkd_get_src_rate
 *fill*         0x000000000000353e        0x2 
 .text.s3x_clkd_get_div
                0x0000000000003540       0x74 /build/qf_apps/qf_ssi_ai_app/GCC_Project/output/s3x_clock.o
                0x0000000000003540                s3x_clkd_get_div
 .text.s3x_clkd_srate
                0x00000000000035b4      0x134 /build/qf_apps/qf_ssi_ai_app/GCC_Project/output/s3x_clock.o
 .text.s3x_clkd_grate
                0x00000000000036e8       0x68 /build/qf_apps/qf_ssi_ai_app/GCC_Project/output/s3x_clock.o
 .text.s3x_clkd_set_src_div_st
                0x0000000000003750       0x4c /build/qf_apps/qf_ssi_ai_app/GCC_Project/output/s3x_clock.o
 .text.s3x_update_clk_rate
                0x000000000000379c       0xb0 /build/qf_apps/qf_ssi_ai_app/GCC_Project/output/s3x_clock.o
                0x000000000000379c                s3x_update_clk_rate
 .text.s3x_clkd_get_gate_mask_st
                0x000000000000384c       0x16 /build/qf_apps/qf_ssi_ai_app/GCC_Project/output/s3x_clock.o
                0x000000000000384c                s3x_clkd_get_gate_mask_st
 *fill*         0x0000000000003862        0x2 
 .text.s3x_clkd_set_gate_mask
                0x0000000000003864       0x50 /build/qf_apps/qf_ssi_ai_app/GCC_Project/output/s3x_clock.o
                0x0000000000003864                s3x_clkd_set_gate_mask
 .text.s3x_clkd_enable_gate
                0x00000000000038b4       0x68 /build/qf_apps/qf_ssi_ai_app/GCC_Project/output/s3x_clock.o
 .text.s3x_clkd_disable_gate
                0x000000000000391c       0x54 /build/qf_apps/qf_ssi_ai_app/GCC_Project/output/s3x_clock.o
 .text._S3x_Clk_Enable
                0x0000000000003970       0xb8 /build/qf_apps/qf_ssi_ai_app/GCC_Project/output/s3x_clock.o
                0x0000000000003970                _S3x_Clk_Enable
 .text._S3x_Clk_Disable
                0x0000000000003a28       0xc8 /build/qf_apps/qf_ssi_ai_app/GCC_Project/output/s3x_clock.o
                0x0000000000003a28                _S3x_Clk_Disable
 .text._S3x_Clk_Get_Status
                0x0000000000003af0       0x2c /build/qf_apps/qf_ssi_ai_app/GCC_Project/output/s3x_clock.o
                0x0000000000003af0                _S3x_Clk_Get_Status
 .text._S3x_Clk_Get_Rate
                0x0000000000003b1c       0x28 /build/qf_apps/qf_ssi_ai_app/GCC_Project/output/s3x_clock.o
                0x0000000000003b1c                _S3x_Clk_Get_Rate
 .text.S3x_Clk_Init
                0x0000000000003b44      0x15c /build/qf_apps/qf_ssi_ai_app/GCC_Project/output/s3x_clock.o
                0x0000000000003b44                S3x_Clk_Init
 .text.S3x_Clk_Enable
                0x0000000000003ca0        0x4 /build/qf_apps/qf_ssi_ai_app/GCC_Project/output/s3x_clock_hal.o
                0x0000000000003ca0                S3x_Clk_Enable
 .text.S3x_Clk_Disable
                0x0000000000003ca4        0x4 /build/qf_apps/qf_ssi_ai_app/GCC_Project/output/s3x_clock_hal.o
                0x0000000000003ca4                S3x_Clk_Disable
 .text.S3x_Clk_Get_Rate
                0x0000000000003ca8        0x4 /build/qf_apps/qf_ssi_ai_app/GCC_Project/output/s3x_clock_hal.o
                0x0000000000003ca8                S3x_Clk_Get_Rate
 .text.DFS_cpuload
                0x0000000000003cac       0x4c /build/qf_apps/qf_ssi_ai_app/GCC_Project/output/s3x_cpuload.o
                0x0000000000003cac                DFS_cpuload
 .text.DFS_updatesleepticks
                0x0000000000003cf8       0x10 /build/qf_apps/qf_ssi_ai_app/GCC_Project/output/s3x_cpuload.o
                0x0000000000003cf8                DFS_updatesleepticks
 .text.DFS_resetsleepticks
                0x0000000000003d08        0xc /build/qf_apps/qf_ssi_ai_app/GCC_Project/output/s3x_cpuload.o
                0x0000000000003d08                DFS_resetsleepticks
 .text.DFS_UpdateTimer
                0x0000000000003d14       0x5c /build/qf_apps/qf_ssi_ai_app/GCC_Project/output/s3x_dfs.o
 .text.DFS_StartTimer
                0x0000000000003d70       0x88 /build/qf_apps/qf_ssi_ai_app/GCC_Project/output/s3x_dfs.o
                0x0000000000003d70                DFS_StartTimer
 .text.S3x_Set_Policy
                0x0000000000003df8      0x108 /build/qf_apps/qf_ssi_ai_app/GCC_Project/output/s3x_dfs.o
                0x0000000000003df8                S3x_Set_Policy
 .text.S3x_get_max_rate_dfs_node
                0x0000000000003f00       0x28 /build/qf_apps/qf_ssi_ai_app/GCC_Project/output/s3x_dfs.o
                0x0000000000003f00                S3x_get_max_rate_dfs_node
 .text.S3x_Stepup_Policy
                0x0000000000003f28       0x7c /build/qf_apps/qf_ssi_ai_app/GCC_Project/output/s3x_dfs.o
 .text.DFS_TimerCB
                0x0000000000003fa4        0xe /build/qf_apps/qf_ssi_ai_app/GCC_Project/output/s3x_dfs.o
 *fill*         0x0000000000003fb2        0x2 
 .text.DFS_Get_Curr_Policy
                0x0000000000003fb4        0xc /build/qf_apps/qf_ssi_ai_app/GCC_Project/output/s3x_dfs.o
                0x0000000000003fb4                DFS_Get_Curr_Policy
 .text.DFS_Initialize
                0x0000000000003fc0       0x14 /build/qf_apps/qf_ssi_ai_app/GCC_Project/output/s3x_dfs.o
                0x0000000000003fc0                DFS_Initialize
 .text.trace_this
                0x0000000000003fd4       0x28 /build/qf_apps/qf_ssi_ai_app/GCC_Project/output/s3x_lpm.o
 .text.S3x_Register_Lpm_Cb
                0x0000000000003ffc       0x40 /build/qf_apps/qf_ssi_ai_app/GCC_Project/output/s3x_lpm.o
                0x0000000000003ffc                S3x_Register_Lpm_Cb
 .text.s3x_setup_systick_interrupt
                0x000000000000403c       0x54 /build/qf_apps/qf_ssi_ai_app/GCC_Project/output/s3x_lpm.o
                0x000000000000403c                s3x_setup_systick_interrupt
 .text.prvStopTickInterruptTimer
                0x0000000000004090       0x10 /build/qf_apps/qf_ssi_ai_app/GCC_Project/output/s3x_lpm.o
                0x0000000000004090                prvStopTickInterruptTimer
 .text.prvStartTickInterruptTimer
                0x00000000000040a0        0x8 /build/qf_apps/qf_ssi_ai_app/GCC_Project/output/s3x_lpm.o
                0x00000000000040a0                prvStartTickInterruptTimer
 .text.SysTick_Handler
                0x00000000000040a8       0x12 /build/qf_apps/qf_ssi_ai_app/GCC_Project/output/s3x_lpm.o
                0x00000000000040a8                SysTick_Handler
 .text.vPortSetupTimerInterrupt
                0x00000000000040ba        0x6 /build/qf_apps/qf_ssi_ai_app/GCC_Project/output/s3x_lpm.o
                0x00000000000040ba                vPortSetupTimerInterrupt
 .text.S3x_Pre_Lpm
                0x00000000000040c0       0x20 /build/qf_apps/qf_ssi_ai_app/GCC_Project/output/s3x_lpm.o
                0x00000000000040c0                S3x_Pre_Lpm
 .text.S3x_Post_Lpm
                0x00000000000040e0       0x18 /build/qf_apps/qf_ssi_ai_app/GCC_Project/output/s3x_lpm.o
                0x00000000000040e0                S3x_Post_Lpm
 .text.S3x_Lpm_Handler
                0x00000000000040f8      0x28c /build/qf_apps/qf_ssi_ai_app/GCC_Project/output/s3x_lpm.o
                0x00000000000040f8                S3x_Lpm_Handler
 .text.s3x_get_pi
                0x0000000000004384       0x20 /build/qf_apps/qf_ssi_ai_app/GCC_Project/output/s3x_pi.o
                0x0000000000004384                s3x_get_pi
 .text.s3x_get_pi_gindex
                0x00000000000043a4       0x14 /build/qf_apps/qf_ssi_ai_app/GCC_Project/output/s3x_pi.o
                0x00000000000043a4                s3x_get_pi_gindex
 .text.s3x_pi_get_st
                0x00000000000043b8       0x24 /build/qf_apps/qf_ssi_ai_app/GCC_Project/output/s3x_pi.o
                0x00000000000043b8                s3x_pi_get_st
 .text.s3x_pi_set_cfg_st
                0x00000000000043dc       0x94 /build/qf_apps/qf_ssi_ai_app/GCC_Project/output/s3x_pi.o
                0x00000000000043dc                s3x_pi_set_cfg_st
 .text.s3x_pi_set_active_st
                0x0000000000004470       0xa4 /build/qf_apps/qf_ssi_ai_app/GCC_Project/output/s3x_pi.o
                0x0000000000004470                s3x_pi_set_active_st
 .text.s3x_pi_get_clkg_st
                0x0000000000004514       0x36 /build/qf_apps/qf_ssi_ai_app/GCC_Project/output/s3x_pi.o
                0x0000000000004514                s3x_pi_get_clkg_st
 .text.s3x_pi_set_clkg_st
                0x000000000000454a       0x26 /build/qf_apps/qf_ssi_ai_app/GCC_Project/output/s3x_pi.o
                0x000000000000454a                s3x_pi_set_clkg_st
 .text.s3x_set_pi_state
                0x0000000000004570        0xc /build/qf_apps/qf_ssi_ai_app/GCC_Project/output/s3x_pi.o
                0x0000000000004570                s3x_set_pi_state
 .text.s3x_get_pi_init_state
                0x000000000000457c       0x18 /build/qf_apps/qf_ssi_ai_app/GCC_Project/output/s3x_pi.o
                0x000000000000457c                s3x_get_pi_init_state
 .text.S3x_pi_init
                0x0000000000004594       0x20 /build/qf_apps/qf_ssi_ai_app/GCC_Project/output/s3x_pi.o
                0x0000000000004594                S3x_pi_init
 .text.S3x_pwrcfg_init
                0x00000000000045b4       0x2c /build/qf_apps/qf_ssi_ai_app/GCC_Project/output/s3x_pwrcfg.o
                0x00000000000045b4                S3x_pwrcfg_init
 .text.s3x_sram_in_lpm
                0x00000000000045e0       0x1c /build/qf_apps/qf_ssi_ai_app/GCC_Project/output/s3x_pwrcfg.o
                0x00000000000045e0                s3x_sram_in_lpm
 .text.S3x_get_qos_rate
                0x00000000000045fc       0x38 /build/qf_apps/qf_ssi_ai_app/GCC_Project/output/s3x_qos.o
                0x00000000000045fc                S3x_get_qos_rate
 .text.save_assert_info
                0x0000000000004634       0x74 /build/qf_apps/qf_ssi_ai_app/GCC_Project/output/sec_debug.o
                0x0000000000004634                save_assert_info
 .text.invoke_soft_fault
                0x00000000000046a8       0x20 /build/qf_apps/qf_ssi_ai_app/GCC_Project/output/sec_debug.o
                0x00000000000046a8                invoke_soft_fault
 .text.audio_set_first_data_block
                0x00000000000046c8       0x54 /build/qf_apps/qf_ssi_ai_app/GCC_Project/output/sensor_audio_acquisition.o
                0x00000000000046c8                audio_set_first_data_block
 .text.sensor_audio_startstop
                0x000000000000471c       0x50 /build/qf_apps/qf_ssi_ai_app/GCC_Project/output/sensor_audio_config.o
                0x000000000000471c                sensor_audio_startstop
 .text.sensor_audio_configure
                0x000000000000476c       0x48 /build/qf_apps/qf_ssi_ai_app/GCC_Project/output/sensor_audio_config.o
                0x000000000000476c                sensor_audio_configure
 .text.sensor_audio_add
                0x00000000000047b4        0xc /build/qf_apps/qf_ssi_ai_app/GCC_Project/output/sensor_audio_config.o
                0x00000000000047b4                sensor_audio_add
 .text.audio_ai_config
                0x00000000000047c0        0x2 /build/qf_apps/qf_ssi_ai_app/GCC_Project/output/sensor_audio_process.o
                0x00000000000047c0                audio_ai_config
 .text.audio_ai_start
                0x00000000000047c2        0x4 /build/qf_apps/qf_ssi_ai_app/GCC_Project/output/sensor_audio_process.o
                0x00000000000047c2                audio_ai_start
 *fill*         0x00000000000047c6        0x2 
 .text.audio_ai_data_processor
                0x00000000000047c8       0x20 /build/qf_apps/qf_ssi_ai_app/GCC_Project/output/sensor_audio_process.o
                0x00000000000047c8                audio_ai_data_processor
 .text.audio_ai_stop
                0x00000000000047e8        0x4 /build/qf_apps/qf_ssi_ai_app/GCC_Project/output/sensor_audio_process.o
                0x00000000000047e8                audio_ai_stop
 .text.audio_block_processor
                0x00000000000047ec       0x50 /build/qf_apps/qf_ssi_ai_app/GCC_Project/output/sensor_audio_process.o
                0x00000000000047ec                audio_block_processor
 .text.startup._GLOBAL__sub_I_sensor_rate_debug_gpio_val
                0x000000000000483c        0xc /build/qf_apps/qf_ssi_ai_app/GCC_Project/output/sensor_ssss.o
 .text.sml_output_results
                0x0000000000004848       0xb8 /build/qf_apps/qf_ssi_ai_app/GCC_Project/output/sml_output.o
                0x0000000000004848                sml_output_results
 .text.sml_recognition_run_batch
                0x0000000000004900       0x50 /build/qf_apps/qf_ssi_ai_app/GCC_Project/output/sml_recognition_run.o
                0x0000000000004900                sml_recognition_run_batch
 .text.Reset_Handler
                0x0000000000004950       0x2c /build/qf_apps/qf_ssi_ai_app/GCC_Project/output/startup_EOSS3B_GCC.o
                0x0000000000004950                Reset_Handler
 .text.__semihost_call
                0x000000000000497c        0x6 /build/qf_apps/qf_ssi_ai_app/GCC_Project/output/startup_EOSS3B_GCC.o
                0x000000000000497c                __semihost_call
 *fill*         0x0000000000004982        0x2 
 .text.prvGetExpectedIdleTime
                0x0000000000004984       0x3c /build/qf_apps/qf_ssi_ai_app/GCC_Project/output/tasks.o
 .text.prvResetNextTaskUnblockTime
                0x00000000000049c0       0x24 /build/qf_apps/qf_ssi_ai_app/GCC_Project/output/tasks.o
 .text.prvAddCurrentTaskToDelayedList
                0x00000000000049e4       0x8c /build/qf_apps/qf_ssi_ai_app/GCC_Project/output/tasks.o
 .text.xTaskCreate
                0x0000000000004a70      0x1e0 /build/qf_apps/qf_ssi_ai_app/GCC_Project/output/tasks.o
                0x0000000000004a70                xTaskCreate
 .text.vTaskStartScheduler
                0x0000000000004c50       0x98 /build/qf_apps/qf_ssi_ai_app/GCC_Project/output/tasks.o
                0x0000000000004c50                vTaskStartScheduler
 .text.vTaskSuspendAll
                0x0000000000004ce8       0x10 /build/qf_apps/qf_ssi_ai_app/GCC_Project/output/tasks.o
                0x0000000000004ce8                vTaskSuspendAll
 .text.xTaskGetTickCount
                0x0000000000004cf8        0xc /build/qf_apps/qf_ssi_ai_app/GCC_Project/output/tasks.o
                0x0000000000004cf8                xTaskGetTickCount
 .text.xTaskGetTickCountFromISR
                0x0000000000004d04       0x10 /build/qf_apps/qf_ssi_ai_app/GCC_Project/output/tasks.o
                0x0000000000004d04                xTaskGetTickCountFromISR
 .text.vTaskStepTick
                0x0000000000004d14       0x44 /build/qf_apps/qf_ssi_ai_app/GCC_Project/output/tasks.o
                0x0000000000004d14                vTaskStepTick
 .text.xTaskIncrementTick
                0x0000000000004d58      0x14c /build/qf_apps/qf_ssi_ai_app/GCC_Project/output/tasks.o
                0x0000000000004d58                xTaskIncrementTick
 .text.xTaskResumeAll
                0x0000000000004ea4      0x100 /build/qf_apps/qf_ssi_ai_app/GCC_Project/output/tasks.o
                0x0000000000004ea4                xTaskResumeAll
 .text.prvIdleTask
                0x0000000000004fa4       0xc4 /build/qf_apps/qf_ssi_ai_app/GCC_Project/output/tasks.o
 .text.vTaskSwitchContext
                0x0000000000005068       0xb8 /build/qf_apps/qf_ssi_ai_app/GCC_Project/output/tasks.o
                0x0000000000005068                vTaskSwitchContext
 .text.vTaskPlaceOnEventList
                0x0000000000005120       0x48 /build/qf_apps/qf_ssi_ai_app/GCC_Project/output/tasks.o
                0x0000000000005120                vTaskPlaceOnEventList
 .text.vTaskPlaceOnEventListRestricted
                0x0000000000005168       0x50 /build/qf_apps/qf_ssi_ai_app/GCC_Project/output/tasks.o
                0x0000000000005168                vTaskPlaceOnEventListRestricted
 .text.xTaskRemoveFromEventList
                0x00000000000051b8       0x9c /build/qf_apps/qf_ssi_ai_app/GCC_Project/output/tasks.o
                0x00000000000051b8                xTaskRemoveFromEventList
 .text.vTaskInternalSetTimeOutState
                0x0000000000005254       0x18 /build/qf_apps/qf_ssi_ai_app/GCC_Project/output/tasks.o
                0x0000000000005254                vTaskInternalSetTimeOutState
 .text.xTaskCheckForTimeOut
                0x000000000000526c       0x94 /build/qf_apps/qf_ssi_ai_app/GCC_Project/output/tasks.o
                0x000000000000526c                xTaskCheckForTimeOut
 .text.vTaskMissedYield
                0x0000000000005300        0xc /build/qf_apps/qf_ssi_ai_app/GCC_Project/output/tasks.o
                0x0000000000005300                vTaskMissedYield
 .text.uxTaskGetTCBNumber
                0x000000000000530c       0x14 /build/qf_apps/qf_ssi_ai_app/GCC_Project/output/tasks.o
                0x000000000000530c                uxTaskGetTCBNumber
 .text.eTaskConfirmSleepModeStatus
                0x0000000000005320       0x34 /build/qf_apps/qf_ssi_ai_app/GCC_Project/output/tasks.o
                0x0000000000005320                eTaskConfirmSleepModeStatus
 .text.xTaskGetCurrentTaskHandle
                0x0000000000005354        0xc /build/qf_apps/qf_ssi_ai_app/GCC_Project/output/tasks.o
                0x0000000000005354                xTaskGetCurrentTaskHandle
 .text.xTaskGetSchedulerState
                0x0000000000005360       0x20 /build/qf_apps/qf_ssi_ai_app/GCC_Project/output/tasks.o
                0x0000000000005360                xTaskGetSchedulerState
 .text.xTaskPriorityInherit
                0x0000000000005380       0xa8 /build/qf_apps/qf_ssi_ai_app/GCC_Project/output/tasks.o
                0x0000000000005380                xTaskPriorityInherit
 .text.xTaskPriorityDisinherit
                0x0000000000005428       0xc4 /build/qf_apps/qf_ssi_ai_app/GCC_Project/output/tasks.o
                0x0000000000005428                xTaskPriorityDisinherit
 .text.vTaskPriorityDisinheritAfterTimeout
                0x00000000000054ec       0xd8 /build/qf_apps/qf_ssi_ai_app/GCC_Project/output/tasks.o
                0x00000000000054ec                vTaskPriorityDisinheritAfterTimeout
 .text.pvTaskIncrementMutexHeldCount
                0x00000000000055c4       0x18 /build/qf_apps/qf_ssi_ai_app/GCC_Project/output/tasks.o
                0x00000000000055c4                pvTaskIncrementMutexHeldCount
 .text.prvCheckForValidListAndQueue
                0x00000000000055dc       0x58 /build/qf_apps/qf_ssi_ai_app/GCC_Project/output/timers.o
 .text.prvInsertTimerInActiveList
                0x0000000000005634       0x3c /build/qf_apps/qf_ssi_ai_app/GCC_Project/output/timers.o
 .text.xTimerCreateTimerTask
                0x0000000000005670       0x64 /build/qf_apps/qf_ssi_ai_app/GCC_Project/output/timers.o
                0x0000000000005670                xTimerCreateTimerTask
 .text.xTimerCreate
                0x00000000000056d4       0x58 /build/qf_apps/qf_ssi_ai_app/GCC_Project/output/timers.o
                0x00000000000056d4                xTimerCreate
 .text.xTimerGenericCommand
                0x000000000000572c       0x70 /build/qf_apps/qf_ssi_ai_app/GCC_Project/output/timers.o
                0x000000000000572c                xTimerGenericCommand
 .text.prvSwitchTimerLists
                0x000000000000579c       0x90 /build/qf_apps/qf_ssi_ai_app/GCC_Project/output/timers.o
 .text.prvTimerTask
                0x000000000000582c      0x218 /build/qf_apps/qf_ssi_ai_app/GCC_Project/output/timers.o
 .text          0x0000000000005a44      0x960 /build/qf_apps/qf_ssi_ai_app/knowledgepack/sensiml/libsensiml.a(kb.o)
                0x0000000000005a44                ring_buffer_init
                0x0000000000005a68                kb_model_init
                0x0000000000005b14                kb_flush_model_buffer
                0x0000000000005b80                flush_model
                0x0000000000005ba8                kb_data_streaming_reset
                0x0000000000005bd0                kb_reset_model
                0x0000000000005bf8                kb_reset_feature_banks
                0x0000000000005c0c                kb_feature_generation_reset
                0x0000000000005c50                kb_feature_generation_increment
                0x0000000000005c74                kb_recognize
                0x0000000000005ca8                kb_feature_transform
                0x0000000000005cc4                kb_feature_generation
                0x0000000000005cec                kb_data_streaming
                0x0000000000005d0c                kb_segmentation
                0x0000000000005d38                kb_run_model
                0x0000000000005e40                kb_run_model_with_cascade_reset
                0x0000000000005f50                kb_add_segment
                0x0000000000005fa4                kb_run_segment
                0x0000000000006090                kb_run_segment_with_cascade_reset
                0x00000000000061ac                kb_add_last_pattern_to_model
                0x00000000000061c8                kb_add_custom_pattern_to_model
                0x00000000000061dc                kb_score_model
                0x00000000000061e0                kb_retrain_model
                0x00000000000061e4                kb_get_model_header
                0x0000000000006214                kb_get_model_pattern
                0x0000000000006238                kb_get_model_uuid_ptr
                0x0000000000006250                kb_get_feature_vector_size
                0x0000000000006260                kb_get_feature_vector_v2
                0x0000000000006288                kb_get_feature_vector
                0x00000000000062b8                kb_get_segment_length
                0x00000000000062c8                kb_get_segment_data
                0x0000000000006314                kb_set_feature_vector
                0x0000000000006348                kb_recognize_feature_vector
                0x000000000000637c                kb_get_classification_result_info
                0x0000000000006380                sml_get_segment_length
                0x0000000000006394                kb_print_model_score
                0x0000000000006398                kb_get_segment_start
 .text          0x00000000000063a4       0x40 /build/qf_apps/qf_ssi_ai_app/knowledgepack/sensiml/libsensiml.a(sorted_copy.o)
                0x00000000000063a4                sorted_copy
 .text          0x00000000000063e4       0x2c /build/qf_apps/qf_ssi_ai_app/knowledgepack/sensiml/libsensiml.a(sg_windowing.o)
                0x00000000000063e4                tr_windowing
                0x00000000000063f8                tr_windowing_init
 .text          0x0000000000006410     0x13a4 /build/qf_apps/qf_ssi_ai_app/knowledgepack/sensiml/libsensiml.a(pme.o)
                0x0000000000006410                radial_bias_function_unique_category
                0x0000000000006414                radial_bias_function
                0x00000000000064a4                k__nearest_neighbor
                0x00000000000064dc                distance_by_weight
                0x0000000000006594                delete_node
                0x00000000000065b4                sort_by_smallest_distance
                0x00000000000065bc                list_to_sort
                0x00000000000067f0                sort_results_by_distance
                0x0000000000006804                allocate_memory
                0x0000000000006888                pme_init
                0x00000000000068a0                pme_simple_init
                0x00000000000068b8                find_classifier_index
                0x00000000000068fc                pme_add_new_pattern
                0x0000000000006a20                pme_rebalance_patterns
                0x0000000000006be4                pme_print_model_scores
                0x0000000000006d4c                pme_return_pattern
                0x0000000000006da4                pme_flush_model
                0x0000000000006e14                pme_get_number_patterns
                0x0000000000006e64                pme_submit_pattern
                0x000000000000704c                reduce_influence_fields
                0x00000000000070c0                pme_retrieve_results
                0x0000000000007190                pme_simple_submit_pattern
                0x00000000000072cc                pme_simple_submit_pattern_set_result
                0x0000000000007410                pme_learn_pattern
                0x0000000000007714                pme_score_pattern
 .text          0x00000000000077b4      0x2a0 /build/qf_apps/qf_ssi_ai_app/knowledgepack/sensiml/libsensiml.a(kb_pipeline.o)
                0x00000000000077b4                KB_data_streaming_New_rank_0
                0x00000000000077dc                KB_data_segmentation_New_rank_0
                0x0000000000007820                KB_feature_gen_model_New_rank_0
                0x0000000000007a0c                KB_feature_transform_New_rank_0
                0x0000000000007a48                KB_recognize_vector_New_rank_0
 .text          0x0000000000007a54       0x4c /build/qf_apps/qf_ssi_ai_app/knowledgepack/sensiml/libsensiml.a(save_sensor_data.o)
                0x0000000000007a54                saveSensorData
                0x0000000000007a78                saveSenseDataOffset
 .text          0x0000000000007aa0       0x6c /build/qf_apps/qf_ssi_ai_app/knowledgepack/sensiml/libsensiml.a(sortarray.o)
                0x0000000000007aa0                sortarray
 .text          0x0000000000007b0c       0x44 /build/qf_apps/qf_ssi_ai_app/knowledgepack/sensiml/libsensiml.a(dsp_lsup_distance.o)
                0x0000000000007b0c                lsup_distance
 .text          0x0000000000007b50       0x78 /build/qf_apps/qf_ssi_ai_app/knowledgepack/sensiml/libsensiml.a(fg_roc_sigma_crossing_rate.o)
                0x0000000000007b50                fg_roc_sigma_crossing_rate
 .text          0x0000000000007bc8      0x210 /build/qf_apps/qf_ssi_ai_app/knowledgepack/sensiml/libsensiml.a(rb.o)
                0x0000000000007bc8                next_pow_2
                0x0000000000007be4                rb_init
                0x0000000000007bf0                setup_rb
                0x0000000000007bfc                setup_rb_with_data
                0x0000000000007c1c                rb_read
                0x0000000000007c28                rb_read_offset
                0x0000000000007c40                rb_add
                0x0000000000007c64                rb_write
                0x0000000000007c78                get_axis_data
                0x0000000000007c84                rb_reset
                0x0000000000007c90                rb_step_head
                0x0000000000007c9c                rb_valid
                0x0000000000007ca8                rb_lock
                0x0000000000007cb0                rb_unlock
                0x0000000000007cb8                rb_status
                0x0000000000007cbc                write_axis_data
                0x0000000000007cc8                multiply_axis_data
                0x0000000000007ce0                divide_axis_data
                0x0000000000007d04                divide_axis_data_float
                0x0000000000007d2c                multiply_axis_data_float
                0x0000000000007da0                add_axis_data
                0x0000000000007db8                rb_num_items
                0x0000000000007dc8                rb_items
 .text          0x0000000000007dd8       0x50 /build/qf_apps/qf_ssi_ai_app/knowledgepack/sensiml/libsensiml.a(dsp_l1_distance.o)
                0x0000000000007dd8                l1_distance
 .text          0x0000000000007e28       0x10 /build/qf_apps/qf_ssi_ai_app/knowledgepack/sensiml/libsensiml.a(dsp_dtw_distance.o)
                0x0000000000007e28                compute_distance_matrix
                0x0000000000007e2c                compute_warping_distance
                0x0000000000007e30                get_distance_matrix_value
                0x0000000000007e34                get_globdist
 .text          0x0000000000007e38       0x84 /build/qf_apps/qf_ssi_ai_app/knowledgepack/sensiml/libsensiml.a(fg_roc_mean_crossing_rate.o)
                0x0000000000007e38                fg_roc_mean_crossing_rate
 .text          0x0000000000007ebc       0x78 /build/qf_apps/qf_ssi_ai_app/knowledgepack/sensiml/libsensiml.a(fg_stats_pct025.o)
                0x0000000000007ebc                fg_stats_pct025
 .text          0x0000000000007f34       0xd0 /build/qf_apps/qf_ssi_ai_app/knowledgepack/sensiml/libsensiml.a(stats_percentile_presorted.o)
                0x0000000000007f34                stats_percentile_presorted
 .text          0x0000000000008004       0x74 /build/qf_apps/qf_ssi_ai_app/knowledgepack/sensiml/libsensiml.a(fg_energy_total_energy.o)
                0x0000000000008004                fg_energy_total_energy
 .text          0x0000000000008078       0x7c /build/qf_apps/qf_ssi_ai_app/knowledgepack/sensiml/libsensiml.a(fg_roc_second_sigma_crossing_rate.o)
                0x0000000000008078                fg_roc_second_sigma_crossing_rate
 .text          0x00000000000080f4       0x78 /build/qf_apps/qf_ssi_ai_app/knowledgepack/sensiml/libsensiml.a(fg_stats_pct075.o)
                0x00000000000080f4                fg_stats_pct075
 *fill*         0x000000000000816c        0x4 
 .text          0x0000000000008170       0xd0 /build/qf_apps/qf_ssi_ai_app/knowledgepack/sensiml/libsensiml.a(fg_stats_skewness.o)
                0x0000000000008170                fg_stats_skewness
 .text          0x0000000000008240       0x94 /build/qf_apps/qf_ssi_ai_app/knowledgepack/sensiml/libsensiml.a(fg_stats_abs_sum.o)
                0x0000000000008240                fg_stats_abs_sum
 .text          0x00000000000082d4       0x94 /build/qf_apps/qf_ssi_ai_app/knowledgepack/sensiml/libsensiml.a(fg_energy_average_energy.o)
                0x00000000000082d4                fg_energy_average_energy
 .text          0x0000000000008368       0x28 /build/qf_apps/qf_ssi_ai_app/knowledgepack/sensiml/libsensiml.a(utils_tr_sensor.o)
                0x0000000000008368                tr_sensor_sensors
 .text          0x0000000000008390       0x70 /build/qf_apps/qf_ssi_ai_app/knowledgepack/sensiml/libsensiml.a(fg_stats_pct100.o)
                0x0000000000008390                fg_stats_pct100
 .text          0x0000000000008400       0xa0 /build/qf_apps/qf_ssi_ai_app/knowledgepack/sensiml/libsensiml.a(fg_stats_abs_mean.o)
                0x0000000000008400                fg_stats_abs_mean
 .text          0x00000000000084a0       0x68 /build/qf_apps/qf_ssi_ai_app/knowledgepack/sensiml/libsensiml.a(fg_stats_stdev.o)
                0x00000000000084a0                fg_stats_stdev
 .text          0x0000000000008508       0xa4 /build/qf_apps/qf_ssi_ai_app/knowledgepack/sensiml/libsensiml.a(fg_stats_kurtosis.o)
                0x0000000000008508                fg_stats_kurtosis
 *fill*         0x00000000000085ac        0x4 
 .text          0x00000000000085b0       0xe0 /build/qf_apps/qf_ssi_ai_app/knowledgepack/sensiml/libsensiml.a(tr_min_max_scale.o)
                0x00000000000085b0                min_max_scale
 .text          0x0000000000008690       0xb4 /build/qf_apps/qf_ssi_ai_app/knowledgepack/sensiml/libsensiml.a(fg_roc_mean_difference.o)
                0x0000000000008690                fg_roc_mean_difference
 .text          0x0000000000008744      0x168 /build/qf_apps/qf_ssi_ai_app/knowledgepack/sensiml/libsensiml.a(std.o)
                0x0000000000008744                f_std
                0x00000000000087bc                i_std
                0x0000000000008834                kb_std
 .text          0x00000000000088ac       0xb4 /build/qf_apps/qf_ssi_ai_app/knowledgepack/sensiml/libsensiml.a(mean.o)
                0x00000000000088ac                mean
                0x0000000000008918                i_mean
 .text          0x0000000000008960        0xc /build/qf_apps/qf_ssi_ai_app/knowledgepack/sensiml/libsensiml.a(utils_bitwise_abs_val.o)
                0x0000000000008960                bitwise_absolute_value
 .text          0x000000000000896c       0x88 /build/qf_apps/qf_ssi_ai_app/knowledgepack/sensiml/libsensiml.a(fg_stats_iqr.o)
                0x000000000000896c                fg_stats_iqr
 .text          0x00000000000089f4       0x50 /build/qf_apps/qf_ssi_ai_app/knowledgepack/sensiml/libsensiml.a(fg_roc_zero_crossing_rate.o)
                0x00000000000089f4                fg_roc_zero_crossing_rate
 .text          0x0000000000008a44       0x84 /build/qf_apps/qf_ssi_ai_app/knowledgepack/sensiml/libsensiml.a(utils_array_max_uint8.o)
                0x0000000000008a44                array_max_uint8
 .text          0x0000000000008ac8      0x3c8 /build/qf_apps/qf_ssi_ai_app/knowledgepack/sensiml/libsensiml.a(crossing_rate.o)
                0x0000000000008ac8                crossing_rate
                0x0000000000008b78                crossing_rate_over_zero
                0x0000000000008be0                crossing_rate_over_sum
                0x0000000000008c54                number_of_crossings_over_threshold
                0x0000000000008ca8                number_of_positive_crossings_over_threshold
                0x0000000000008d00                number_of_negative_crossings_over_threshold
                0x0000000000008d58                number_of_crossings_over_threshold_regions
                0x0000000000008dd0                number_of_positive_crossings_over_threshold_regions
                0x0000000000008e30                number_of_negative_crossings_over_threshold_regions
 .text          0x0000000000008e90      0x1f0 /build/qf_apps/qf_ssi_ai_app/knowledgepack/sensiml/libsensiml.a(stat_moment.o)
                0x0000000000008e90                f_stat_moment
                0x0000000000008fd4                i_stat_moment
                0x000000000000907c                stat_moment
 .text.modff    0x0000000000009080       0x64 /usr/local/gcc-arm-none-eabi-9-2020-q2-update/bin/../lib/gcc/arm-none-eabi/9.3.1/../../../../arm-none-eabi/lib/thumb/v7e-m+fp/hard/libm.a(lib_a-sf_modf.o)
                0x0000000000009080                modff
 *fill*         0x00000000000090e4        0x4 
 .text.pow      0x00000000000090e8      0x1a4 /usr/local/gcc-arm-none-eabi-9-2020-q2-update/bin/../lib/gcc/arm-none-eabi/9.3.1/../../../../arm-none-eabi/lib/thumb/v7e-m+fp/hard/libm.a(lib_a-w_pow.o)
                0x00000000000090e8                pow
 .text.sqrt     0x000000000000928c       0x74 /usr/local/gcc-arm-none-eabi-9-2020-q2-update/bin/../lib/gcc/arm-none-eabi/9.3.1/../../../../arm-none-eabi/lib/thumb/v7e-m+fp/hard/libm.a(lib_a-w_sqrt.o)
                0x000000000000928c                sqrt
 .text.__ieee754_pow
                0x0000000000009300      0xbb4 /usr/local/gcc-arm-none-eabi-9-2020-q2-update/bin/../lib/gcc/arm-none-eabi/9.3.1/../../../../arm-none-eabi/lib/thumb/v7e-m+fp/hard/libm.a(lib_a-e_pow.o)
                0x0000000000009300                __ieee754_pow
 .text.__ieee754_sqrt
                0x0000000000009eb4      0x188 /usr/local/gcc-arm-none-eabi-9-2020-q2-update/bin/../lib/gcc/arm-none-eabi/9.3.1/../../../../arm-none-eabi/lib/thumb/v7e-m+fp/hard/libm.a(lib_a-e_sqrt.o)
                0x0000000000009eb4                __ieee754_sqrt
 .text.fabs     0x000000000000a03c       0x14 /usr/local/gcc-arm-none-eabi-9-2020-q2-update/bin/../lib/gcc/arm-none-eabi/9.3.1/../../../../arm-none-eabi/lib/thumb/v7e-m+fp/hard/libm.a(lib_a-s_fabs.o)
                0x000000000000a03c                fabs
 .text.finite   0x000000000000a050       0x18 /usr/local/gcc-arm-none-eabi-9-2020-q2-update/bin/../lib/gcc/arm-none-eabi/9.3.1/../../../../arm-none-eabi/lib/thumb/v7e-m+fp/hard/libm.a(lib_a-s_finite.o)
                0x000000000000a050                finite
 .text.nan      0x000000000000a068       0x10 /usr/local/gcc-arm-none-eabi-9-2020-q2-update/bin/../lib/gcc/arm-none-eabi/9.3.1/../../../../arm-none-eabi/lib/thumb/v7e-m+fp/hard/libm.a(lib_a-s_nan.o)
                0x000000000000a068                nan
 .text.rint     0x000000000000a078      0x124 /usr/local/gcc-arm-none-eabi-9-2020-q2-update/bin/../lib/gcc/arm-none-eabi/9.3.1/../../../../arm-none-eabi/lib/thumb/v7e-m+fp/hard/libm.a(lib_a-s_rint.o)
                0x000000000000a078                rint
 *fill*         0x000000000000a19c        0x4 
 .text.scalbn   0x000000000000a1a0      0x124 /usr/local/gcc-arm-none-eabi-9-2020-q2-update/bin/../lib/gcc/arm-none-eabi/9.3.1/../../../../arm-none-eabi/lib/thumb/v7e-m+fp/hard/libm.a(lib_a-s_scalbn.o)
                0x000000000000a1a0                scalbn
 .text          0x000000000000a2c4      0x378 /usr/local/gcc-arm-none-eabi-9-2020-q2-update/bin/../lib/gcc/arm-none-eabi/9.3.1/thumb/v7e-m+fp/hard/libgcc.a(_arm_addsubdf3.o)
                0x000000000000a2c4                __aeabi_drsub
                0x000000000000a2cc                __aeabi_dsub
                0x000000000000a2cc                __subdf3
                0x000000000000a2d0                __adddf3
                0x000000000000a2d0                __aeabi_dadd
                0x000000000000a548                __aeabi_ui2d
                0x000000000000a548                __floatunsidf
                0x000000000000a568                __floatsidf
                0x000000000000a568                __aeabi_i2d
                0x000000000000a58c                __extendsfdf2
                0x000000000000a58c                __aeabi_f2d
                0x000000000000a5d0                __aeabi_ul2d
                0x000000000000a5d0                __floatundidf
                0x000000000000a5e0                __floatdidf
                0x000000000000a5e0                __aeabi_l2d
 .text          0x000000000000a63c      0x424 /usr/local/gcc-arm-none-eabi-9-2020-q2-update/bin/../lib/gcc/arm-none-eabi/9.3.1/thumb/v7e-m+fp/hard/libgcc.a(_arm_muldivdf3.o)
                0x000000000000a63c                __aeabi_dmul
                0x000000000000a63c                __muldf3
                0x000000000000a890                __aeabi_ddiv
                0x000000000000a890                __divdf3
 .text          0x000000000000aa60      0x110 /usr/local/gcc-arm-none-eabi-9-2020-q2-update/bin/../lib/gcc/arm-none-eabi/9.3.1/thumb/v7e-m+fp/hard/libgcc.a(_arm_cmpdf2.o)
                0x000000000000aa60                __gtdf2
                0x000000000000aa60                __gedf2
                0x000000000000aa68                __ltdf2
                0x000000000000aa68                __ledf2
                0x000000000000aa70                __cmpdf2
                0x000000000000aa70                __eqdf2
                0x000000000000aa70                __nedf2
                0x000000000000aaec                __aeabi_cdrcmple
                0x000000000000aafc                __aeabi_cdcmple
                0x000000000000aafc                __aeabi_cdcmpeq
                0x000000000000ab0c                __aeabi_dcmpeq
                0x000000000000ab20                __aeabi_dcmplt
                0x000000000000ab34                __aeabi_dcmple
                0x000000000000ab48                __aeabi_dcmpge
                0x000000000000ab5c                __aeabi_dcmpgt
 .text          0x000000000000ab70       0x2c /usr/local/gcc-arm-none-eabi-9-2020-q2-update/bin/../lib/gcc/arm-none-eabi/9.3.1/thumb/v7e-m+fp/hard/libgcc.a(_arm_unorddf2.o)
                0x000000000000ab70                __aeabi_dcmpun
                0x000000000000ab70                __unorddf2
 .text          0x000000000000ab9c       0x50 /usr/local/gcc-arm-none-eabi-9-2020-q2-update/bin/../lib/gcc/arm-none-eabi/9.3.1/thumb/v7e-m+fp/hard/libgcc.a(_arm_fixdfsi.o)
                0x000000000000ab9c                __fixdfsi
                0x000000000000ab9c                __aeabi_d2iz
 .text          0x000000000000abec       0xa0 /usr/local/gcc-arm-none-eabi-9-2020-q2-update/bin/../lib/gcc/arm-none-eabi/9.3.1/thumb/v7e-m+fp/hard/libgcc.a(_arm_truncdfsf2.o)
                0x000000000000abec                __aeabi_d2f
                0x000000000000abec                __truncdfsf2
 .text          0x000000000000ac8c      0x21c /usr/local/gcc-arm-none-eabi-9-2020-q2-update/bin/../lib/gcc/arm-none-eabi/9.3.1/thumb/v7e-m+fp/hard/libgcc.a(_arm_addsubsf3.o)
                0x000000000000ac8c                __aeabi_frsub
                0x000000000000ac94                __subsf3
                0x000000000000ac94                __aeabi_fsub
                0x000000000000ac98                __aeabi_fadd
                0x000000000000ac98                __addsf3
                0x000000000000adf8                __aeabi_ui2f
                0x000000000000adf8                __floatunsisf
                0x000000000000ae00                __aeabi_i2f
                0x000000000000ae00                __floatsisf
                0x000000000000ae1c                __floatundisf
                0x000000000000ae1c                __aeabi_ul2f
                0x000000000000ae2c                __floatdisf
                0x000000000000ae2c                __aeabi_l2f
 .text          0x000000000000aea8       0xa0 /usr/local/gcc-arm-none-eabi-9-2020-q2-update/bin/../lib/gcc/arm-none-eabi/9.3.1/thumb/v7e-m+fp/hard/libgcc.a(_aeabi_ldivmod.o)
                0x000000000000aea8                __aeabi_ldivmod
 .text          0x000000000000af48       0x30 /usr/local/gcc-arm-none-eabi-9-2020-q2-update/bin/../lib/gcc/arm-none-eabi/9.3.1/thumb/v7e-m+fp/hard/libgcc.a(_aeabi_uldivmod.o)
                0x000000000000af48                __aeabi_uldivmod
 .text          0x000000000000af78      0x2c4 /usr/local/gcc-arm-none-eabi-9-2020-q2-update/bin/../lib/gcc/arm-none-eabi/9.3.1/thumb/v7e-m+fp/hard/libgcc.a(_udivmoddi4.o)
                0x000000000000af78                __udivmoddi4
 .text          0x000000000000b23c        0x4 /usr/local/gcc-arm-none-eabi-9-2020-q2-update/bin/../lib/gcc/arm-none-eabi/9.3.1/thumb/v7e-m+fp/hard/libgcc.a(_dvmd_tls.o)
                0x000000000000b23c                __aeabi_ldiv0
                0x000000000000b23c                __aeabi_idiv0
 .text.abs      0x000000000000b240        0x8 /usr/local/gcc-arm-none-eabi-9-2020-q2-update/bin/../lib/gcc/arm-none-eabi/9.3.1/../../../../arm-none-eabi/lib/thumb/v7e-m+fp/hard/libg_nano.a(lib_a-abs.o)
                0x000000000000b240                abs
 .text.__errno  0x000000000000b248        0xc /usr/local/gcc-arm-none-eabi-9-2020-q2-update/bin/../lib/gcc/arm-none-eabi/9.3.1/../../../../arm-none-eabi/lib/thumb/v7e-m+fp/hard/libg_nano.a(lib_a-errno.o)
                0x000000000000b248                __errno
 .text.exit     0x000000000000b254       0x28 /usr/local/gcc-arm-none-eabi-9-2020-q2-update/bin/../lib/gcc/arm-none-eabi/9.3.1/../../../../arm-none-eabi/lib/thumb/v7e-m+fp/hard/libg_nano.a(lib_a-exit.o)
                0x000000000000b254                exit
 .text.__libc_init_array
                0x000000000000b27c       0x48 /usr/local/gcc-arm-none-eabi-9-2020-q2-update/bin/../lib/gcc/arm-none-eabi/9.3.1/../../../../arm-none-eabi/lib/thumb/v7e-m+fp/hard/libg_nano.a(lib_a-init.o)
                0x000000000000b27c                __libc_init_array
 .text.memcpy   0x000000000000b2c4       0x1c /usr/local/gcc-arm-none-eabi-9-2020-q2-update/bin/../lib/gcc/arm-none-eabi/9.3.1/../../../../arm-none-eabi/lib/thumb/v7e-m+fp/hard/libg_nano.a(lib_a-memcpy-stub.o)
                0x000000000000b2c4                memcpy
 .text.memset   0x000000000000b2e0       0x10 /usr/local/gcc-arm-none-eabi-9-2020-q2-update/bin/../lib/gcc/arm-none-eabi/9.3.1/../../../../arm-none-eabi/lib/thumb/v7e-m+fp/hard/libg_nano.a(lib_a-memset.o)
                0x000000000000b2e0                memset
 .text._free_r  0x000000000000b2f0       0xa0 /usr/local/gcc-arm-none-eabi-9-2020-q2-update/bin/../lib/gcc/arm-none-eabi/9.3.1/../../../../arm-none-eabi/lib/thumb/v7e-m+fp/hard/libg_nano.a(lib_a-nano-freer.o)
                0x000000000000b2f0                _free_r
 .text._malloc_r
                0x000000000000b390       0xb4 /usr/local/gcc-arm-none-eabi-9-2020-q2-update/bin/../lib/gcc/arm-none-eabi/9.3.1/../../../../arm-none-eabi/lib/thumb/v7e-m+fp/hard/libg_nano.a(lib_a-nano-mallocr.o)
                0x000000000000b390                _malloc_r
 .text.printf   0x000000000000b444       0x30 /usr/local/gcc-arm-none-eabi-9-2020-q2-update/bin/../lib/gcc/arm-none-eabi/9.3.1/../../../../arm-none-eabi/lib/thumb/v7e-m+fp/hard/libg_nano.a(lib_a-printf.o)
                0x000000000000b444                printf
                0x000000000000b444                iprintf
 .text._puts_r  0x000000000000b474       0xdc /usr/local/gcc-arm-none-eabi-9-2020-q2-update/bin/../lib/gcc/arm-none-eabi/9.3.1/../../../../arm-none-eabi/lib/thumb/v7e-m+fp/hard/libg_nano.a(lib_a-puts.o)
                0x000000000000b474                _puts_r
 .text.puts     0x000000000000b550       0x10 /usr/local/gcc-arm-none-eabi-9-2020-q2-update/bin/../lib/gcc/arm-none-eabi/9.3.1/../../../../arm-none-eabi/lib/thumb/v7e-m+fp/hard/libg_nano.a(lib_a-puts.o)
                0x000000000000b550                puts
 .text._sbrk_r  0x000000000000b560       0x20 /usr/local/gcc-arm-none-eabi-9-2020-q2-update/bin/../lib/gcc/arm-none-eabi/9.3.1/../../../../arm-none-eabi/lib/thumb/v7e-m+fp/hard/libg_nano.a(lib_a-sbrkr.o)
                0x000000000000b560                _sbrk_r
 .text.snprintf
                0x000000000000b580       0x68 /usr/local/gcc-arm-none-eabi-9-2020-q2-update/bin/../lib/gcc/arm-none-eabi/9.3.1/../../../../arm-none-eabi/lib/thumb/v7e-m+fp/hard/libg_nano.a(lib_a-snprintf.o)
                0x000000000000b580                snprintf
                0x000000000000b580                sniprintf
 .text.sprintf  0x000000000000b5e8       0x40 /usr/local/gcc-arm-none-eabi-9-2020-q2-update/bin/../lib/gcc/arm-none-eabi/9.3.1/../../../../arm-none-eabi/lib/thumb/v7e-m+fp/hard/libg_nano.a(lib_a-sprintf.o)
                0x000000000000b5e8                sprintf
                0x000000000000b5e8                siprintf
 .text.strchr   0x000000000000b628       0x1a /usr/local/gcc-arm-none-eabi-9-2020-q2-update/bin/../lib/gcc/arm-none-eabi/9.3.1/../../../../arm-none-eabi/lib/thumb/v7e-m+fp/hard/libg_nano.a(lib_a-strchr.o)
                0x000000000000b628                strchr
 .text.strcpy   0x000000000000b642       0x10 /usr/local/gcc-arm-none-eabi-9-2020-q2-update/bin/../lib/gcc/arm-none-eabi/9.3.1/../../../../arm-none-eabi/lib/thumb/v7e-m+fp/hard/libg_nano.a(lib_a-strcpy.o)
                0x000000000000b642                strcpy
 .text          0x000000000000b652       0x10 /usr/local/gcc-arm-none-eabi-9-2020-q2-update/bin/../lib/gcc/arm-none-eabi/9.3.1/../../../../arm-none-eabi/lib/thumb/v7e-m+fp/hard/libg_nano.a(lib_a-strlen.o)
                0x000000000000b652                strlen
 .text.strncpy  0x000000000000b662       0x26 /usr/local/gcc-arm-none-eabi-9-2020-q2-update/bin/../lib/gcc/arm-none-eabi/9.3.1/../../../../arm-none-eabi/lib/thumb/v7e-m+fp/hard/libg_nano.a(lib_a-strncpy.o)
                0x000000000000b662                strncpy
 .text.strrchr  0x000000000000b688       0x28 /usr/local/gcc-arm-none-eabi-9-2020-q2-update/bin/../lib/gcc/arm-none-eabi/9.3.1/../../../../arm-none-eabi/lib/thumb/v7e-m+fp/hard/libg_nano.a(lib_a-strrchr.o)
                0x000000000000b688                strrchr
 .text.__swbuf_r
                0x000000000000b6b0       0xa4 /usr/local/gcc-arm-none-eabi-9-2020-q2-update/bin/../lib/gcc/arm-none-eabi/9.3.1/../../../../arm-none-eabi/lib/thumb/v7e-m+fp/hard/libg_nano.a(lib_a-wbuf.o)
                0x000000000000b6b0                __swbuf_r
 .text.__swsetup_r